<?xml version="1.0" encoding="utf-8"?>
<TestRun id="bfeaf9cd-e8e3-4ecf-98fd-31c13185de8e" name="brian@BRIAN 2026-04-30 11:07:45" runUser="BRIAN\brian" xmlns="http://microsoft.com/schemas/VisualStudio/TeamTest/2010">
  <Times creation="2026-04-30T11:07:45.0488744-04:00" queuing="2026-04-30T11:07:45.0488750-04:00" start="2026-04-30T11:07:44.3713887-04:00" finish="2026-04-30T11:07:45.1799701-04:00" />
  <TestSettings name="default" id="fd8a444f-6611-437b-b4c8-4ded4be3dccc">
    <Deployment runDeploymentRoot="brian_BRIAN_2026-04-30_11_07_45" />
  </TestSettings>
  <Results>
    <UnitTestResult executionId="c0b53ee3-8977-4505-8c3c-39007525e427" testId="38742b76-5145-41c4-946f-5a2aa209a875" testName="test_combat_fixture_package_validates_required_t1_rows" computerName="BRIAN" duration="00:00:00.0051190" startTime="2026-04-30T11:07:45.1004012-04:00" endTime="2026-04-30T11:07:45.1055191-04:00" testType="13cdc9d9-ddb5-4fa4-a97d-d965ccfc6d4b" outcome="Passed" testListId="8c84fa94-04c1-424b-9868-57a2d4851a1d" relativeResultsDirectory="c0b53ee3-8977-4505-8c3c-39007525e427" />
    <UnitTestResult executionId="8e06d591-3174-4bc2-9310-68aaf74bf8b9" testId="0fd97fbd-f6f7-6b36-7e79-decbebde8209" testName="test_forced_off_conditions_turn_attack_off_and_emit_hud_safe_signal(ZoneTransition)" computerName="BRIAN" duration="00:00:00.0000110" startTime="2026-04-30T11:07:44.9823050-04:00" endTime="2026-04-30T11:07:44.9823159-04:00" testType="13cdc9d9-ddb5-4fa4-a97d-d965ccfc6d4b" outcome="Passed" testListId="8c84fa94-04c1-424b-9868-57a2d4851a1d" relativeResultsDirectory="8e06d591-3174-4bc2-9310-68aaf74bf8b9" />
    <UnitTestResult executionId="5fa4cfce-6bce-4607-9109-fa0e1e5872ed" testId="31dd81de-6124-96ae-941c-8106255da461" testName="test_passive_combat_paths_do_not_enable_attack(SpellPull)" computerName="BRIAN" duration="00:00:00.0000020" startTime="2026-04-30T11:07:44.9832201-04:00" endTime="2026-04-30T11:07:44.9832226-04:00" testType="13cdc9d9-ddb5-4fa4-a97d-d965ccfc6d4b" outcome="Passed" testListId="8c84fa94-04c1-424b-9868-57a2d4851a1d" relativeResultsDirectory="5fa4cfce-6bce-4607-9109-fa0e1e5872ed" />
    <UnitTestResult executionId="b576fc53-2f9b-427c-997a-c9b58fac647a" testId="30528113-4581-3233-1730-257d26eb61e8" testName="test_cast_completion_spends_mana_and_enters_recovery" computerName="BRIAN" duration="00:00:00.0034460" startTime="2026-04-30T11:07:45.0706107-04:00" endTime="2026-04-30T11:07:45.0740561-04:00" testType="13cdc9d9-ddb5-4fa4-a97d-d965ccfc6d4b" outcome="Passed" testListId="8c84fa94-04c1-424b-9868-57a2d4851a1d" relativeResultsDirectory="b576fc53-2f9b-427c-997a-c9b58fac647a" />
    <UnitTestResult executionId="932e1fac-a90b-428f-90ba-f65b11bdaa7c" testId="3db8fcda-c6b4-81b1-6f22-2b5a6cbf12d4" testName="test_passive_combat_paths_do_not_enable_attack(TargetSelection)" computerName="BRIAN" duration="00:00:00.0005880" startTime="2026-04-30T11:07:44.9823741-04:00" endTime="2026-04-30T11:07:44.9829621-04:00" testType="13cdc9d9-ddb5-4fa4-a97d-d965ccfc6d4b" outcome="Passed" testListId="8c84fa94-04c1-424b-9868-57a2d4851a1d" relativeResultsDirectory="932e1fac-a90b-428f-90ba-f65b11bdaa7c" />
    <UnitTestResult executionId="40aa46fe-6a93-41dc-839c-b56ba6e7d256" testId="2b048ff7-b91b-9cc4-1df8-e1250284fefb" testName="test_out_of_range_swing_skips_damage_and_schedules_only_next_weapon_delay" computerName="BRIAN" duration="00:00:00.0012040" startTime="2026-04-30T11:07:45.0683851-04:00" endTime="2026-04-30T11:07:45.0695887-04:00" testType="13cdc9d9-ddb5-4fa4-a97d-d965ccfc6d4b" outcome="Passed" testListId="8c84fa94-04c1-424b-9868-57a2d4851a1d" relativeResultsDirectory="40aa46fe-6a93-41dc-839c-b56ba6e7d256" />
    <UnitTestResult executionId="f4bf4412-f07c-4c99-8372-cd9696700bde" testId="200e58b1-bdbe-12db-780e-939900502b83" testName="test_successful_sit_forces_attack_off_before_later_regen_or_threat_updates" computerName="BRIAN" duration="00:00:00.0001820" startTime="2026-04-30T11:07:44.9843498-04:00" endTime="2026-04-30T11:07:44.9845322-04:00" testType="13cdc9d9-ddb5-4fa4-a97d-d965ccfc6d4b" outcome="Passed" testListId="8c84fa94-04c1-424b-9868-57a2d4851a1d" relativeResultsDirectory="f4bf4412-f07c-4c99-8372-cd9696700bde" />
    <UnitTestResult executionId="147faf22-f31c-4879-a82f-dbf981e974f2" testId="09b07e53-993b-b255-9c37-85cc605e7693" testName="test_city_zone_gate_blocks_damage_on_each_eligible_tick" computerName="BRIAN" duration="00:00:00.0031319" startTime="2026-04-30T11:07:45.0587208-04:00" endTime="2026-04-30T11:07:45.0618519-04:00" testType="13cdc9d9-ddb5-4fa4-a97d-d965ccfc6d4b" outcome="Passed" testListId="8c84fa94-04c1-424b-9868-57a2d4851a1d" relativeResultsDirectory="147faf22-f31c-4879-a82f-dbf981e974f2" />
    <UnitTestResult executionId="e66af5d8-1229-47d9-9642-aa1bda32f20e" testId="dbb1fc28-d235-c7de-149d-f3820c8f4616" testName="test_same_tick_death_priority_discards_scheduled_swing_before_random_roll" computerName="BRIAN" duration="00:00:00.0002300" startTime="2026-04-30T11:07:45.0702145-04:00" endTime="2026-04-30T11:07:45.0704446-04:00" testType="13cdc9d9-ddb5-4fa4-a97d-d965ccfc6d4b" outcome="Passed" testListId="8c84fa94-04c1-424b-9868-57a2d4851a1d" relativeResultsDirectory="e66af5d8-1229-47d9-9642-aa1bda32f20e" />
    <UnitTestResult executionId="f1e8820d-ee1f-4501-bce0-3a1cff69d50f" testId="0ec27a4d-7366-16e3-5f56-78d5b8174932" testName="test_passive_combat_paths_do_not_enable_attack(BodyPull)" computerName="BRIAN" duration="00:00:00.0000070" startTime="2026-04-30T11:07:44.9832012-04:00" endTime="2026-04-30T11:07:44.9832082-04:00" testType="13cdc9d9-ddb5-4fa4-a97d-d965ccfc6d4b" outcome="Passed" testListId="8c84fa94-04c1-424b-9868-57a2d4851a1d" relativeResultsDirectory="f1e8820d-ee1f-4501-bce0-3a1cff69d50f" />
    <UnitTestResult executionId="54f5cb3b-1145-479c-b89b-c7b3e1437deb" testId="7a68451b-e96f-6a9b-9ff3-fab2daa6a8bb" testName="test_interrupt_formula_matches_combat_core_worked_example" computerName="BRIAN" duration="00:00:00.0000730" startTime="2026-04-30T11:07:45.0963049-04:00" endTime="2026-04-30T11:07:45.0963780-04:00" testType="13cdc9d9-ddb5-4fa4-a97d-d965ccfc6d4b" outcome="Passed" testListId="8c84fa94-04c1-424b-9868-57a2d4851a1d" relativeResultsDirectory="54f5cb3b-1145-479c-b89b-c7b3e1437deb" />
    <UnitTestResult executionId="205c02f3-4b61-4ce2-b6ab-cdf89c622b5b" testId="07b3e8a3-fa79-9867-6c2d-09f8c62b4af9" testName="test_path_failure_enters_leashing_after_grace_and_requests_return_to_anchor" computerName="BRIAN" duration="00:00:00.0010790" startTime="2026-04-30T11:07:45.0897623-04:00" endTime="2026-04-30T11:07:45.0908411-04:00" testType="13cdc9d9-ddb5-4fa4-a97d-d965ccfc6d4b" outcome="Passed" testListId="8c84fa94-04c1-424b-9868-57a2d4851a1d" relativeResultsDirectory="205c02f3-4b61-4ce2-b6ab-cdf89c622b5b" />
    <UnitTestResult executionId="94ae93aa-514a-4a3e-8cbf-2ed3c3aaab12" testId="8f874cde-082c-7895-5ff6-5c9a8b22eaec" testName="test_combat_actor_hydration_rejects_dead_current_health_without_death_handoff" computerName="BRIAN" duration="00:00:00.0024740" startTime="2026-04-30T11:07:44.9746896-04:00" endTime="2026-04-30T11:07:44.9771641-04:00" testType="13cdc9d9-ddb5-4fa4-a97d-d965ccfc6d4b" outcome="Passed" testListId="8c84fa94-04c1-424b-9868-57a2d4851a1d" relativeResultsDirectory="94ae93aa-514a-4a3e-8cbf-2ed3c3aaab12" />
    <UnitTestResult executionId="1a2c9a74-e2f4-4879-9c4c-f4c455feba01" testId="987ab916-60fd-22f3-5057-0ccd73c9d3b6" testName="test_eligible_weapon_tick_revalidates_range_facing_los_and_alive_state(&quot;same tick death&quot;,1.5d,0.0d,False,True,TargetAlreadyDead)" computerName="BRIAN" duration="00:00:00.0000400" startTime="2026-04-30T11:07:45.0642021-04:00" endTime="2026-04-30T11:07:45.0642420-04:00" testType="13cdc9d9-ddb5-4fa4-a97d-d965ccfc6d4b" outcome="Passed" testListId="8c84fa94-04c1-424b-9868-57a2d4851a1d" relativeResultsDirectory="1a2c9a74-e2f4-4879-9c4c-f4c455feba01" />
    <UnitTestResult executionId="95e6ddec-2be1-4cf3-a5a9-a7c1ad2cf990" testId="2110dbca-f3ef-dc2c-8c82-2d0dd5997da9" testName="test_combat_clock_reset_returns_known_tick" computerName="BRIAN" duration="00:00:00.0001120" startTime="2026-04-30T11:07:45.0970005-04:00" endTime="2026-04-30T11:07:45.0971126-04:00" testType="13cdc9d9-ddb5-4fa4-a97d-d965ccfc6d4b" outcome="Passed" testListId="8c84fa94-04c1-424b-9868-57a2d4851a1d" relativeResultsDirectory="95e6ddec-2be1-4cf3-a5a9-a7c1ad2cf990" />
    <UnitTestResult executionId="e55245a4-e2ab-4ca4-8849-0c388f55cbee" testId="43c755cb-28bd-db4d-1012-f36a8b40cc25" testName="test_melee_damage_successful_hit_never_drops_below_minimum_damage" computerName="BRIAN" duration="00:00:00.0000480" startTime="2026-04-30T11:07:45.1073637-04:00" endTime="2026-04-30T11:07:45.1074118-04:00" testType="13cdc9d9-ddb5-4fa4-a97d-d965ccfc6d4b" outcome="Passed" testListId="8c84fa94-04c1-424b-9868-57a2d4851a1d" relativeResultsDirectory="e55245a4-e2ab-4ca4-8849-0c388f55cbee" />
    <UnitTestResult executionId="4488aadd-5a3f-46c6-9aaf-46a5cbca0170" testId="a3feacce-9d27-6f92-1f81-e196edaf7e5f" testName="test_combat_clock_advance_ticks_uses_fixed_duration" computerName="BRIAN" duration="00:00:00.0000820" startTime="2026-04-30T11:07:45.0967545-04:00" endTime="2026-04-30T11:07:45.0968364-04:00" testType="13cdc9d9-ddb5-4fa4-a97d-d965ccfc6d4b" outcome="Passed" testListId="8c84fa94-04c1-424b-9868-57a2d4851a1d" relativeResultsDirectory="4488aadd-5a3f-46c6-9aaf-46a5cbca0170" />
    <UnitTestResult executionId="257cac7b-90b3-4bb5-b366-3eed581c5e3e" testId="e4d26672-bbc8-fbed-42f5-2935da89aaad" testName="test_forced_off_conditions_turn_attack_off_and_emit_hud_safe_signal(CombatExit)" computerName="BRIAN" duration="00:00:00.0000220" startTime="2026-04-30T11:07:44.9822649-04:00" endTime="2026-04-30T11:07:44.9822869-04:00" testType="13cdc9d9-ddb5-4fa4-a97d-d965ccfc6d4b" outcome="Passed" testListId="8c84fa94-04c1-424b-9868-57a2d4851a1d" relativeResultsDirectory="257cac7b-90b3-4bb5-b366-3eed581c5e3e" />
    <UnitTestResult executionId="9a4b4219-8a5e-4d79-ac1c-68f139ae6e0f" testId="9be322f5-38a0-317f-7771-9630c616ac33" testName="test_lifecycle_payloads_include_ids_targets_and_combat_ticks" computerName="BRIAN" duration="00:00:00.0021200" startTime="2026-04-30T11:07:45.0758898-04:00" endTime="2026-04-30T11:07:45.0780096-04:00" testType="13cdc9d9-ddb5-4fa4-a97d-d965ccfc6d4b" outcome="Passed" testListId="8c84fa94-04c1-424b-9868-57a2d4851a1d" relativeResultsDirectory="9a4b4219-8a5e-4d79-ac1c-68f139ae6e0f" />
    <UnitTestResult executionId="1ddbb6ed-ceaa-49f5-b80b-4912afb2075a" testId="806434a1-b6bb-8628-2e8e-893c6a0ead81" testName="test_melee_damage_design_example_returns_nine_damage" computerName="BRIAN" duration="00:00:00.0001830" startTime="2026-04-30T11:07:45.1071687-04:00" endTime="2026-04-30T11:07:45.1073513-04:00" testType="13cdc9d9-ddb5-4fa4-a97d-d965ccfc6d4b" outcome="Passed" testListId="8c84fa94-04c1-424b-9868-57a2d4851a1d" relativeResultsDirectory="1ddbb6ed-ceaa-49f5-b80b-4912afb2075a" />
    <UnitTestResult executionId="cc30c696-5461-40b6-bd1e-f25e7506fffb" testId="06c39495-a345-6c2f-adc5-af2e65ea0594" testName="test_social_assist_pulses_are_bounded_and_join_once_per_pull_episode" computerName="BRIAN" duration="00:00:00.0007950" startTime="2026-04-30T11:07:45.0926963-04:00" endTime="2026-04-30T11:07:45.0934907-04:00" testType="13cdc9d9-ddb5-4fa4-a97d-d965ccfc6d4b" outcome="Passed" testListId="8c84fa94-04c1-424b-9868-57a2d4851a1d" relativeResultsDirectory="cc30c696-5461-40b6-bd1e-f25e7506fffb" />
    <UnitTestResult executionId="dcf0f099-e30f-44a6-a2e5-724aba37415e" testId="20b6918d-1a40-3669-7480-f4692fd34d7a" testName="test_fixed_tick_melee_resolution_at_fifty_hz_is_frame_rate_independent" computerName="BRIAN" duration="00:00:00.0040890" startTime="2026-04-30T11:07:45.0642663-04:00" endTime="2026-04-30T11:07:45.0683551-04:00" testType="13cdc9d9-ddb5-4fa4-a97d-d965ccfc6d4b" outcome="Passed" testListId="8c84fa94-04c1-424b-9868-57a2d4851a1d" relativeResultsDirectory="dcf0f099-e30f-44a6-a2e5-724aba37415e" />
    <UnitTestResult executionId="ce55180c-ec44-4f52-8a6f-ee7e88b03002" testId="f0d5177a-e97c-d50d-f458-8f7bac4f52bc" testName="test_target_selection_filters_dead_out_of_radius_blocked_los_and_orders_deterministically" computerName="BRIAN" duration="00:00:00.0002960" startTime="2026-04-30T11:07:45.0934987-04:00" endTime="2026-04-30T11:07:45.0937944-04:00" testType="13cdc9d9-ddb5-4fa4-a97d-d965ccfc6d4b" outcome="Passed" testListId="8c84fa94-04c1-424b-9868-57a2d4851a1d" relativeResultsDirectory="ce55180c-ec44-4f52-8a6f-ee7e88b03002" />
    <UnitTestResult executionId="65052269-b90e-49ec-8f7e-2d32149c6f61" testId="ea5b3a0a-b5a5-7379-64fa-6706fbddd192" testName="test_player_toggle_on_with_valid_hostile_target_turns_attack_on_and_schedules_weapon_tick" computerName="BRIAN" duration="00:00:00.0009100" startTime="2026-04-30T11:07:44.9834092-04:00" endTime="2026-04-30T11:07:44.9843190-04:00" testType="13cdc9d9-ddb5-4fa4-a97d-d965ccfc6d4b" outcome="Passed" testListId="8c84fa94-04c1-424b-9868-57a2d4851a1d" relativeResultsDirectory="65052269-b90e-49ec-8f7e-2d32149c6f61" />
    <UnitTestResult executionId="3a866d59-cbb8-4d37-94f5-f5a0ef45194f" testId="f49cc549-0bac-129f-417a-aec8c8013619" testName="test_interrupt_formula_clamps_to_injected_bounds(1,1000,0.0d,4.0d,0.05d)" computerName="BRIAN" duration="00:00:00.0003379" startTime="2026-04-30T11:07:45.0959409-04:00" endTime="2026-04-30T11:07:45.0962789-04:00" testType="13cdc9d9-ddb5-4fa4-a97d-d965ccfc6d4b" outcome="Passed" testListId="8c84fa94-04c1-424b-9868-57a2d4851a1d" relativeResultsDirectory="3a866d59-cbb8-4d37-94f5-f5a0ef45194f" />
    <UnitTestResult executionId="6696f0b9-3b12-49f1-b861-192a237e6570" testId="e1016321-1c99-22e2-cd49-121aeafc90a6" testName="test_player_toggle_off_is_an_approved_command_path_and_emits_hud_safe_off_signal" computerName="BRIAN" duration="00:00:00.0001570" startTime="2026-04-30T11:07:44.9832410-04:00" endTime="2026-04-30T11:07:44.9833980-04:00" testType="13cdc9d9-ddb5-4fa4-a97d-d965ccfc6d4b" outcome="Passed" testListId="8c84fa94-04c1-424b-9868-57a2d4851a1d" relativeResultsDirectory="6696f0b9-3b12-49f1-b861-192a237e6570" />
    <UnitTestResult executionId="9a46b564-fb2e-49a5-a60b-c67e83d584fc" testId="9a93491d-56b0-146c-3bd6-95e62dc7f955" testName="test_same_tick_completion_resolves_before_new_interrupt_check" computerName="BRIAN" duration="00:00:00.0002750" startTime="2026-04-30T11:07:45.0784408-04:00" endTime="2026-04-30T11:07:45.0787153-04:00" testType="13cdc9d9-ddb5-4fa4-a97d-d965ccfc6d4b" outcome="Passed" testListId="8c84fa94-04c1-424b-9868-57a2d4851a1d" relativeResultsDirectory="9a46b564-fb2e-49a5-a60b-c67e83d584fc" />
    <UnitTestResult executionId="3ffd15a8-e8fe-4932-a5ac-2ec18f866e3c" testId="2f23a5a2-5506-12da-46f3-d78e76fe496a" testName="test_passive_combat_paths_do_not_enable_attack(SocialAssist)" computerName="BRIAN" duration="00:00:00.0000080" startTime="2026-04-30T11:07:44.9832097-04:00" endTime="2026-04-30T11:07:44.9832180-04:00" testType="13cdc9d9-ddb5-4fa4-a97d-d965ccfc6d4b" outcome="Passed" testListId="8c84fa94-04c1-424b-9868-57a2d4851a1d" relativeResultsDirectory="3ffd15a8-e8fe-4932-a5ac-2ec18f866e3c" />
    <UnitTestResult executionId="4ef58ecd-c2e0-4b21-b966-06d3691cf860" testId="741b39a7-a224-087a-4da7-d30dea041ad0" testName="test_haunt_zone_gate_enables_claim_targeting_and_pull" computerName="BRIAN" duration="00:00:00.0006630" startTime="2026-04-30T11:07:45.0875928-04:00" endTime="2026-04-30T11:07:45.0882554-04:00" testType="13cdc9d9-ddb5-4fa4-a97d-d965ccfc6d4b" outcome="Passed" testListId="8c84fa94-04c1-424b-9868-57a2d4851a1d" relativeResultsDirectory="4ef58ecd-c2e0-4b21-b966-06d3691cf860" />
    <UnitTestResult executionId="9ead8e9c-d769-4d58-a783-cbc7a543e2ee" testId="654cd8b7-1699-dc3f-0011-40dd09624b1b" testName="test_zero_and_blocked_damage_do_not_roll_interrupt" computerName="BRIAN" duration="00:00:00.0002360" startTime="2026-04-30T11:07:45.0794674-04:00" endTime="2026-04-30T11:07:45.0797033-04:00" testType="13cdc9d9-ddb5-4fa4-a97d-d965ccfc6d4b" outcome="Passed" testListId="8c84fa94-04c1-424b-9868-57a2d4851a1d" relativeResultsDirectory="9ead8e9c-d769-4d58-a783-cbc7a543e2ee" />
    <UnitTestResult executionId="7f49e8c3-959a-4c01-aa32-6d15c2d160ae" testId="ca3de4af-a428-ab10-8245-726ed4f5d8d7" testName="test_forced_off_conditions_turn_attack_off_and_emit_hud_safe_signal(PlayerDeath)" computerName="BRIAN" duration="00:00:00.0000140" startTime="2026-04-30T11:07:44.9822892-04:00" endTime="2026-04-30T11:07:44.9823032-04:00" testType="13cdc9d9-ddb5-4fa4-a97d-d965ccfc6d4b" outcome="Passed" testListId="8c84fa94-04c1-424b-9868-57a2d4851a1d" relativeResultsDirectory="7f49e8c3-959a-4c01-aa32-6d15c2d160ae" />
    <UnitTestResult executionId="76502d72-f64b-4134-a498-cc3483306edb" testId="7e83c692-4866-4e8e-1f06-6afdc03fe9f9" testName="test_combat_actor_state_rejects_transient_threat_table_negative_values" computerName="BRIAN" duration="00:00:00.0001299" startTime="2026-04-30T11:07:45.0955992-04:00" endTime="2026-04-30T11:07:45.0957295-04:00" testType="13cdc9d9-ddb5-4fa4-a97d-d965ccfc6d4b" outcome="Passed" testListId="8c84fa94-04c1-424b-9868-57a2d4851a1d" relativeResultsDirectory="76502d72-f64b-4134-a498-cc3483306edb" />
    <UnitTestResult executionId="7f541ba5-24c9-423e-91fb-c3ef52b8b845" testId="53728362-84cd-7548-bf24-25b503edc85b" testName="test_combat_actor_state_contains_required_runtime_and_stable_fields" computerName="BRIAN" duration="00:00:00.0004700" startTime="2026-04-30T11:07:45.0945433-04:00" endTime="2026-04-30T11:07:45.0950135-04:00" testType="13cdc9d9-ddb5-4fa4-a97d-d965ccfc6d4b" outcome="Passed" testListId="8c84fa94-04c1-424b-9868-57a2d4851a1d" relativeResultsDirectory="7f541ba5-24c9-423e-91fb-c3ef52b8b845" />
    <UnitTestResult executionId="0dae3591-094d-49ff-89c5-7b15df568ded" testId="f370e923-3d1c-0b1f-475c-90253f167f9c" testName="test_combat_fixture_package_resolves_targeting_pull_and_leash_tuning" computerName="BRIAN" duration="00:00:00.0012940" startTime="2026-04-30T11:07:45.0990924-04:00" endTime="2026-04-30T11:07:45.1003864-04:00" testType="13cdc9d9-ddb5-4fa4-a97d-d965ccfc6d4b" outcome="Passed" testListId="8c84fa94-04c1-424b-9868-57a2d4851a1d" relativeResultsDirectory="0dae3591-094d-49ff-89c5-7b15df568ded" />
    <UnitTestResult executionId="e3652cc9-fdca-4b3d-a0d4-38fc49644b67" testId="0aaeafb3-de1a-f812-f2ac-45c18e263dad" testName="test_unapproved_transition_path_cannot_change_attack_state" computerName="BRIAN" duration="00:00:00.0026700" startTime="2026-04-30T11:07:44.9847183-04:00" endTime="2026-04-30T11:07:44.9873885-04:00" testType="13cdc9d9-ddb5-4fa4-a97d-d965ccfc6d4b" outcome="Passed" testListId="8c84fa94-04c1-424b-9868-57a2d4851a1d" relativeResultsDirectory="e3652cc9-fdca-4b3d-a0d4-38fc49644b67" />
    <UnitTestResult executionId="02354ce9-907a-4feb-97c1-79d952669b7f" testId="082fc771-2a89-ef50-1099-951b6be4dfd9" testName="test_pause_does_not_advance_clock_or_wall_clock_catch_up_melee_ticks" computerName="BRIAN" duration="00:00:00.0005880" startTime="2026-04-30T11:07:45.0696097-04:00" endTime="2026-04-30T11:07:45.0701972-04:00" testType="13cdc9d9-ddb5-4fa4-a97d-d965ccfc6d4b" outcome="Passed" testListId="8c84fa94-04c1-424b-9868-57a2d4851a1d" relativeResultsDirectory="02354ce9-907a-4feb-97c1-79d952669b7f" />
    <UnitTestResult executionId="77567058-e4f6-40bf-b680-649307b3226a" testId="b64c07bb-9ea0-1dcd-fadf-25c58268b306" testName="test_melee_hit_chance_clamps_and_honors_boundary_inputs(1,60,0,300,0.1d)" computerName="BRIAN" duration="00:00:00.0000980" startTime="2026-04-30T11:07:45.1074333-04:00" endTime="2026-04-30T11:07:45.1075314-04:00" testType="13cdc9d9-ddb5-4fa4-a97d-d965ccfc6d4b" outcome="Passed" testListId="8c84fa94-04c1-424b-9868-57a2d4851a1d" relativeResultsDirectory="77567058-e4f6-40bf-b680-649307b3226a" />
    <UnitTestResult executionId="4e0520d6-1913-4be0-be6e-8d7454b85090" testId="3e3d4afd-172a-7d35-4ed8-600e77be4e5e" testName="test_manual_cancel_emits_event_and_spends_no_mana" computerName="BRIAN" duration="00:00:00.0003920" startTime="2026-04-30T11:07:45.0780354-04:00" endTime="2026-04-30T11:07:45.0784269-04:00" testType="13cdc9d9-ddb5-4fa4-a97d-d965ccfc6d4b" outcome="Passed" testListId="8c84fa94-04c1-424b-9868-57a2d4851a1d" relativeResultsDirectory="4e0520d6-1913-4be0-be6e-8d7454b85090" />
    <UnitTestResult executionId="c74d3620-1334-4228-ac39-1e324bfbf9fe" testId="bd7e0408-3a77-bf6f-de7e-e05f6c4b76a7" testName="test_los_query_contract_blocks_only_t1_occluder_layers_and_reports_buffer_overflow" computerName="BRIAN" duration="00:00:00.0014760" startTime="2026-04-30T11:07:45.0882714-04:00" endTime="2026-04-30T11:07:45.0897466-04:00" testType="13cdc9d9-ddb5-4fa4-a97d-d965ccfc6d4b" outcome="Passed" testListId="8c84fa94-04c1-424b-9868-57a2d4851a1d" relativeResultsDirectory="c74d3620-1334-4228-ac39-1e324bfbf9fe" />
    <UnitTestResult executionId="29b05e1d-2a81-43dc-9c16-be3360276ed0" testId="8cb1d39d-b99a-87af-34ee-20bd0cf34e93" testName="test_combat_fixture_loader_keeps_fixture_tuning_values_out_of_production_logic" computerName="BRIAN" duration="00:00:00.0666709" startTime="2026-04-30T11:07:44.9891503-04:00" endTime="2026-04-30T11:07:45.0558182-04:00" testType="13cdc9d9-ddb5-4fa4-a97d-d965ccfc6d4b" outcome="Passed" testListId="8c84fa94-04c1-424b-9868-57a2d4851a1d" relativeResultsDirectory="29b05e1d-2a81-43dc-9c16-be3360276ed0" />
    <UnitTestResult executionId="ecad03ab-b78c-4174-a423-6817eb96781d" testId="0ade053e-d8d5-65c4-7361-eb338196a9dc" testName="test_eligible_weapon_tick_revalidates_range_facing_los_and_alive_state(&quot;out of range&quot;,3.0d,0.0d,False,False,OutOfRange)" computerName="BRIAN" duration="00:00:00.0005250" startTime="2026-04-30T11:07:45.0619412-04:00" endTime="2026-04-30T11:07:45.0624658-04:00" testType="13cdc9d9-ddb5-4fa4-a97d-d965ccfc6d4b" outcome="Passed" testListId="8c84fa94-04c1-424b-9868-57a2d4851a1d" relativeResultsDirectory="ecad03ab-b78c-4174-a423-6817eb96781d" />
    <UnitTestResult executionId="cdb9c39f-435a-4f17-97bf-695d904057d8" testId="0c860a0f-52ea-c4f2-d829-13733bfc3183" testName="test_zone_transition_clears_transient_combat_state_and_blocks_incoming_zone_results" computerName="BRIAN" duration="00:00:00.0005160" startTime="2026-04-30T11:07:45.0938072-04:00" endTime="2026-04-30T11:07:45.0943235-04:00" testType="13cdc9d9-ddb5-4fa4-a97d-d965ccfc6d4b" outcome="Passed" testListId="8c84fa94-04c1-424b-9868-57a2d4851a1d" relativeResultsDirectory="cdb9c39f-435a-4f17-97bf-695d904057d8" />
    <UnitTestResult executionId="659dcd15-28a8-44f6-a852-dbda6004f093" testId="36dbb467-76d7-f6f7-e6d2-66366935fd96" testName="test_damage_interrupt_emits_event_and_spends_no_mana" computerName="BRIAN" duration="00:00:00.0017970" startTime="2026-04-30T11:07:45.0740753-04:00" endTime="2026-04-30T11:07:45.0758726-04:00" testType="13cdc9d9-ddb5-4fa4-a97d-d965ccfc6d4b" outcome="Passed" testListId="8c84fa94-04c1-424b-9868-57a2d4851a1d" relativeResultsDirectory="659dcd15-28a8-44f6-a852-dbda6004f093" />
    <UnitTestResult executionId="7cb16180-7fe3-4811-9bcf-dc3ffb20cea0" testId="acdb4327-5add-cc61-caaf-af6538389cc1" testName="test_interrupt_formula_clamps_to_injected_bounds(90,100,4.0d,4.0d,0.85d)" computerName="BRIAN" duration="00:00:00.0000980" startTime="2026-04-30T11:07:45.0958338-04:00" endTime="2026-04-30T11:07:45.0959319-04:00" testType="13cdc9d9-ddb5-4fa4-a97d-d965ccfc6d4b" outcome="Passed" testListId="8c84fa94-04c1-424b-9868-57a2d4851a1d" relativeResultsDirectory="7cb16180-7fe3-4811-9bcf-dc3ffb20cea0" />
    <UnitTestResult executionId="22b8e0e6-6895-4a7c-8f9b-0275194947d7" testId="2238a2b9-f43e-5a9e-eaa2-2ae1b817016c" testName="test_melee_hit_chance_clamps_and_honors_boundary_inputs(60,1,300,0,0.92d)" computerName="BRIAN" duration="00:00:00.0004220" startTime="2026-04-30T11:07:45.1075358-04:00" endTime="2026-04-30T11:07:45.1079579-04:00" testType="13cdc9d9-ddb5-4fa4-a97d-d965ccfc6d4b" outcome="Passed" testListId="8c84fa94-04c1-424b-9868-57a2d4851a1d" relativeResultsDirectory="22b8e0e6-6895-4a7c-8f9b-0275194947d7" />
    <UnitTestResult executionId="625f2fb9-0123-47ab-9f73-39f18a48c588" testId="6b443170-429b-457b-6f92-d34edf1c5007" testName="test_social_assist_joins_eligible_actors_in_deterministic_order_with_default_threat" computerName="BRIAN" duration="00:00:00.0010850" startTime="2026-04-30T11:07:45.0915980-04:00" endTime="2026-04-30T11:07:45.0926828-04:00" testType="13cdc9d9-ddb5-4fa4-a97d-d965ccfc6d4b" outcome="Passed" testListId="8c84fa94-04c1-424b-9868-57a2d4851a1d" relativeResultsDirectory="625f2fb9-0123-47ab-9f73-39f18a48c588" />
    <UnitTestResult executionId="7acc05ba-9ed7-4d8b-8d9b-992d3d8f6959" testId="cf622bc6-ba9f-8306-05b4-a05cbcfe5e6f" testName="test_combat_fixture_package_resolves_cleric_mid_t1_design_values" computerName="BRIAN" duration="00:00:00.0006050" startTime="2026-04-30T11:07:45.0984755-04:00" endTime="2026-04-30T11:07:45.0990801-04:00" testType="13cdc9d9-ddb5-4fa4-a97d-d965ccfc6d4b" outcome="Passed" testListId="8c84fa94-04c1-424b-9868-57a2d4851a1d" relativeResultsDirectory="7acc05ba-9ed7-4d8b-8d9b-992d3d8f6959" />
    <UnitTestResult executionId="cfde02f5-e1b3-4df7-986f-2f4d68df92c4" testId="48510470-e43e-af14-e67a-0936ddabfdcc" testName="test_combat_fixture_validator_rejects_missing_required_rows" computerName="BRIAN" duration="00:00:00.0014260" startTime="2026-04-30T11:07:45.1055510-04:00" endTime="2026-04-30T11:07:45.1069765-04:00" testType="13cdc9d9-ddb5-4fa4-a97d-d965ccfc6d4b" outcome="Passed" testListId="8c84fa94-04c1-424b-9868-57a2d4851a1d" relativeResultsDirectory="cfde02f5-e1b3-4df7-986f-2f4d68df92c4" />
    <UnitTestResult executionId="75771495-de6e-437d-b064-527618658a7c" testId="bb8dc6f4-1ae0-aced-345b-a1c6887f9fd7" testName="test_combat_actor_hydration_accepts_valid_cleric_mid_baseline" computerName="BRIAN" duration="00:00:00.0533400" startTime="2026-04-30T11:07:44.9205474-04:00" endTime="2026-04-30T11:07:44.9738480-04:00" testType="13cdc9d9-ddb5-4fa4-a97d-d965ccfc6d4b" outcome="Passed" testListId="8c84fa94-04c1-424b-9868-57a2d4851a1d" relativeResultsDirectory="75771495-de6e-437d-b064-527618658a7c" />
    <UnitTestResult executionId="f64debad-2c50-47b0-b679-fbc56fd3f772" testId="90583ee3-46fc-7f9b-dfe6-31a5296a3684" testName="test_combat_clock_rejects_invalid_tick_rate" computerName="BRIAN" duration="00:00:00.0001570" startTime="2026-04-30T11:07:45.0968398-04:00" endTime="2026-04-30T11:07:45.0969962-04:00" testType="13cdc9d9-ddb5-4fa4-a97d-d965ccfc6d4b" outcome="Passed" testListId="8c84fa94-04c1-424b-9868-57a2d4851a1d" relativeResultsDirectory="f64debad-2c50-47b0-b679-fbc56fd3f772" />
    <UnitTestResult executionId="1a9a7325-a339-45f3-9067-c70ff76ee5e2" testId="a98270b6-3be0-ac77-57fe-95b162720f3c" testName="test_combat_fixture_loader_exposes_source_ref_aliases_for_downstream_validation" computerName="BRIAN" duration="00:00:00.0016170" startTime="2026-04-30T11:07:44.9875228-04:00" endTime="2026-04-30T11:07:44.9891397-04:00" testType="13cdc9d9-ddb5-4fa4-a97d-d965ccfc6d4b" outcome="Passed" testListId="8c84fa94-04c1-424b-9868-57a2d4851a1d" relativeResultsDirectory="1a9a7325-a339-45f3-9067-c70ff76ee5e2" />
    <UnitTestResult executionId="6904a8e5-1b59-4f5b-9c23-56d6e93d4f74" testId="b41a1ac5-a9b0-0f1c-ceb9-29a7783030c4" testName="test_passive_combat_paths_do_not_enable_attack(SpellCast)" computerName="BRIAN" duration="00:00:00.0000020" startTime="2026-04-30T11:07:44.9832246-04:00" endTime="2026-04-30T11:07:44.9832270-04:00" testType="13cdc9d9-ddb5-4fa4-a97d-d965ccfc6d4b" outcome="Passed" testListId="8c84fa94-04c1-424b-9868-57a2d4851a1d" relativeResultsDirectory="6904a8e5-1b59-4f5b-9c23-56d6e93d4f74" />
    <UnitTestResult executionId="4945330c-e97d-4dbe-bd67-12f445d90579" testId="b08ac564-917e-187f-0662-a76b0931844a" testName="test_seconds_to_ticks_uses_ceiling_against_injected_tick_rate" computerName="BRIAN" duration="00:00:00.0000560" startTime="2026-04-30T11:07:45.0966331-04:00" endTime="2026-04-30T11:07:45.0966893-04:00" testType="13cdc9d9-ddb5-4fa4-a97d-d965ccfc6d4b" outcome="Passed" testListId="8c84fa94-04c1-424b-9868-57a2d4851a1d" relativeResultsDirectory="4945330c-e97d-4dbe-bd67-12f445d90579" />
    <UnitTestResult executionId="3c62ce13-5957-4cfb-a56e-08ae4a1ce2ed" testId="154d7153-cb1b-f71d-e606-63633464063a" testName="test_body_pull_initializes_threat_and_pivot_signal_without_warning_affordances" computerName="BRIAN" duration="00:00:00.0053370" startTime="2026-04-30T11:07:45.0798898-04:00" endTime="2026-04-30T11:07:45.0852261-04:00" testType="13cdc9d9-ddb5-4fa4-a97d-d965ccfc6d4b" outcome="Passed" testListId="8c84fa94-04c1-424b-9868-57a2d4851a1d" relativeResultsDirectory="3c62ce13-5957-4cfb-a56e-08ae4a1ce2ed" />
    <UnitTestResult executionId="d659f7ae-1fef-4e38-9b7b-b582c23c496c" testId="08d6ac0c-0b6e-6c33-9973-634514ba5a56" testName="test_valid_six_second_cast_enters_casting_and_reports_progress" computerName="BRIAN" duration="00:00:00.0007300" startTime="2026-04-30T11:07:45.0787293-04:00" endTime="2026-04-30T11:07:45.0794590-04:00" testType="13cdc9d9-ddb5-4fa4-a97d-d965ccfc6d4b" outcome="Passed" testListId="8c84fa94-04c1-424b-9868-57a2d4851a1d" relativeResultsDirectory="d659f7ae-1fef-4e38-9b7b-b582c23c496c" />
    <UnitTestResult executionId="090d1b1a-3078-422f-94b6-6b34c2b60d00" testId="1791f5b3-5e24-0819-55f9-1dbf5d2c44b5" testName="test_combat_actor_state_has_no_unity_scene_object_fields" computerName="BRIAN" duration="00:00:00.0005590" startTime="2026-04-30T11:07:45.0950262-04:00" endTime="2026-04-30T11:07:45.0955850-04:00" testType="13cdc9d9-ddb5-4fa4-a97d-d965ccfc6d4b" outcome="Passed" testListId="8c84fa94-04c1-424b-9868-57a2d4851a1d" relativeResultsDirectory="090d1b1a-3078-422f-94b6-6b34c2b60d00" />
    <UnitTestResult executionId="153fbb43-fd1c-490f-a6c6-14366bbdcbd6" testId="266bd731-d588-a80c-eacd-29ab739a2cd1" testName="test_combat_fixture_loader_resolves_spells_tactical_instants_and_encounters" computerName="BRIAN" duration="00:00:00.0025580" startTime="2026-04-30T11:07:45.0558907-04:00" endTime="2026-04-30T11:07:45.0584474-04:00" testType="13cdc9d9-ddb5-4fa4-a97d-d965ccfc6d4b" outcome="Passed" testListId="8c84fa94-04c1-424b-9868-57a2d4851a1d" relativeResultsDirectory="153fbb43-fd1c-490f-a6c6-14366bbdcbd6" />
    <UnitTestResult executionId="6cf0fb8a-2362-4e7c-9e6b-abe53d3b1189" testId="aaa2f95e-c9c2-de15-c24c-cee51fd7d071" testName="test_passive_combat_paths_do_not_enable_attack(TabCycle)" computerName="BRIAN" duration="00:00:00.0002080" startTime="2026-04-30T11:07:44.9829847-04:00" endTime="2026-04-30T11:07:44.9831930-04:00" testType="13cdc9d9-ddb5-4fa4-a97d-d965ccfc6d4b" outcome="Passed" testListId="8c84fa94-04c1-424b-9868-57a2d4851a1d" relativeResultsDirectory="6cf0fb8a-2362-4e7c-9e6b-abe53d3b1189" />
    <UnitTestResult executionId="44564433-4f18-413b-a507-768860f5cfc4" testId="4481cff0-06ae-923c-2804-497c4a1ca7a7" testName="test_melee_hit_chance_equal_level_equal_skills_returns_design_example" computerName="BRIAN" duration="00:00:00.0001060" startTime="2026-04-30T11:07:45.1080165-04:00" endTime="2026-04-30T11:07:45.1081222-04:00" testType="13cdc9d9-ddb5-4fa4-a97d-d965ccfc6d4b" outcome="Passed" testListId="8c84fa94-04c1-424b-9868-57a2d4851a1d" relativeResultsDirectory="44564433-4f18-413b-a507-768860f5cfc4" />
    <UnitTestResult executionId="8f7d4698-134d-42ae-b415-3e9049d161f5" testId="a4864b1c-7b9b-d74d-db76-5dc6cabb4195" testName="test_toggle_on_with_no_valid_hostile_target_noops_and_leaves_attack_off" computerName="BRIAN" duration="00:00:00.0001710" startTime="2026-04-30T11:07:44.9845363-04:00" endTime="2026-04-30T11:07:44.9847070-04:00" testType="13cdc9d9-ddb5-4fa4-a97d-d965ccfc6d4b" outcome="Passed" testListId="8c84fa94-04c1-424b-9868-57a2d4851a1d" relativeResultsDirectory="8f7d4698-134d-42ae-b415-3e9049d161f5" />
    <UnitTestResult executionId="b5a4a730-6f68-43b8-b94e-7af53d23fd97" testId="10713985-d7d6-30bf-3ee2-5dfc0ecc66c3" testName="test_combat_actor_hydration_rejects_missing_baseline_snapshot" computerName="BRIAN" duration="00:00:00.0007330" startTime="2026-04-30T11:07:44.9772074-04:00" endTime="2026-04-30T11:07:44.9779406-04:00" testType="13cdc9d9-ddb5-4fa4-a97d-d965ccfc6d4b" outcome="Passed" testListId="8c84fa94-04c1-424b-9868-57a2d4851a1d" relativeResultsDirectory="b5a4a730-6f68-43b8-b94e-7af53d23fd97" />
    <UnitTestResult executionId="9f6445da-e6bf-41ee-b2a1-57ff1ddc61f9" testId="02be22a0-308b-09b3-7484-6037402feef7" testName="test_forced_off_conditions_turn_attack_off_and_emit_hud_safe_signal(SuccessfulSitOrMed)" computerName="BRIAN" duration="00:00:00.0003300" startTime="2026-04-30T11:07:44.9819243-04:00" endTime="2026-04-30T11:07:44.9822544-04:00" testType="13cdc9d9-ddb5-4fa4-a97d-d965ccfc6d4b" outcome="Passed" testListId="8c84fa94-04c1-424b-9868-57a2d4851a1d" relativeResultsDirectory="9f6445da-e6bf-41ee-b2a1-57ff1ddc61f9" />
    <UnitTestResult executionId="227b57cb-41b7-40ff-b279-a7c7659b183b" testId="0609f7c7-6951-db49-ce69-ea2ba5bad7c0" testName="test_reaggro_requires_active_memory_distance_los_and_expiry_clears_threat" computerName="BRIAN" duration="00:00:00.0007260" startTime="2026-04-30T11:07:45.0908590-04:00" endTime="2026-04-30T11:07:45.0915842-04:00" testType="13cdc9d9-ddb5-4fa4-a97d-d965ccfc6d4b" outcome="Passed" testListId="8c84fa94-04c1-424b-9868-57a2d4851a1d" relativeResultsDirectory="227b57cb-41b7-40ff-b279-a7c7659b183b" />
    <UnitTestResult executionId="7654cd8f-be7d-464a-bc67-7a426503ea86" testId="6b7c1f71-5e0b-e619-c3a2-80a9a674d6f5" testName="test_combat_fixture_package_declares_default_social_assist_profile" computerName="BRIAN" duration="00:00:00.0012890" startTime="2026-04-30T11:07:45.0971720-04:00" endTime="2026-04-30T11:07:45.0984603-04:00" testType="13cdc9d9-ddb5-4fa4-a97d-d965ccfc6d4b" outcome="Passed" testListId="8c84fa94-04c1-424b-9868-57a2d4851a1d" relativeResultsDirectory="7654cd8f-be7d-464a-bc67-7a426503ea86" />
    <UnitTestResult executionId="8b480064-9119-4262-8bbb-531192a9a666" testId="5bd22301-7b0d-ecad-8ea1-05a08f0c361a" testName="test_melee_hit_chance_clamps_and_honors_boundary_inputs(5,5,30,30,0.72d)" computerName="BRIAN" duration="00:00:00.0000190" startTime="2026-04-30T11:07:45.1079750-04:00" endTime="2026-04-30T11:07:45.1079940-04:00" testType="13cdc9d9-ddb5-4fa4-a97d-d965ccfc6d4b" outcome="Passed" testListId="8c84fa94-04c1-424b-9868-57a2d4851a1d" relativeResultsDirectory="8b480064-9119-4262-8bbb-531192a9a666" />
    <UnitTestResult executionId="22e20f92-aaf5-4cae-a1e2-be2875e64d43" testId="fd812598-b183-a49b-9046-c8aa53abc929" testName="test_forced_off_conditions_turn_attack_off_and_emit_hud_safe_signal(TargetDeath)" computerName="BRIAN" duration="00:00:00.0026170" startTime="2026-04-30T11:07:44.9792835-04:00" endTime="2026-04-30T11:07:44.9819002-04:00" testType="13cdc9d9-ddb5-4fa4-a97d-d965ccfc6d4b" outcome="Passed" testListId="8c84fa94-04c1-424b-9868-57a2d4851a1d" relativeResultsDirectory="22e20f92-aaf5-4cae-a1e2-be2875e64d43" />
    <UnitTestResult executionId="0e6c71a7-829b-4865-a22f-ca17e0251542" testId="02e56309-b298-a27b-2925-0cd280ef05fe" testName="test_interrupt_formula_rejects_invalid_ratio_bounds" computerName="BRIAN" duration="00:00:00.0002420" startTime="2026-04-30T11:07:45.0963815-04:00" endTime="2026-04-30T11:07:45.0966231-04:00" testType="13cdc9d9-ddb5-4fa4-a97d-d965ccfc6d4b" outcome="Passed" testListId="8c84fa94-04c1-424b-9868-57a2d4851a1d" relativeResultsDirectory="0e6c71a7-829b-4865-a22f-ca17e0251542" />
    <UnitTestResult executionId="92332188-2902-48c0-9734-9ba7a71bec1f" testId="2ecd3eba-6723-1021-f114-0e0dd818e4a3" testName="test_eligible_weapon_tick_revalidates_range_facing_los_and_alive_state(&quot;blocked sight&quot;,1.5d,0.0d,True,False,LineOfSightBlocked)" computerName="BRIAN" duration="00:00:00.0012610" startTime="2026-04-30T11:07:45.0629212-04:00" endTime="2026-04-30T11:07:45.0641817-04:00" testType="13cdc9d9-ddb5-4fa4-a97d-d965ccfc6d4b" outcome="Passed" testListId="8c84fa94-04c1-424b-9868-57a2d4851a1d" relativeResultsDirectory="92332188-2902-48c0-9734-9ba7a71bec1f" />
    <UnitTestResult executionId="88d93c51-e4f5-4c81-9c50-4a0e5501b1a9" testId="505a48d1-2ea7-aac4-560e-84e937c343d2" testName="test_seeded_fixture_melee_damage_executes_low_and_top_extremes_inside_trash_band" computerName="BRIAN" duration="00:00:00.0021210" startTime="2026-04-30T11:07:45.1081328-04:00" endTime="2026-04-30T11:07:45.1102538-04:00" testType="13cdc9d9-ddb5-4fa4-a97d-d965ccfc6d4b" outcome="Passed" testListId="8c84fa94-04c1-424b-9868-57a2d4851a1d" relativeResultsDirectory="88d93c51-e4f5-4c81-9c50-4a0e5501b1a9" />
    <UnitTestResult executionId="0948c0ee-9254-419e-b319-f7033c53c025" testId="3047f30d-2248-6654-3e64-02b635dc3ac6" testName="test_eligible_weapon_tick_revalidates_range_facing_los_and_alive_state(&quot;bad facing&quot;,1.5d,120.0d,False,False,FacingBlocked)" computerName="BRIAN" duration="00:00:00.0004210" startTime="2026-04-30T11:07:45.0624852-04:00" endTime="2026-04-30T11:07:45.0629064-04:00" testType="13cdc9d9-ddb5-4fa4-a97d-d965ccfc6d4b" outcome="Passed" testListId="8c84fa94-04c1-424b-9868-57a2d4851a1d" relativeResultsDirectory="0948c0ee-9254-419e-b319-f7033c53c025" />
    <UnitTestResult executionId="c1b63354-0809-43c5-bce4-17e8b07ba79f" testId="de8ee3a3-9174-40d5-2212-68f9a477a22a" testName="test_city_hub_zone_disables_targeting_claim_threat_damage_and_kill_credit" computerName="BRIAN" duration="00:00:00.0023220" startTime="2026-04-30T11:07:45.0852516-04:00" endTime="2026-04-30T11:07:45.0875732-04:00" testType="13cdc9d9-ddb5-4fa4-a97d-d965ccfc6d4b" outcome="Passed" testListId="8c84fa94-04c1-424b-9868-57a2d4851a1d" relativeResultsDirectory="c1b63354-0809-43c5-bce4-17e8b07ba79f" />
  </Results>
  <TestDefinitions>
    <UnitTest name="test_interrupt_formula_clamps_to_injected_bounds(90,100,4.0d,4.0d,0.85d)" storage="n:\gravenspire\tests\bin\debug\net8.0\gravenspire.combat.tests.dll" id="acdb4327-5add-cc61-caaf-af6538389cc1">
      <Execution id="7cb16180-7fe3-4811-9bcf-dc3ffb20cea0" />
      <TestMethod codeBase="N:\GravenSpire\tests\bin\Debug\net8.0\Gravenspire.Combat.Tests.dll" adapterTypeName="executor://nunit3testexecutor/" className="Gravenspire.Tests.Unit.Gameplay.Combat.CombatCastInterruptFormulasTest" name="test_interrupt_formula_clamps_to_injected_bounds(90,100,4.0d,4.0d,0.85d)" />
    </UnitTest>
    <UnitTest name="test_combat_fixture_package_validates_required_t1_rows" storage="n:\gravenspire\tests\bin\debug\net8.0\gravenspire.combat.tests.dll" id="38742b76-5145-41c4-946f-5a2aa209a875">
      <Execution id="c0b53ee3-8977-4505-8c3c-39007525e427" />
      <TestMethod codeBase="N:\GravenSpire\tests\bin\Debug\net8.0\Gravenspire.Combat.Tests.dll" adapterTypeName="executor://nunit3testexecutor/" className="Gravenspire.Tests.Unit.Gameplay.Combat.CombatFixtureValidationTest" name="test_combat_fixture_package_validates_required_t1_rows" />
    </UnitTest>
    <UnitTest name="test_forced_off_conditions_turn_attack_off_and_emit_hud_safe_signal(SuccessfulSitOrMed)" storage="n:\gravenspire\tests\bin\debug\net8.0\gravenspire.combat.tests.dll" id="02be22a0-308b-09b3-7484-6037402feef7">
      <Execution id="9f6445da-e6bf-41ee-b2a1-57ff1ddc61f9" />
      <TestMethod codeBase="N:\GravenSpire\tests\bin\Debug\net8.0\Gravenspire.Combat.Tests.dll" adapterTypeName="executor://nunit3testexecutor/" className="Gravenspire.Tests.Integration.Gameplay.Combat.CombatAttackToggleStateMachineTest" name="test_forced_off_conditions_turn_attack_off_and_emit_hud_safe_signal(SuccessfulSitOrMed)" />
    </UnitTest>
    <UnitTest name="test_reaggro_requires_active_memory_distance_los_and_expiry_clears_threat" storage="n:\gravenspire\tests\bin\debug\net8.0\gravenspire.combat.tests.dll" id="0609f7c7-6951-db49-ce69-ea2ba5bad7c0">
      <Execution id="227b57cb-41b7-40ff-b279-a7c7659b183b" />
      <TestMethod codeBase="N:\GravenSpire\tests\bin\Debug\net8.0\Gravenspire.Combat.Tests.dll" adapterTypeName="executor://nunit3testexecutor/" className="Gravenspire.Tests.Integration.Gameplay.Combat.CombatTargetingPullLeashTest" name="test_reaggro_requires_active_memory_distance_los_and_expiry_clears_threat" />
    </UnitTest>
    <UnitTest name="test_seconds_to_ticks_uses_ceiling_against_injected_tick_rate" storage="n:\gravenspire\tests\bin\debug\net8.0\gravenspire.combat.tests.dll" id="b08ac564-917e-187f-0662-a76b0931844a">
      <Execution id="4945330c-e97d-4dbe-bd67-12f445d90579" />
      <TestMethod codeBase="N:\GravenSpire\tests\bin\Debug\net8.0\Gravenspire.Combat.Tests.dll" adapterTypeName="executor://nunit3testexecutor/" className="Gravenspire.Tests.Unit.Gameplay.Combat.CombatCastInterruptFormulasTest" name="test_seconds_to_ticks_uses_ceiling_against_injected_tick_rate" />
    </UnitTest>
    <UnitTest name="test_melee_hit_chance_clamps_and_honors_boundary_inputs(5,5,30,30,0.72d)" storage="n:\gravenspire\tests\bin\debug\net8.0\gravenspire.combat.tests.dll" id="5bd22301-7b0d-ecad-8ea1-05a08f0c361a">
      <Execution id="8b480064-9119-4262-8bbb-531192a9a666" />
      <TestMethod codeBase="N:\GravenSpire\tests\bin\Debug\net8.0\Gravenspire.Combat.Tests.dll" adapterTypeName="executor://nunit3testexecutor/" className="Gravenspire.Tests.Unit.Gameplay.Combat.CombatMeleeFormulasTest" name="test_melee_hit_chance_clamps_and_honors_boundary_inputs(5,5,30,30,0.72d)" />
    </UnitTest>
    <UnitTest name="test_city_zone_gate_blocks_damage_on_each_eligible_tick" storage="n:\gravenspire\tests\bin\debug\net8.0\gravenspire.combat.tests.dll" id="09b07e53-993b-b255-9c37-85cc605e7693">
      <Execution id="147faf22-f31c-4879-a82f-dbf981e974f2" />
      <TestMethod codeBase="N:\GravenSpire\tests\bin\Debug\net8.0\Gravenspire.Combat.Tests.dll" adapterTypeName="executor://nunit3testexecutor/" className="Gravenspire.Tests.Integration.Gameplay.Combat.CombatMeleeTickResolutionTest" name="test_city_zone_gate_blocks_damage_on_each_eligible_tick" />
    </UnitTest>
    <UnitTest name="test_lifecycle_payloads_include_ids_targets_and_combat_ticks" storage="n:\gravenspire\tests\bin\debug\net8.0\gravenspire.combat.tests.dll" id="9be322f5-38a0-317f-7771-9630c616ac33">
      <Execution id="9a4b4219-8a5e-4d79-ac1c-68f139ae6e0f" />
      <TestMethod codeBase="N:\GravenSpire\tests\bin\Debug\net8.0\Gravenspire.Combat.Tests.dll" adapterTypeName="executor://nunit3testexecutor/" className="Gravenspire.Tests.Integration.Gameplay.Combat.CombatSlowCastFrameworkTest" name="test_lifecycle_payloads_include_ids_targets_and_combat_ticks" />
    </UnitTest>
    <UnitTest name="test_player_toggle_off_is_an_approved_command_path_and_emits_hud_safe_off_signal" storage="n:\gravenspire\tests\bin\debug\net8.0\gravenspire.combat.tests.dll" id="e1016321-1c99-22e2-cd49-121aeafc90a6">
      <Execution id="6696f0b9-3b12-49f1-b861-192a237e6570" />
      <TestMethod codeBase="N:\GravenSpire\tests\bin\Debug\net8.0\Gravenspire.Combat.Tests.dll" adapterTypeName="executor://nunit3testexecutor/" className="Gravenspire.Tests.Integration.Gameplay.Combat.CombatAttackToggleStateMachineTest" name="test_player_toggle_off_is_an_approved_command_path_and_emits_hud_safe_off_signal" />
    </UnitTest>
    <UnitTest name="test_forced_off_conditions_turn_attack_off_and_emit_hud_safe_signal(ZoneTransition)" storage="n:\gravenspire\tests\bin\debug\net8.0\gravenspire.combat.tests.dll" id="0fd97fbd-f6f7-6b36-7e79-decbebde8209">
      <Execution id="8e06d591-3174-4bc2-9310-68aaf74bf8b9" />
      <TestMethod codeBase="N:\GravenSpire\tests\bin\Debug\net8.0\Gravenspire.Combat.Tests.dll" adapterTypeName="executor://nunit3testexecutor/" className="Gravenspire.Tests.Integration.Gameplay.Combat.CombatAttackToggleStateMachineTest" name="test_forced_off_conditions_turn_attack_off_and_emit_hud_safe_signal(ZoneTransition)" />
    </UnitTest>
    <UnitTest name="test_combat_actor_state_has_no_unity_scene_object_fields" storage="n:\gravenspire\tests\bin\debug\net8.0\gravenspire.combat.tests.dll" id="1791f5b3-5e24-0819-55f9-1dbf5d2c44b5">
      <Execution id="090d1b1a-3078-422f-94b6-6b34c2b60d00" />
      <TestMethod codeBase="N:\GravenSpire\tests\bin\Debug\net8.0\Gravenspire.Combat.Tests.dll" adapterTypeName="executor://nunit3testexecutor/" className="Gravenspire.Tests.Unit.Gameplay.Combat.CombatActorStateTest" name="test_combat_actor_state_has_no_unity_scene_object_fields" />
    </UnitTest>
    <UnitTest name="test_passive_combat_paths_do_not_enable_attack(BodyPull)" storage="n:\gravenspire\tests\bin\debug\net8.0\gravenspire.combat.tests.dll" id="0ec27a4d-7366-16e3-5f56-78d5b8174932">
      <Execution id="f1e8820d-ee1f-4501-bce0-3a1cff69d50f" />
      <TestMethod codeBase="N:\GravenSpire\tests\bin\Debug\net8.0\Gravenspire.Combat.Tests.dll" adapterTypeName="executor://nunit3testexecutor/" className="Gravenspire.Tests.Integration.Gameplay.Combat.CombatAttackToggleStateMachineTest" name="test_passive_combat_paths_do_not_enable_attack(BodyPull)" />
    </UnitTest>
    <UnitTest name="test_melee_hit_chance_equal_level_equal_skills_returns_design_example" storage="n:\gravenspire\tests\bin\debug\net8.0\gravenspire.combat.tests.dll" id="4481cff0-06ae-923c-2804-497c4a1ca7a7">
      <Execution id="44564433-4f18-413b-a507-768860f5cfc4" />
      <TestMethod codeBase="N:\GravenSpire\tests\bin\Debug\net8.0\Gravenspire.Combat.Tests.dll" adapterTypeName="executor://nunit3testexecutor/" className="Gravenspire.Tests.Unit.Gameplay.Combat.CombatMeleeFormulasTest" name="test_melee_hit_chance_equal_level_equal_skills_returns_design_example" />
    </UnitTest>
    <UnitTest name="test_pause_does_not_advance_clock_or_wall_clock_catch_up_melee_ticks" storage="n:\gravenspire\tests\bin\debug\net8.0\gravenspire.combat.tests.dll" id="082fc771-2a89-ef50-1099-951b6be4dfd9">
      <Execution id="02354ce9-907a-4feb-97c1-79d952669b7f" />
      <TestMethod codeBase="N:\GravenSpire\tests\bin\Debug\net8.0\Gravenspire.Combat.Tests.dll" adapterTypeName="executor://nunit3testexecutor/" className="Gravenspire.Tests.Integration.Gameplay.Combat.CombatMeleeTickResolutionTest" name="test_pause_does_not_advance_clock_or_wall_clock_catch_up_melee_ticks" />
    </UnitTest>
    <UnitTest name="test_social_assist_joins_eligible_actors_in_deterministic_order_with_default_threat" storage="n:\gravenspire\tests\bin\debug\net8.0\gravenspire.combat.tests.dll" id="6b443170-429b-457b-6f92-d34edf1c5007">
      <Execution id="625f2fb9-0123-47ab-9f73-39f18a48c588" />
      <TestMethod codeBase="N:\GravenSpire\tests\bin\Debug\net8.0\Gravenspire.Combat.Tests.dll" adapterTypeName="executor://nunit3testexecutor/" className="Gravenspire.Tests.Integration.Gameplay.Combat.CombatTargetingPullLeashTest" name="test_social_assist_joins_eligible_actors_in_deterministic_order_with_default_threat" />
    </UnitTest>
    <UnitTest name="test_combat_clock_advance_ticks_uses_fixed_duration" storage="n:\gravenspire\tests\bin\debug\net8.0\gravenspire.combat.tests.dll" id="a3feacce-9d27-6f92-1f81-e196edaf7e5f">
      <Execution id="4488aadd-5a3f-46c6-9aaf-46a5cbca0170" />
      <TestMethod codeBase="N:\GravenSpire\tests\bin\Debug\net8.0\Gravenspire.Combat.Tests.dll" adapterTypeName="executor://nunit3testexecutor/" className="Gravenspire.Tests.Unit.Gameplay.Combat.CombatClockTest" name="test_combat_clock_advance_ticks_uses_fixed_duration" />
    </UnitTest>
    <UnitTest name="test_combat_fixture_loader_resolves_spells_tactical_instants_and_encounters" storage="n:\gravenspire\tests\bin\debug\net8.0\gravenspire.combat.tests.dll" id="266bd731-d588-a80c-eacd-29ab739a2cd1">
      <Execution id="153fbb43-fd1c-490f-a6c6-14366bbdcbd6" />
      <TestMethod codeBase="N:\GravenSpire\tests\bin\Debug\net8.0\Gravenspire.Combat.Tests.dll" adapterTypeName="executor://nunit3testexecutor/" className="Gravenspire.Tests.Integration.Gameplay.Combat.CombatFixtureLoadingTest" name="test_combat_fixture_loader_resolves_spells_tactical_instants_and_encounters" />
    </UnitTest>
    <UnitTest name="test_social_assist_pulses_are_bounded_and_join_once_per_pull_episode" storage="n:\gravenspire\tests\bin\debug\net8.0\gravenspire.combat.tests.dll" id="06c39495-a345-6c2f-adc5-af2e65ea0594">
      <Execution id="cc30c696-5461-40b6-bd1e-f25e7506fffb" />
      <TestMethod codeBase="N:\GravenSpire\tests\bin\Debug\net8.0\Gravenspire.Combat.Tests.dll" adapterTypeName="executor://nunit3testexecutor/" className="Gravenspire.Tests.Integration.Gameplay.Combat.CombatTargetingPullLeashTest" name="test_social_assist_pulses_are_bounded_and_join_once_per_pull_episode" />
    </UnitTest>
    <UnitTest name="test_passive_combat_paths_do_not_enable_attack(TabCycle)" storage="n:\gravenspire\tests\bin\debug\net8.0\gravenspire.combat.tests.dll" id="aaa2f95e-c9c2-de15-c24c-cee51fd7d071">
      <Execution id="6cf0fb8a-2362-4e7c-9e6b-abe53d3b1189" />
      <TestMethod codeBase="N:\GravenSpire\tests\bin\Debug\net8.0\Gravenspire.Combat.Tests.dll" adapterTypeName="executor://nunit3testexecutor/" className="Gravenspire.Tests.Integration.Gameplay.Combat.CombatAttackToggleStateMachineTest" name="test_passive_combat_paths_do_not_enable_attack(TabCycle)" />
    </UnitTest>
    <UnitTest name="test_interrupt_formula_rejects_invalid_ratio_bounds" storage="n:\gravenspire\tests\bin\debug\net8.0\gravenspire.combat.tests.dll" id="02e56309-b298-a27b-2925-0cd280ef05fe">
      <Execution id="0e6c71a7-829b-4865-a22f-ca17e0251542" />
      <TestMethod codeBase="N:\GravenSpire\tests\bin\Debug\net8.0\Gravenspire.Combat.Tests.dll" adapterTypeName="executor://nunit3testexecutor/" className="Gravenspire.Tests.Unit.Gameplay.Combat.CombatCastInterruptFormulasTest" name="test_interrupt_formula_rejects_invalid_ratio_bounds" />
    </UnitTest>
    <UnitTest name="test_combat_clock_reset_returns_known_tick" storage="n:\gravenspire\tests\bin\debug\net8.0\gravenspire.combat.tests.dll" id="2110dbca-f3ef-dc2c-8c82-2d0dd5997da9">
      <Execution id="95e6ddec-2be1-4cf3-a5a9-a7c1ad2cf990" />
      <TestMethod codeBase="N:\GravenSpire\tests\bin\Debug\net8.0\Gravenspire.Combat.Tests.dll" adapterTypeName="executor://nunit3testexecutor/" className="Gravenspire.Tests.Unit.Gameplay.Combat.CombatClockTest" name="test_combat_clock_reset_returns_known_tick" />
    </UnitTest>
    <UnitTest name="test_combat_fixture_loader_exposes_source_ref_aliases_for_downstream_validation" storage="n:\gravenspire\tests\bin\debug\net8.0\gravenspire.combat.tests.dll" id="a98270b6-3be0-ac77-57fe-95b162720f3c">
      <Execution id="1a9a7325-a339-45f3-9067-c70ff76ee5e2" />
      <TestMethod codeBase="N:\GravenSpire\tests\bin\Debug\net8.0\Gravenspire.Combat.Tests.dll" adapterTypeName="executor://nunit3testexecutor/" className="Gravenspire.Tests.Integration.Gameplay.Combat.CombatFixtureLoadingTest" name="test_combat_fixture_loader_exposes_source_ref_aliases_for_downstream_validation" />
    </UnitTest>
    <UnitTest name="test_body_pull_initializes_threat_and_pivot_signal_without_warning_affordances" storage="n:\gravenspire\tests\bin\debug\net8.0\gravenspire.combat.tests.dll" id="154d7153-cb1b-f71d-e606-63633464063a">
      <Execution id="3c62ce13-5957-4cfb-a56e-08ae4a1ce2ed" />
      <TestMethod codeBase="N:\GravenSpire\tests\bin\Debug\net8.0\Gravenspire.Combat.Tests.dll" adapterTypeName="executor://nunit3testexecutor/" className="Gravenspire.Tests.Integration.Gameplay.Combat.CombatTargetingPullLeashTest" name="test_body_pull_initializes_threat_and_pivot_signal_without_warning_affordances" />
    </UnitTest>
    <UnitTest name="test_los_query_contract_blocks_only_t1_occluder_layers_and_reports_buffer_overflow" storage="n:\gravenspire\tests\bin\debug\net8.0\gravenspire.combat.tests.dll" id="bd7e0408-3a77-bf6f-de7e-e05f6c4b76a7">
      <Execution id="c74d3620-1334-4228-ac39-1e324bfbf9fe" />
      <TestMethod codeBase="N:\GravenSpire\tests\bin\Debug\net8.0\Gravenspire.Combat.Tests.dll" adapterTypeName="executor://nunit3testexecutor/" className="Gravenspire.Tests.Integration.Gameplay.Combat.CombatTargetingPullLeashTest" name="test_los_query_contract_blocks_only_t1_occluder_layers_and_reports_buffer_overflow" />
    </UnitTest>
    <UnitTest name="test_interrupt_formula_matches_combat_core_worked_example" storage="n:\gravenspire\tests\bin\debug\net8.0\gravenspire.combat.tests.dll" id="7a68451b-e96f-6a9b-9ff3-fab2daa6a8bb">
      <Execution id="54f5cb3b-1145-479c-b89b-c7b3e1437deb" />
      <TestMethod codeBase="N:\GravenSpire\tests\bin\Debug\net8.0\Gravenspire.Combat.Tests.dll" adapterTypeName="executor://nunit3testexecutor/" className="Gravenspire.Tests.Unit.Gameplay.Combat.CombatCastInterruptFormulasTest" name="test_interrupt_formula_matches_combat_core_worked_example" />
    </UnitTest>
    <UnitTest name="test_melee_hit_chance_clamps_and_honors_boundary_inputs(1,60,0,300,0.1d)" storage="n:\gravenspire\tests\bin\debug\net8.0\gravenspire.combat.tests.dll" id="b64c07bb-9ea0-1dcd-fadf-25c58268b306">
      <Execution id="77567058-e4f6-40bf-b680-649307b3226a" />
      <TestMethod codeBase="N:\GravenSpire\tests\bin\Debug\net8.0\Gravenspire.Combat.Tests.dll" adapterTypeName="executor://nunit3testexecutor/" className="Gravenspire.Tests.Unit.Gameplay.Combat.CombatMeleeFormulasTest" name="test_melee_hit_chance_clamps_and_honors_boundary_inputs(1,60,0,300,0.1d)" />
    </UnitTest>
    <UnitTest name="test_cast_completion_spends_mana_and_enters_recovery" storage="n:\gravenspire\tests\bin\debug\net8.0\gravenspire.combat.tests.dll" id="30528113-4581-3233-1730-257d26eb61e8">
      <Execution id="b576fc53-2f9b-427c-997a-c9b58fac647a" />
      <TestMethod codeBase="N:\GravenSpire\tests\bin\Debug\net8.0\Gravenspire.Combat.Tests.dll" adapterTypeName="executor://nunit3testexecutor/" className="Gravenspire.Tests.Integration.Gameplay.Combat.CombatSlowCastFrameworkTest" name="test_cast_completion_spends_mana_and_enters_recovery" />
    </UnitTest>
    <UnitTest name="test_melee_damage_successful_hit_never_drops_below_minimum_damage" storage="n:\gravenspire\tests\bin\debug\net8.0\gravenspire.combat.tests.dll" id="43c755cb-28bd-db4d-1012-f36a8b40cc25">
      <Execution id="e55245a4-e2ab-4ca4-8849-0c388f55cbee" />
      <TestMethod codeBase="N:\GravenSpire\tests\bin\Debug\net8.0\Gravenspire.Combat.Tests.dll" adapterTypeName="executor://nunit3testexecutor/" className="Gravenspire.Tests.Unit.Gameplay.Combat.CombatMeleeFormulasTest" name="test_melee_damage_successful_hit_never_drops_below_minimum_damage" />
    </UnitTest>
    <UnitTest name="test_combat_actor_state_contains_required_runtime_and_stable_fields" storage="n:\gravenspire\tests\bin\debug\net8.0\gravenspire.combat.tests.dll" id="53728362-84cd-7548-bf24-25b503edc85b">
      <Execution id="7f541ba5-24c9-423e-91fb-c3ef52b8b845" />
      <TestMethod codeBase="N:\GravenSpire\tests\bin\Debug\net8.0\Gravenspire.Combat.Tests.dll" adapterTypeName="executor://nunit3testexecutor/" className="Gravenspire.Tests.Unit.Gameplay.Combat.CombatActorStateTest" name="test_combat_actor_state_contains_required_runtime_and_stable_fields" />
    </UnitTest>
    <UnitTest name="test_interrupt_formula_clamps_to_injected_bounds(1,1000,0.0d,4.0d,0.05d)" storage="n:\gravenspire\tests\bin\debug\net8.0\gravenspire.combat.tests.dll" id="f49cc549-0bac-129f-417a-aec8c8013619">
      <Execution id="3a866d59-cbb8-4d37-94f5-f5a0ef45194f" />
      <TestMethod codeBase="N:\GravenSpire\tests\bin\Debug\net8.0\Gravenspire.Combat.Tests.dll" adapterTypeName="executor://nunit3testexecutor/" className="Gravenspire.Tests.Unit.Gameplay.Combat.CombatCastInterruptFormulasTest" name="test_interrupt_formula_clamps_to_injected_bounds(1,1000,0.0d,4.0d,0.05d)" />
    </UnitTest>
    <UnitTest name="test_zero_and_blocked_damage_do_not_roll_interrupt" storage="n:\gravenspire\tests\bin\debug\net8.0\gravenspire.combat.tests.dll" id="654cd8b7-1699-dc3f-0011-40dd09624b1b">
      <Execution id="9ead8e9c-d769-4d58-a783-cbc7a543e2ee" />
      <TestMethod codeBase="N:\GravenSpire\tests\bin\Debug\net8.0\Gravenspire.Combat.Tests.dll" adapterTypeName="executor://nunit3testexecutor/" className="Gravenspire.Tests.Integration.Gameplay.Combat.CombatSlowCastFrameworkTest" name="test_zero_and_blocked_damage_do_not_roll_interrupt" />
    </UnitTest>
    <UnitTest name="test_player_toggle_on_with_valid_hostile_target_turns_attack_on_and_schedules_weapon_tick" storage="n:\gravenspire\tests\bin\debug\net8.0\gravenspire.combat.tests.dll" id="ea5b3a0a-b5a5-7379-64fa-6706fbddd192">
      <Execution id="65052269-b90e-49ec-8f7e-2d32149c6f61" />
      <TestMethod codeBase="N:\GravenSpire\tests\bin\Debug\net8.0\Gravenspire.Combat.Tests.dll" adapterTypeName="executor://nunit3testexecutor/" className="Gravenspire.Tests.Integration.Gameplay.Combat.CombatAttackToggleStateMachineTest" name="test_player_toggle_on_with_valid_hostile_target_turns_attack_on_and_schedules_weapon_tick" />
    </UnitTest>
    <UnitTest name="test_combat_actor_hydration_accepts_valid_cleric_mid_baseline" storage="n:\gravenspire\tests\bin\debug\net8.0\gravenspire.combat.tests.dll" id="bb8dc6f4-1ae0-aced-345b-a1c6887f9fd7">
      <Execution id="75771495-de6e-437d-b064-527618658a7c" />
      <TestMethod codeBase="N:\GravenSpire\tests\bin\Debug\net8.0\Gravenspire.Combat.Tests.dll" adapterTypeName="executor://nunit3testexecutor/" className="Gravenspire.Tests.Integration.Gameplay.Combat.CombatActorHydrationTest" name="test_combat_actor_hydration_accepts_valid_cleric_mid_baseline" />
    </UnitTest>
    <UnitTest name="test_same_tick_death_priority_discards_scheduled_swing_before_random_roll" storage="n:\gravenspire\tests\bin\debug\net8.0\gravenspire.combat.tests.dll" id="dbb1fc28-d235-c7de-149d-f3820c8f4616">
      <Execution id="e66af5d8-1229-47d9-9642-aa1bda32f20e" />
      <TestMethod codeBase="N:\GravenSpire\tests\bin\Debug\net8.0\Gravenspire.Combat.Tests.dll" adapterTypeName="executor://nunit3testexecutor/" className="Gravenspire.Tests.Integration.Gameplay.Combat.CombatMeleeTickResolutionTest" name="test_same_tick_death_priority_discards_scheduled_swing_before_random_roll" />
    </UnitTest>
    <UnitTest name="test_same_tick_completion_resolves_before_new_interrupt_check" storage="n:\gravenspire\tests\bin\debug\net8.0\gravenspire.combat.tests.dll" id="9a93491d-56b0-146c-3bd6-95e62dc7f955">
      <Execution id="9a46b564-fb2e-49a5-a60b-c67e83d584fc" />
      <TestMethod codeBase="N:\GravenSpire\tests\bin\Debug\net8.0\Gravenspire.Combat.Tests.dll" adapterTypeName="executor://nunit3testexecutor/" className="Gravenspire.Tests.Integration.Gameplay.Combat.CombatSlowCastFrameworkTest" name="test_same_tick_completion_resolves_before_new_interrupt_check" />
    </UnitTest>
    <UnitTest name="test_combat_fixture_loader_keeps_fixture_tuning_values_out_of_production_logic" storage="n:\gravenspire\tests\bin\debug\net8.0\gravenspire.combat.tests.dll" id="8cb1d39d-b99a-87af-34ee-20bd0cf34e93">
      <Execution id="29b05e1d-2a81-43dc-9c16-be3360276ed0" />
      <TestMethod codeBase="N:\GravenSpire\tests\bin\Debug\net8.0\Gravenspire.Combat.Tests.dll" adapterTypeName="executor://nunit3testexecutor/" className="Gravenspire.Tests.Integration.Gameplay.Combat.CombatFixtureLoadingTest" name="test_combat_fixture_loader_keeps_fixture_tuning_values_out_of_production_logic" />
    </UnitTest>
    <UnitTest name="test_valid_six_second_cast_enters_casting_and_reports_progress" storage="n:\gravenspire\tests\bin\debug\net8.0\gravenspire.combat.tests.dll" id="08d6ac0c-0b6e-6c33-9973-634514ba5a56">
      <Execution id="d659f7ae-1fef-4e38-9b7b-b582c23c496c" />
      <TestMethod codeBase="N:\GravenSpire\tests\bin\Debug\net8.0\Gravenspire.Combat.Tests.dll" adapterTypeName="executor://nunit3testexecutor/" className="Gravenspire.Tests.Integration.Gameplay.Combat.CombatSlowCastFrameworkTest" name="test_valid_six_second_cast_enters_casting_and_reports_progress" />
    </UnitTest>
    <UnitTest name="test_forced_off_conditions_turn_attack_off_and_emit_hud_safe_signal(TargetDeath)" storage="n:\gravenspire\tests\bin\debug\net8.0\gravenspire.combat.tests.dll" id="fd812598-b183-a49b-9046-c8aa53abc929">
      <Execution id="22e20f92-aaf5-4cae-a1e2-be2875e64d43" />
      <TestMethod codeBase="N:\GravenSpire\tests\bin\Debug\net8.0\Gravenspire.Combat.Tests.dll" adapterTypeName="executor://nunit3testexecutor/" className="Gravenspire.Tests.Integration.Gameplay.Combat.CombatAttackToggleStateMachineTest" name="test_forced_off_conditions_turn_attack_off_and_emit_hud_safe_signal(TargetDeath)" />
    </UnitTest>
    <UnitTest name="test_manual_cancel_emits_event_and_spends_no_mana" storage="n:\gravenspire\tests\bin\debug\net8.0\gravenspire.combat.tests.dll" id="3e3d4afd-172a-7d35-4ed8-600e77be4e5e">
      <Execution id="4e0520d6-1913-4be0-be6e-8d7454b85090" />
      <TestMethod codeBase="N:\GravenSpire\tests\bin\Debug\net8.0\Gravenspire.Combat.Tests.dll" adapterTypeName="executor://nunit3testexecutor/" className="Gravenspire.Tests.Integration.Gameplay.Combat.CombatSlowCastFrameworkTest" name="test_manual_cancel_emits_event_and_spends_no_mana" />
    </UnitTest>
    <UnitTest name="test_target_selection_filters_dead_out_of_radius_blocked_los_and_orders_deterministically" storage="n:\gravenspire\tests\bin\debug\net8.0\gravenspire.combat.tests.dll" id="f0d5177a-e97c-d50d-f458-8f7bac4f52bc">
      <Execution id="ce55180c-ec44-4f52-8a6f-ee7e88b03002" />
      <TestMethod codeBase="N:\GravenSpire\tests\bin\Debug\net8.0\Gravenspire.Combat.Tests.dll" adapterTypeName="executor://nunit3testexecutor/" className="Gravenspire.Tests.Integration.Gameplay.Combat.CombatTargetingPullLeashTest" name="test_target_selection_filters_dead_out_of_radius_blocked_los_and_orders_deterministically" />
    </UnitTest>
    <UnitTest name="test_eligible_weapon_tick_revalidates_range_facing_los_and_alive_state(&quot;out of range&quot;,3.0d,0.0d,False,False,OutOfRange)" storage="n:\gravenspire\tests\bin\debug\net8.0\gravenspire.combat.tests.dll" id="0ade053e-d8d5-65c4-7361-eb338196a9dc">
      <Execution id="ecad03ab-b78c-4174-a423-6817eb96781d" />
      <TestMethod codeBase="N:\GravenSpire\tests\bin\Debug\net8.0\Gravenspire.Combat.Tests.dll" adapterTypeName="executor://nunit3testexecutor/" className="Gravenspire.Tests.Integration.Gameplay.Combat.CombatMeleeTickResolutionTest" name="test_eligible_weapon_tick_revalidates_range_facing_los_and_alive_state(&quot;out of range&quot;,3.0d,0.0d,False,False,OutOfRange)" />
    </UnitTest>
    <UnitTest name="test_city_hub_zone_disables_targeting_claim_threat_damage_and_kill_credit" storage="n:\gravenspire\tests\bin\debug\net8.0\gravenspire.combat.tests.dll" id="de8ee3a3-9174-40d5-2212-68f9a477a22a">
      <Execution id="c1b63354-0809-43c5-bce4-17e8b07ba79f" />
      <TestMethod codeBase="N:\GravenSpire\tests\bin\Debug\net8.0\Gravenspire.Combat.Tests.dll" adapterTypeName="executor://nunit3testexecutor/" className="Gravenspire.Tests.Integration.Gameplay.Combat.CombatTargetingPullLeashTest" name="test_city_hub_zone_disables_targeting_claim_threat_damage_and_kill_credit" />
    </UnitTest>
    <UnitTest name="test_combat_fixture_package_resolves_cleric_mid_t1_design_values" storage="n:\gravenspire\tests\bin\debug\net8.0\gravenspire.combat.tests.dll" id="cf622bc6-ba9f-8306-05b4-a05cbcfe5e6f">
      <Execution id="7acc05ba-9ed7-4d8b-8d9b-992d3d8f6959" />
      <TestMethod codeBase="N:\GravenSpire\tests\bin\Debug\net8.0\Gravenspire.Combat.Tests.dll" adapterTypeName="executor://nunit3testexecutor/" className="Gravenspire.Tests.Unit.Gameplay.Combat.CombatFixtureValidationTest" name="test_combat_fixture_package_resolves_cleric_mid_t1_design_values" />
    </UnitTest>
    <UnitTest name="test_passive_combat_paths_do_not_enable_attack(SpellPull)" storage="n:\gravenspire\tests\bin\debug\net8.0\gravenspire.combat.tests.dll" id="31dd81de-6124-96ae-941c-8106255da461">
      <Execution id="5fa4cfce-6bce-4607-9109-fa0e1e5872ed" />
      <TestMethod codeBase="N:\GravenSpire\tests\bin\Debug\net8.0\Gravenspire.Combat.Tests.dll" adapterTypeName="executor://nunit3testexecutor/" className="Gravenspire.Tests.Integration.Gameplay.Combat.CombatAttackToggleStateMachineTest" name="test_passive_combat_paths_do_not_enable_attack(SpellPull)" />
    </UnitTest>
    <UnitTest name="test_fixed_tick_melee_resolution_at_fifty_hz_is_frame_rate_independent" storage="n:\gravenspire\tests\bin\debug\net8.0\gravenspire.combat.tests.dll" id="20b6918d-1a40-3669-7480-f4692fd34d7a">
      <Execution id="dcf0f099-e30f-44a6-a2e5-724aba37415e" />
      <TestMethod codeBase="N:\GravenSpire\tests\bin\Debug\net8.0\Gravenspire.Combat.Tests.dll" adapterTypeName="executor://nunit3testexecutor/" className="Gravenspire.Tests.Integration.Gameplay.Combat.CombatMeleeTickResolutionTest" name="test_fixed_tick_melee_resolution_at_fifty_hz_is_frame_rate_independent" />
    </UnitTest>
    <UnitTest name="test_successful_sit_forces_attack_off_before_later_regen_or_threat_updates" storage="n:\gravenspire\tests\bin\debug\net8.0\gravenspire.combat.tests.dll" id="200e58b1-bdbe-12db-780e-939900502b83">
      <Execution id="f4bf4412-f07c-4c99-8372-cd9696700bde" />
      <TestMethod codeBase="N:\GravenSpire\tests\bin\Debug\net8.0\Gravenspire.Combat.Tests.dll" adapterTypeName="executor://nunit3testexecutor/" className="Gravenspire.Tests.Integration.Gameplay.Combat.CombatAttackToggleStateMachineTest" name="test_successful_sit_forces_attack_off_before_later_regen_or_threat_updates" />
    </UnitTest>
    <UnitTest name="test_forced_off_conditions_turn_attack_off_and_emit_hud_safe_signal(CombatExit)" storage="n:\gravenspire\tests\bin\debug\net8.0\gravenspire.combat.tests.dll" id="e4d26672-bbc8-fbed-42f5-2935da89aaad">
      <Execution id="257cac7b-90b3-4bb5-b366-3eed581c5e3e" />
      <TestMethod codeBase="N:\GravenSpire\tests\bin\Debug\net8.0\Gravenspire.Combat.Tests.dll" adapterTypeName="executor://nunit3testexecutor/" className="Gravenspire.Tests.Integration.Gameplay.Combat.CombatAttackToggleStateMachineTest" name="test_forced_off_conditions_turn_attack_off_and_emit_hud_safe_signal(CombatExit)" />
    </UnitTest>
    <UnitTest name="test_combat_fixture_validator_rejects_missing_required_rows" storage="n:\gravenspire\tests\bin\debug\net8.0\gravenspire.combat.tests.dll" id="48510470-e43e-af14-e67a-0936ddabfdcc">
      <Execution id="cfde02f5-e1b3-4df7-986f-2f4d68df92c4" />
      <TestMethod codeBase="N:\GravenSpire\tests\bin\Debug\net8.0\Gravenspire.Combat.Tests.dll" adapterTypeName="executor://nunit3testexecutor/" className="Gravenspire.Tests.Unit.Gameplay.Combat.CombatFixtureValidationTest" name="test_combat_fixture_validator_rejects_missing_required_rows" />
    </UnitTest>
    <UnitTest name="test_eligible_weapon_tick_revalidates_range_facing_los_and_alive_state(&quot;bad facing&quot;,1.5d,120.0d,False,False,FacingBlocked)" storage="n:\gravenspire\tests\bin\debug\net8.0\gravenspire.combat.tests.dll" id="3047f30d-2248-6654-3e64-02b635dc3ac6">
      <Execution id="0948c0ee-9254-419e-b319-f7033c53c025" />
      <TestMethod codeBase="N:\GravenSpire\tests\bin\Debug\net8.0\Gravenspire.Combat.Tests.dll" adapterTypeName="executor://nunit3testexecutor/" className="Gravenspire.Tests.Integration.Gameplay.Combat.CombatMeleeTickResolutionTest" name="test_eligible_weapon_tick_revalidates_range_facing_los_and_alive_state(&quot;bad facing&quot;,1.5d,120.0d,False,False,FacingBlocked)" />
    </UnitTest>
    <UnitTest name="test_combat_actor_hydration_rejects_dead_current_health_without_death_handoff" storage="n:\gravenspire\tests\bin\debug\net8.0\gravenspire.combat.tests.dll" id="8f874cde-082c-7895-5ff6-5c9a8b22eaec">
      <Execution id="94ae93aa-514a-4a3e-8cbf-2ed3c3aaab12" />
      <TestMethod codeBase="N:\GravenSpire\tests\bin\Debug\net8.0\Gravenspire.Combat.Tests.dll" adapterTypeName="executor://nunit3testexecutor/" className="Gravenspire.Tests.Integration.Gameplay.Combat.CombatActorHydrationTest" name="test_combat_actor_hydration_rejects_dead_current_health_without_death_handoff" />
    </UnitTest>
    <UnitTest name="test_eligible_weapon_tick_revalidates_range_facing_los_and_alive_state(&quot;same tick death&quot;,1.5d,0.0d,False,True,TargetAlreadyDead)" storage="n:\gravenspire\tests\bin\debug\net8.0\gravenspire.combat.tests.dll" id="987ab916-60fd-22f3-5057-0ccd73c9d3b6">
      <Execution id="1a2c9a74-e2f4-4879-9c4c-f4c455feba01" />
      <TestMethod codeBase="N:\GravenSpire\tests\bin\Debug\net8.0\Gravenspire.Combat.Tests.dll" adapterTypeName="executor://nunit3testexecutor/" className="Gravenspire.Tests.Integration.Gameplay.Combat.CombatMeleeTickResolutionTest" name="test_eligible_weapon_tick_revalidates_range_facing_los_and_alive_state(&quot;same tick death&quot;,1.5d,0.0d,False,True,TargetAlreadyDead)" />
    </UnitTest>
    <UnitTest name="test_forced_off_conditions_turn_attack_off_and_emit_hud_safe_signal(PlayerDeath)" storage="n:\gravenspire\tests\bin\debug\net8.0\gravenspire.combat.tests.dll" id="ca3de4af-a428-ab10-8245-726ed4f5d8d7">
      <Execution id="7f49e8c3-959a-4c01-aa32-6d15c2d160ae" />
      <TestMethod codeBase="N:\GravenSpire\tests\bin\Debug\net8.0\Gravenspire.Combat.Tests.dll" adapterTypeName="executor://nunit3testexecutor/" className="Gravenspire.Tests.Integration.Gameplay.Combat.CombatAttackToggleStateMachineTest" name="test_forced_off_conditions_turn_attack_off_and_emit_hud_safe_signal(PlayerDeath)" />
    </UnitTest>
    <UnitTest name="test_melee_hit_chance_clamps_and_honors_boundary_inputs(60,1,300,0,0.92d)" storage="n:\gravenspire\tests\bin\debug\net8.0\gravenspire.combat.tests.dll" id="2238a2b9-f43e-5a9e-eaa2-2ae1b817016c">
      <Execution id="22b8e0e6-6895-4a7c-8f9b-0275194947d7" />
      <TestMethod codeBase="N:\GravenSpire\tests\bin\Debug\net8.0\Gravenspire.Combat.Tests.dll" adapterTypeName="executor://nunit3testexecutor/" className="Gravenspire.Tests.Unit.Gameplay.Combat.CombatMeleeFormulasTest" name="test_melee_hit_chance_clamps_and_honors_boundary_inputs(60,1,300,0,0.92d)" />
    </UnitTest>
    <UnitTest name="test_combat_fixture_package_resolves_targeting_pull_and_leash_tuning" storage="n:\gravenspire\tests\bin\debug\net8.0\gravenspire.combat.tests.dll" id="f370e923-3d1c-0b1f-475c-90253f167f9c">
      <Execution id="0dae3591-094d-49ff-89c5-7b15df568ded" />
      <TestMethod codeBase="N:\GravenSpire\tests\bin\Debug\net8.0\Gravenspire.Combat.Tests.dll" adapterTypeName="executor://nunit3testexecutor/" className="Gravenspire.Tests.Unit.Gameplay.Combat.CombatFixtureValidationTest" name="test_combat_fixture_package_resolves_targeting_pull_and_leash_tuning" />
    </UnitTest>
    <UnitTest name="test_out_of_range_swing_skips_damage_and_schedules_only_next_weapon_delay" storage="n:\gravenspire\tests\bin\debug\net8.0\gravenspire.combat.tests.dll" id="2b048ff7-b91b-9cc4-1df8-e1250284fefb">
      <Execution id="40aa46fe-6a93-41dc-839c-b56ba6e7d256" />
      <TestMethod codeBase="N:\GravenSpire\tests\bin\Debug\net8.0\Gravenspire.Combat.Tests.dll" adapterTypeName="executor://nunit3testexecutor/" className="Gravenspire.Tests.Integration.Gameplay.Combat.CombatMeleeTickResolutionTest" name="test_out_of_range_swing_skips_damage_and_schedules_only_next_weapon_delay" />
    </UnitTest>
    <UnitTest name="test_passive_combat_paths_do_not_enable_attack(SocialAssist)" storage="n:\gravenspire\tests\bin\debug\net8.0\gravenspire.combat.tests.dll" id="2f23a5a2-5506-12da-46f3-d78e76fe496a">
      <Execution id="3ffd15a8-e8fe-4932-a5ac-2ec18f866e3c" />
      <TestMethod codeBase="N:\GravenSpire\tests\bin\Debug\net8.0\Gravenspire.Combat.Tests.dll" adapterTypeName="executor://nunit3testexecutor/" className="Gravenspire.Tests.Integration.Gameplay.Combat.CombatAttackToggleStateMachineTest" name="test_passive_combat_paths_do_not_enable_attack(SocialAssist)" />
    </UnitTest>
    <UnitTest name="test_passive_combat_paths_do_not_enable_attack(SpellCast)" storage="n:\gravenspire\tests\bin\debug\net8.0\gravenspire.combat.tests.dll" id="b41a1ac5-a9b0-0f1c-ceb9-29a7783030c4">
      <Execution id="6904a8e5-1b59-4f5b-9c23-56d6e93d4f74" />
      <TestMethod codeBase="N:\GravenSpire\tests\bin\Debug\net8.0\Gravenspire.Combat.Tests.dll" adapterTypeName="executor://nunit3testexecutor/" className="Gravenspire.Tests.Integration.Gameplay.Combat.CombatAttackToggleStateMachineTest" name="test_passive_combat_paths_do_not_enable_attack(SpellCast)" />
    </UnitTest>
    <UnitTest name="test_toggle_on_with_no_valid_hostile_target_noops_and_leaves_attack_off" storage="n:\gravenspire\tests\bin\debug\net8.0\gravenspire.combat.tests.dll" id="a4864b1c-7b9b-d74d-db76-5dc6cabb4195">
      <Execution id="8f7d4698-134d-42ae-b415-3e9049d161f5" />
      <TestMethod codeBase="N:\GravenSpire\tests\bin\Debug\net8.0\Gravenspire.Combat.Tests.dll" adapterTypeName="executor://nunit3testexecutor/" className="Gravenspire.Tests.Integration.Gameplay.Combat.CombatAttackToggleStateMachineTest" name="test_toggle_on_with_no_valid_hostile_target_noops_and_leaves_attack_off" />
    </UnitTest>
    <UnitTest name="test_haunt_zone_gate_enables_claim_targeting_and_pull" storage="n:\gravenspire\tests\bin\debug\net8.0\gravenspire.combat.tests.dll" id="741b39a7-a224-087a-4da7-d30dea041ad0">
      <Execution id="4ef58ecd-c2e0-4b21-b966-06d3691cf860" />
      <TestMethod codeBase="N:\GravenSpire\tests\bin\Debug\net8.0\Gravenspire.Combat.Tests.dll" adapterTypeName="executor://nunit3testexecutor/" className="Gravenspire.Tests.Integration.Gameplay.Combat.CombatTargetingPullLeashTest" name="test_haunt_zone_gate_enables_claim_targeting_and_pull" />
    </UnitTest>
    <UnitTest name="test_damage_interrupt_emits_event_and_spends_no_mana" storage="n:\gravenspire\tests\bin\debug\net8.0\gravenspire.combat.tests.dll" id="36dbb467-76d7-f6f7-e6d2-66366935fd96">
      <Execution id="659dcd15-28a8-44f6-a852-dbda6004f093" />
      <TestMethod codeBase="N:\GravenSpire\tests\bin\Debug\net8.0\Gravenspire.Combat.Tests.dll" adapterTypeName="executor://nunit3testexecutor/" className="Gravenspire.Tests.Integration.Gameplay.Combat.CombatSlowCastFrameworkTest" name="test_damage_interrupt_emits_event_and_spends_no_mana" />
    </UnitTest>
    <UnitTest name="test_unapproved_transition_path_cannot_change_attack_state" storage="n:\gravenspire\tests\bin\debug\net8.0\gravenspire.combat.tests.dll" id="0aaeafb3-de1a-f812-f2ac-45c18e263dad">
      <Execution id="e3652cc9-fdca-4b3d-a0d4-38fc49644b67" />
      <TestMethod codeBase="N:\GravenSpire\tests\bin\Debug\net8.0\Gravenspire.Combat.Tests.dll" adapterTypeName="executor://nunit3testexecutor/" className="Gravenspire.Tests.Integration.Gameplay.Combat.CombatAttackToggleStateMachineTest" name="test_unapproved_transition_path_cannot_change_attack_state" />
    </UnitTest>
    <UnitTest name="test_combat_actor_hydration_rejects_missing_baseline_snapshot" storage="n:\gravenspire\tests\bin\debug\net8.0\gravenspire.combat.tests.dll" id="10713985-d7d6-30bf-3ee2-5dfc0ecc66c3">
      <Execution id="b5a4a730-6f68-43b8-b94e-7af53d23fd97" />
      <TestMethod codeBase="N:\GravenSpire\tests\bin\Debug\net8.0\Gravenspire.Combat.Tests.dll" adapterTypeName="executor://nunit3testexecutor/" className="Gravenspire.Tests.Integration.Gameplay.Combat.CombatActorHydrationTest" name="test_combat_actor_hydration_rejects_missing_baseline_snapshot" />
    </UnitTest>
    <UnitTest name="test_seeded_fixture_melee_damage_executes_low_and_top_extremes_inside_trash_band" storage="n:\gravenspire\tests\bin\debug\net8.0\gravenspire.combat.tests.dll" id="505a48d1-2ea7-aac4-560e-84e937c343d2">
      <Execution id="88d93c51-e4f5-4c81-9c50-4a0e5501b1a9" />
      <TestMethod codeBase="N:\GravenSpire\tests\bin\Debug\net8.0\Gravenspire.Combat.Tests.dll" adapterTypeName="executor://nunit3testexecutor/" className="Gravenspire.Tests.Unit.Gameplay.Combat.CombatMeleeFormulasTest" name="test_seeded_fixture_melee_damage_executes_low_and_top_extremes_inside_trash_band" />
    </UnitTest>
    <UnitTest name="test_zone_transition_clears_transient_combat_state_and_blocks_incoming_zone_results" storage="n:\gravenspire\tests\bin\debug\net8.0\gravenspire.combat.tests.dll" id="0c860a0f-52ea-c4f2-d829-13733bfc3183">
      <Execution id="cdb9c39f-435a-4f17-97bf-695d904057d8" />
      <TestMethod codeBase="N:\GravenSpire\tests\bin\Debug\net8.0\Gravenspire.Combat.Tests.dll" adapterTypeName="executor://nunit3testexecutor/" className="Gravenspire.Tests.Integration.Gameplay.Combat.CombatTargetingPullLeashTest" name="test_zone_transition_clears_transient_combat_state_and_blocks_incoming_zone_results" />
    </UnitTest>
    <UnitTest name="test_path_failure_enters_leashing_after_grace_and_requests_return_to_anchor" storage="n:\gravenspire\tests\bin\debug\net8.0\gravenspire.combat.tests.dll" id="07b3e8a3-fa79-9867-6c2d-09f8c62b4af9">
      <Execution id="205c02f3-4b61-4ce2-b6ab-cdf89c622b5b" />
      <TestMethod codeBase="N:\GravenSpire\tests\bin\Debug\net8.0\Gravenspire.Combat.Tests.dll" adapterTypeName="executor://nunit3testexecutor/" className="Gravenspire.Tests.Integration.Gameplay.Combat.CombatTargetingPullLeashTest" name="test_path_failure_enters_leashing_after_grace_and_requests_return_to_anchor" />
    </UnitTest>
    <UnitTest name="test_passive_combat_paths_do_not_enable_attack(TargetSelection)" storage="n:\gravenspire\tests\bin\debug\net8.0\gravenspire.combat.tests.dll" id="3db8fcda-c6b4-81b1-6f22-2b5a6cbf12d4">
      <Execution id="932e1fac-a90b-428f-90ba-f65b11bdaa7c" />
      <TestMethod codeBase="N:\GravenSpire\tests\bin\Debug\net8.0\Gravenspire.Combat.Tests.dll" adapterTypeName="executor://nunit3testexecutor/" className="Gravenspire.Tests.Integration.Gameplay.Combat.CombatAttackToggleStateMachineTest" name="test_passive_combat_paths_do_not_enable_attack(TargetSelection)" />
    </UnitTest>
    <UnitTest name="test_melee_damage_design_example_returns_nine_damage" storage="n:\gravenspire\tests\bin\debug\net8.0\gravenspire.combat.tests.dll" id="806434a1-b6bb-8628-2e8e-893c6a0ead81">
      <Execution id="1ddbb6ed-ceaa-49f5-b80b-4912afb2075a" />
      <TestMethod codeBase="N:\GravenSpire\tests\bin\Debug\net8.0\Gravenspire.Combat.Tests.dll" adapterTypeName="executor://nunit3testexecutor/" className="Gravenspire.Tests.Unit.Gameplay.Combat.CombatMeleeFormulasTest" name="test_melee_damage_design_example_returns_nine_damage" />
    </UnitTest>
    <UnitTest name="test_combat_fixture_package_declares_default_social_assist_profile" storage="n:\gravenspire\tests\bin\debug\net8.0\gravenspire.combat.tests.dll" id="6b7c1f71-5e0b-e619-c3a2-80a9a674d6f5">
      <Execution id="7654cd8f-be7d-464a-bc67-7a426503ea86" />
      <TestMethod codeBase="N:\GravenSpire\tests\bin\Debug\net8.0\Gravenspire.Combat.Tests.dll" adapterTypeName="executor://nunit3testexecutor/" className="Gravenspire.Tests.Unit.Gameplay.Combat.CombatFixtureValidationTest" name="test_combat_fixture_package_declares_default_social_assist_profile" />
    </UnitTest>
    <UnitTest name="test_combat_clock_rejects_invalid_tick_rate" storage="n:\gravenspire\tests\bin\debug\net8.0\gravenspire.combat.tests.dll" id="90583ee3-46fc-7f9b-dfe6-31a5296a3684">
      <Execution id="f64debad-2c50-47b0-b679-fbc56fd3f772" />
      <TestMethod codeBase="N:\GravenSpire\tests\bin\Debug\net8.0\Gravenspire.Combat.Tests.dll" adapterTypeName="executor://nunit3testexecutor/" className="Gravenspire.Tests.Unit.Gameplay.Combat.CombatClockTest" name="test_combat_clock_rejects_invalid_tick_rate" />
    </UnitTest>
    <UnitTest name="test_combat_actor_state_rejects_transient_threat_table_negative_values" storage="n:\gravenspire\tests\bin\debug\net8.0\gravenspire.combat.tests.dll" id="7e83c692-4866-4e8e-1f06-6afdc03fe9f9">
      <Execution id="76502d72-f64b-4134-a498-cc3483306edb" />
      <TestMethod codeBase="N:\GravenSpire\tests\bin\Debug\net8.0\Gravenspire.Combat.Tests.dll" adapterTypeName="executor://nunit3testexecutor/" className="Gravenspire.Tests.Unit.Gameplay.Combat.CombatActorStateTest" name="test_combat_actor_state_rejects_transient_threat_table_negative_values" />
    </UnitTest>
    <UnitTest name="test_eligible_weapon_tick_revalidates_range_facing_los_and_alive_state(&quot;blocked sight&quot;,1.5d,0.0d,True,False,LineOfSightBlocked)" storage="n:\gravenspire\tests\bin\debug\net8.0\gravenspire.combat.tests.dll" id="2ecd3eba-6723-1021-f114-0e0dd818e4a3">
      <Execution id="92332188-2902-48c0-9734-9ba7a71bec1f" />
      <TestMethod codeBase="N:\GravenSpire\tests\bin\Debug\net8.0\Gravenspire.Combat.Tests.dll" adapterTypeName="executor://nunit3testexecutor/" className="Gravenspire.Tests.Integration.Gameplay.Combat.CombatMeleeTickResolutionTest" name="test_eligible_weapon_tick_revalidates_range_facing_los_and_alive_state(&quot;blocked sight&quot;,1.5d,0.0d,True,False,LineOfSightBlocked)" />
    </UnitTest>
  </TestDefinitions>
  <TestEntries>
    <TestEntry testId="38742b76-5145-41c4-946f-5a2aa209a875" executionId="c0b53ee3-8977-4505-8c3c-39007525e427" testListId="8c84fa94-04c1-424b-9868-57a2d4851a1d" />
    <TestEntry testId="0fd97fbd-f6f7-6b36-7e79-decbebde8209" executionId="8e06d591-3174-4bc2-9310-68aaf74bf8b9" testListId="8c84fa94-04c1-424b-9868-57a2d4851a1d" />
    <TestEntry testId="31dd81de-6124-96ae-941c-8106255da461" executionId="5fa4cfce-6bce-4607-9109-fa0e1e5872ed" testListId="8c84fa94-04c1-424b-9868-57a2d4851a1d" />
    <TestEntry testId="30528113-4581-3233-1730-257d26eb61e8" executionId="b576fc53-2f9b-427c-997a-c9b58fac647a" testListId="8c84fa94-04c1-424b-9868-57a2d4851a1d" />
    <TestEntry testId="3db8fcda-c6b4-81b1-6f22-2b5a6cbf12d4" executionId="932e1fac-a90b-428f-90ba-f65b11bdaa7c" testListId="8c84fa94-04c1-424b-9868-57a2d4851a1d" />
    <TestEntry testId="2b048ff7-b91b-9cc4-1df8-e1250284fefb" executionId="40aa46fe-6a93-41dc-839c-b56ba6e7d256" testListId="8c84fa94-04c1-424b-9868-57a2d4851a1d" />
    <TestEntry testId="200e58b1-bdbe-12db-780e-939900502b83" executionId="f4bf4412-f07c-4c99-8372-cd9696700bde" testListId="8c84fa94-04c1-424b-9868-57a2d4851a1d" />
    <TestEntry testId="09b07e53-993b-b255-9c37-85cc605e7693" executionId="147faf22-f31c-4879-a82f-dbf981e974f2" testListId="8c84fa94-04c1-424b-9868-57a2d4851a1d" />
    <TestEntry testId="dbb1fc28-d235-c7de-149d-f3820c8f4616" executionId="e66af5d8-1229-47d9-9642-aa1bda32f20e" testListId="8c84fa94-04c1-424b-9868-57a2d4851a1d" />
    <TestEntry testId="0ec27a4d-7366-16e3-5f56-78d5b8174932" executionId="f1e8820d-ee1f-4501-bce0-3a1cff69d50f" testListId="8c84fa94-04c1-424b-9868-57a2d4851a1d" />
    <TestEntry testId="7a68451b-e96f-6a9b-9ff3-fab2daa6a8bb" executionId="54f5cb3b-1145-479c-b89b-c7b3e1437deb" testListId="8c84fa94-04c1-424b-9868-57a2d4851a1d" />
    <TestEntry testId="07b3e8a3-fa79-9867-6c2d-09f8c62b4af9" executionId="205c02f3-4b61-4ce2-b6ab-cdf89c622b5b" testListId="8c84fa94-04c1-424b-9868-57a2d4851a1d" />
    <TestEntry testId="8f874cde-082c-7895-5ff6-5c9a8b22eaec" executionId="94ae93aa-514a-4a3e-8cbf-2ed3c3aaab12" testListId="8c84fa94-04c1-424b-9868-57a2d4851a1d" />
    <TestEntry testId="987ab916-60fd-22f3-5057-0ccd73c9d3b6" executionId="1a2c9a74-e2f4-4879-9c4c-f4c455feba01" testListId="8c84fa94-04c1-424b-9868-57a2d4851a1d" />
    <TestEntry testId="2110dbca-f3ef-dc2c-8c82-2d0dd5997da9" executionId="95e6ddec-2be1-4cf3-a5a9-a7c1ad2cf990" testListId="8c84fa94-04c1-424b-9868-57a2d4851a1d" />
    <TestEntry testId="43c755cb-28bd-db4d-1012-f36a8b40cc25" executionId="e55245a4-e2ab-4ca4-8849-0c388f55cbee" testListId="8c84fa94-04c1-424b-9868-57a2d4851a1d" />
    <TestEntry testId="a3feacce-9d27-6f92-1f81-e196edaf7e5f" executionId="4488aadd-5a3f-46c6-9aaf-46a5cbca0170" testListId="8c84fa94-04c1-424b-9868-57a2d4851a1d" />
    <TestEntry testId="e4d26672-bbc8-fbed-42f5-2935da89aaad" executionId="257cac7b-90b3-4bb5-b366-3eed581c5e3e" testListId="8c84fa94-04c1-424b-9868-57a2d4851a1d" />
    <TestEntry testId="9be322f5-38a0-317f-7771-9630c616ac33" executionId="9a4b4219-8a5e-4d79-ac1c-68f139ae6e0f" testListId="8c84fa94-04c1-424b-9868-57a2d4851a1d" />
    <TestEntry testId="806434a1-b6bb-8628-2e8e-893c6a0ead81" executionId="1ddbb6ed-ceaa-49f5-b80b-4912afb2075a" testListId="8c84fa94-04c1-424b-9868-57a2d4851a1d" />
    <TestEntry testId="06c39495-a345-6c2f-adc5-af2e65ea0594" executionId="cc30c696-5461-40b6-bd1e-f25e7506fffb" testListId="8c84fa94-04c1-424b-9868-57a2d4851a1d" />
    <TestEntry testId="20b6918d-1a40-3669-7480-f4692fd34d7a" executionId="dcf0f099-e30f-44a6-a2e5-724aba37415e" testListId="8c84fa94-04c1-424b-9868-57a2d4851a1d" />
    <TestEntry testId="f0d5177a-e97c-d50d-f458-8f7bac4f52bc" executionId="ce55180c-ec44-4f52-8a6f-ee7e88b03002" testListId="8c84fa94-04c1-424b-9868-57a2d4851a1d" />
    <TestEntry testId="ea5b3a0a-b5a5-7379-64fa-6706fbddd192" executionId="65052269-b90e-49ec-8f7e-2d32149c6f61" testListId="8c84fa94-04c1-424b-9868-57a2d4851a1d" />
    <TestEntry testId="f49cc549-0bac-129f-417a-aec8c8013619" executionId="3a866d59-cbb8-4d37-94f5-f5a0ef45194f" testListId="8c84fa94-04c1-424b-9868-57a2d4851a1d" />
    <TestEntry testId="e1016321-1c99-22e2-cd49-121aeafc90a6" executionId="6696f0b9-3b12-49f1-b861-192a237e6570" testListId="8c84fa94-04c1-424b-9868-57a2d4851a1d" />
    <TestEntry testId="9a93491d-56b0-146c-3bd6-95e62dc7f955" executionId="9a46b564-fb2e-49a5-a60b-c67e83d584fc" testListId="8c84fa94-04c1-424b-9868-57a2d4851a1d" />
    <TestEntry testId="2f23a5a2-5506-12da-46f3-d78e76fe496a" executionId="3ffd15a8-e8fe-4932-a5ac-2ec18f866e3c" testListId="8c84fa94-04c1-424b-9868-57a2d4851a1d" />
    <TestEntry testId="741b39a7-a224-087a-4da7-d30dea041ad0" executionId="4ef58ecd-c2e0-4b21-b966-06d3691cf860" testListId="8c84fa94-04c1-424b-9868-57a2d4851a1d" />
    <TestEntry testId="654cd8b7-1699-dc3f-0011-40dd09624b1b" executionId="9ead8e9c-d769-4d58-a783-cbc7a543e2ee" testListId="8c84fa94-04c1-424b-9868-57a2d4851a1d" />
    <TestEntry testId="ca3de4af-a428-ab10-8245-726ed4f5d8d7" executionId="7f49e8c3-959a-4c01-aa32-6d15c2d160ae" testListId="8c84fa94-04c1-424b-9868-57a2d4851a1d" />
    <TestEntry testId="7e83c692-4866-4e8e-1f06-6afdc03fe9f9" executionId="76502d72-f64b-4134-a498-cc3483306edb" testListId="8c84fa94-04c1-424b-9868-57a2d4851a1d" />
    <TestEntry testId="53728362-84cd-7548-bf24-25b503edc85b" executionId="7f541ba5-24c9-423e-91fb-c3ef52b8b845" testListId="8c84fa94-04c1-424b-9868-57a2d4851a1d" />
    <TestEntry testId="f370e923-3d1c-0b1f-475c-90253f167f9c" executionId="0dae3591-094d-49ff-89c5-7b15df568ded" testListId="8c84fa94-04c1-424b-9868-57a2d4851a1d" />
    <TestEntry testId="0aaeafb3-de1a-f812-f2ac-45c18e263dad" executionId="e3652cc9-fdca-4b3d-a0d4-38fc49644b67" testListId="8c84fa94-04c1-424b-9868-57a2d4851a1d" />
    <TestEntry testId="082fc771-2a89-ef50-1099-951b6be4dfd9" executionId="02354ce9-907a-4feb-97c1-79d952669b7f" testListId="8c84fa94-04c1-424b-9868-57a2d4851a1d" />
    <TestEntry testId="b64c07bb-9ea0-1dcd-fadf-25c58268b306" executionId="77567058-e4f6-40bf-b680-649307b3226a" testListId="8c84fa94-04c1-424b-9868-57a2d4851a1d" />
    <TestEntry testId="3e3d4afd-172a-7d35-4ed8-600e77be4e5e" executionId="4e0520d6-1913-4be0-be6e-8d7454b85090" testListId="8c84fa94-04c1-424b-9868-57a2d4851a1d" />
    <TestEntry testId="bd7e0408-3a77-bf6f-de7e-e05f6c4b76a7" executionId="c74d3620-1334-4228-ac39-1e324bfbf9fe" testListId="8c84fa94-04c1-424b-9868-57a2d4851a1d" />
    <TestEntry testId="8cb1d39d-b99a-87af-34ee-20bd0cf34e93" executionId="29b05e1d-2a81-43dc-9c16-be3360276ed0" testListId="8c84fa94-04c1-424b-9868-57a2d4851a1d" />
    <TestEntry testId="0ade053e-d8d5-65c4-7361-eb338196a9dc" executionId="ecad03ab-b78c-4174-a423-6817eb96781d" testListId="8c84fa94-04c1-424b-9868-57a2d4851a1d" />
    <TestEntry testId="0c860a0f-52ea-c4f2-d829-13733bfc3183" executionId="cdb9c39f-435a-4f17-97bf-695d904057d8" testListId="8c84fa94-04c1-424b-9868-57a2d4851a1d" />
    <TestEntry testId="36dbb467-76d7-f6f7-e6d2-66366935fd96" executionId="659dcd15-28a8-44f6-a852-dbda6004f093" testListId="8c84fa94-04c1-424b-9868-57a2d4851a1d" />
    <TestEntry testId="acdb4327-5add-cc61-caaf-af6538389cc1" executionId="7cb16180-7fe3-4811-9bcf-dc3ffb20cea0" testListId="8c84fa94-04c1-424b-9868-57a2d4851a1d" />
    <TestEntry testId="2238a2b9-f43e-5a9e-eaa2-2ae1b817016c" executionId="22b8e0e6-6895-4a7c-8f9b-0275194947d7" testListId="8c84fa94-04c1-424b-9868-57a2d4851a1d" />
    <TestEntry testId="6b443170-429b-457b-6f92-d34edf1c5007" executionId="625f2fb9-0123-47ab-9f73-39f18a48c588" testListId="8c84fa94-04c1-424b-9868-57a2d4851a1d" />
    <TestEntry testId="cf622bc6-ba9f-8306-05b4-a05cbcfe5e6f" executionId="7acc05ba-9ed7-4d8b-8d9b-992d3d8f6959" testListId="8c84fa94-04c1-424b-9868-57a2d4851a1d" />
    <TestEntry testId="48510470-e43e-af14-e67a-0936ddabfdcc" executionId="cfde02f5-e1b3-4df7-986f-2f4d68df92c4" testListId="8c84fa94-04c1-424b-9868-57a2d4851a1d" />
    <TestEntry testId="bb8dc6f4-1ae0-aced-345b-a1c6887f9fd7" executionId="75771495-de6e-437d-b064-527618658a7c" testListId="8c84fa94-04c1-424b-9868-57a2d4851a1d" />
    <TestEntry testId="90583ee3-46fc-7f9b-dfe6-31a5296a3684" executionId="f64debad-2c50-47b0-b679-fbc56fd3f772" testListId="8c84fa94-04c1-424b-9868-57a2d4851a1d" />
    <TestEntry testId="a98270b6-3be0-ac77-57fe-95b162720f3c" executionId="1a9a7325-a339-45f3-9067-c70ff76ee5e2" testListId="8c84fa94-04c1-424b-9868-57a2d4851a1d" />
    <TestEntry testId="b41a1ac5-a9b0-0f1c-ceb9-29a7783030c4" executionId="6904a8e5-1b59-4f5b-9c23-56d6e93d4f74" testListId="8c84fa94-04c1-424b-9868-57a2d4851a1d" />
    <TestEntry testId="b08ac564-917e-187f-0662-a76b0931844a" executionId="4945330c-e97d-4dbe-bd67-12f445d90579" testListId="8c84fa94-04c1-424b-9868-57a2d4851a1d" />
    <TestEntry testId="154d7153-cb1b-f71d-e606-63633464063a" executionId="3c62ce13-5957-4cfb-a56e-08ae4a1ce2ed" testListId="8c84fa94-04c1-424b-9868-57a2d4851a1d" />
    <TestEntry testId="08d6ac0c-0b6e-6c33-9973-634514ba5a56" executionId="d659f7ae-1fef-4e38-9b7b-b582c23c496c" testListId="8c84fa94-04c1-424b-9868-57a2d4851a1d" />
    <TestEntry testId="1791f5b3-5e24-0819-55f9-1dbf5d2c44b5" executionId="090d1b1a-3078-422f-94b6-6b34c2b60d00" testListId="8c84fa94-04c1-424b-9868-57a2d4851a1d" />
    <TestEntry testId="266bd731-d588-a80c-eacd-29ab739a2cd1" executionId="153fbb43-fd1c-490f-a6c6-14366bbdcbd6" testListId="8c84fa94-04c1-424b-9868-57a2d4851a1d" />
    <TestEntry testId="aaa2f95e-c9c2-de15-c24c-cee51fd7d071" executionId="6cf0fb8a-2362-4e7c-9e6b-abe53d3b1189" testListId="8c84fa94-04c1-424b-9868-57a2d4851a1d" />
    <TestEntry testId="4481cff0-06ae-923c-2804-497c4a1ca7a7" executionId="44564433-4f18-413b-a507-768860f5cfc4" testListId="8c84fa94-04c1-424b-9868-57a2d4851a1d" />
    <TestEntry testId="a4864b1c-7b9b-d74d-db76-5dc6cabb4195" executionId="8f7d4698-134d-42ae-b415-3e9049d161f5" testListId="8c84fa94-04c1-424b-9868-57a2d4851a1d" />
    <TestEntry testId="10713985-d7d6-30bf-3ee2-5dfc0ecc66c3" executionId="b5a4a730-6f68-43b8-b94e-7af53d23fd97" testListId="8c84fa94-04c1-424b-9868-57a2d4851a1d" />
    <TestEntry testId="02be22a0-308b-09b3-7484-6037402feef7" executionId="9f6445da-e6bf-41ee-b2a1-57ff1ddc61f9" testListId="8c84fa94-04c1-424b-9868-57a2d4851a1d" />
    <TestEntry testId="0609f7c7-6951-db49-ce69-ea2ba5bad7c0" executionId="227b57cb-41b7-40ff-b279-a7c7659b183b" testListId="8c84fa94-04c1-424b-9868-57a2d4851a1d" />
    <TestEntry testId="6b7c1f71-5e0b-e619-c3a2-80a9a674d6f5" executionId="7654cd8f-be7d-464a-bc67-7a426503ea86" testListId="8c84fa94-04c1-424b-9868-57a2d4851a1d" />
    <TestEntry testId="5bd22301-7b0d-ecad-8ea1-05a08f0c361a" executionId="8b480064-9119-4262-8bbb-531192a9a666" testListId="8c84fa94-04c1-424b-9868-57a2d4851a1d" />
    <TestEntry testId="fd812598-b183-a49b-9046-c8aa53abc929" executionId="22e20f92-aaf5-4cae-a1e2-be2875e64d43" testListId="8c84fa94-04c1-424b-9868-57a2d4851a1d" />
    <TestEntry testId="02e56309-b298-a27b-2925-0cd280ef05fe" executionId="0e6c71a7-829b-4865-a22f-ca17e0251542" testListId="8c84fa94-04c1-424b-9868-57a2d4851a1d" />
    <TestEntry testId="2ecd3eba-6723-1021-f114-0e0dd818e4a3" executionId="92332188-2902-48c0-9734-9ba7a71bec1f" testListId="8c84fa94-04c1-424b-9868-57a2d4851a1d" />
    <TestEntry testId="505a48d1-2ea7-aac4-560e-84e937c343d2" executionId="88d93c51-e4f5-4c81-9c50-4a0e5501b1a9" testListId="8c84fa94-04c1-424b-9868-57a2d4851a1d" />
    <TestEntry testId="3047f30d-2248-6654-3e64-02b635dc3ac6" executionId="0948c0ee-9254-419e-b319-f7033c53c025" testListId="8c84fa94-04c1-424b-9868-57a2d4851a1d" />
    <TestEntry testId="de8ee3a3-9174-40d5-2212-68f9a477a22a" executionId="c1b63354-0809-43c5-bce4-17e8b07ba79f" testListId="8c84fa94-04c1-424b-9868-57a2d4851a1d" />
  </TestEntries>
  <TestLists>
    <TestList name="Results Not in a List" id="8c84fa94-04c1-424b-9868-57a2d4851a1d" />
    <TestList name="All Loaded Results" id="19431567-8539-422a-85d7-44ee4e166bda" />
  </TestLists>
  <ResultSummary outcome="Completed">
    <Counters total="71" executed="71" passed="71" failed="0" error="0" timeout="0" aborted="0" inconclusive="0" passedButRunAborted="0" notRunnable="0" notExecuted="0" disconnected="0" warning="0" completed="0" inProgress="0" pending="0" />
    <Output>
      <StdOut>NUnit Adapter 4.6.0.0: Test execution started&#xD;
Running all tests in N:\GravenSpire\tests\bin\Debug\net8.0\Gravenspire.Combat.Tests.dll&#xD;
   NUnit3TestExecutor discovered 71 of 71 NUnit test cases using Current Discovery mode, Non-Explicit run&#xD;
NUnit Adapter 4.6.0.0: Test execution complete&#xD;
</StdOut>
    </Output>
  </ResultSummary>
</TestRun>