<?xml version="1.0" encoding="utf-8"?>
<TestRun id="3334b45a-5782-4fa9-8460-a5291c6e4d56" name="brian@BRIAN 2026-04-30 08:53:49" runUser="BRIAN\brian" xmlns="http://microsoft.com/schemas/VisualStudio/TeamTest/2010">
  <Times creation="2026-04-30T08:53:49.6455335-04:00" queuing="2026-04-30T08:53:49.6455336-04:00" start="2026-04-30T08:53:48.4173923-04:00" finish="2026-04-30T08:53:49.6656663-04:00" />
  <TestSettings name="default" id="de398c59-680c-4d1d-8b81-b5ccf70e2e92">
    <Deployment runDeploymentRoot="brian_BRIAN_2026-04-30_08_53_49" />
  </TestSettings>
  <Results>
    <UnitTestResult executionId="829e755d-c0f0-4b9b-b6e8-960774ea02fb" testId="154d7153-cb1b-f71d-e606-63633464063a" testName="test_body_pull_initializes_threat_and_pivot_signal_without_warning_affordances" computerName="BRIAN" duration="00:00:00.0058020" startTime="2026-04-30T08:53:49.6006778-04:00" endTime="2026-04-30T08:53:49.6064798-04:00" testType="13cdc9d9-ddb5-4fa4-a97d-d965ccfc6d4b" outcome="Passed" testListId="8c84fa94-04c1-424b-9868-57a2d4851a1d" relativeResultsDirectory="829e755d-c0f0-4b9b-b6e8-960774ea02fb" />
    <UnitTestResult executionId="8c305d98-a3da-4fd1-bb82-42ccff5b5ebe" testId="6b7c1f71-5e0b-e619-c3a2-80a9a674d6f5" testName="test_combat_fixture_package_declares_default_social_assist_profile" computerName="BRIAN" duration="00:00:00.0007750" startTime="2026-04-30T08:53:49.6167941-04:00" endTime="2026-04-30T08:53:49.6175687-04:00" testType="13cdc9d9-ddb5-4fa4-a97d-d965ccfc6d4b" outcome="Passed" testListId="8c84fa94-04c1-424b-9868-57a2d4851a1d" relativeResultsDirectory="8c305d98-a3da-4fd1-bb82-42ccff5b5ebe" />
    <UnitTestResult executionId="08649cd0-aac6-43a7-8d97-72ab86c96d37" testId="7e83c692-4866-4e8e-1f06-6afdc03fe9f9" testName="test_combat_actor_state_rejects_transient_threat_table_negative_values" computerName="BRIAN" duration="00:00:00.0001010" startTime="2026-04-30T08:53:49.6145237-04:00" endTime="2026-04-30T08:53:49.6146243-04:00" testType="13cdc9d9-ddb5-4fa4-a97d-d965ccfc6d4b" outcome="Passed" testListId="8c84fa94-04c1-424b-9868-57a2d4851a1d" relativeResultsDirectory="08649cd0-aac6-43a7-8d97-72ab86c96d37" />
    <UnitTestResult executionId="6a7cea36-0f30-4b63-8cd9-2a8d08972f6c" testId="38742b76-5145-41c4-946f-5a2aa209a875" testName="test_combat_fixture_package_validates_required_t1_rows" computerName="BRIAN" duration="00:00:00.0034890" startTime="2026-04-30T08:53:49.6188376-04:00" endTime="2026-04-30T08:53:49.6223264-04:00" testType="13cdc9d9-ddb5-4fa4-a97d-d965ccfc6d4b" outcome="Passed" testListId="8c84fa94-04c1-424b-9868-57a2d4851a1d" relativeResultsDirectory="6a7cea36-0f30-4b63-8cd9-2a8d08972f6c" />
    <UnitTestResult executionId="bb27af61-db39-486d-95f5-8ee448ef1861" testId="07b3e8a3-fa79-9867-6c2d-09f8c62b4af9" testName="test_path_failure_enters_leashing_after_grace_and_requests_return_to_anchor" computerName="BRIAN" duration="00:00:00.0007550" startTime="2026-04-30T08:53:49.6103608-04:00" endTime="2026-04-30T08:53:49.6111160-04:00" testType="13cdc9d9-ddb5-4fa4-a97d-d965ccfc6d4b" outcome="Passed" testListId="8c84fa94-04c1-424b-9868-57a2d4851a1d" relativeResultsDirectory="bb27af61-db39-486d-95f5-8ee448ef1861" />
    <UnitTestResult executionId="8bfa4002-b8c7-42db-a660-6b5a149a7bee" testId="f370e923-3d1c-0b1f-475c-90253f167f9c" testName="test_combat_fixture_package_resolves_targeting_pull_and_leash_tuning" computerName="BRIAN" duration="00:00:00.0008400" startTime="2026-04-30T08:53:49.6179901-04:00" endTime="2026-04-30T08:53:49.6188298-04:00" testType="13cdc9d9-ddb5-4fa4-a97d-d965ccfc6d4b" outcome="Passed" testListId="8c84fa94-04c1-424b-9868-57a2d4851a1d" relativeResultsDirectory="8bfa4002-b8c7-42db-a660-6b5a149a7bee" />
    <UnitTestResult executionId="b1216682-98ab-4431-90e5-d17de530788b" testId="1791f5b3-5e24-0819-55f9-1dbf5d2c44b5" testName="test_combat_actor_state_has_no_unity_scene_object_fields" computerName="BRIAN" duration="00:00:00.0003110" startTime="2026-04-30T08:53:49.6142069-04:00" endTime="2026-04-30T08:53:49.6145174-04:00" testType="13cdc9d9-ddb5-4fa4-a97d-d965ccfc6d4b" outcome="Passed" testListId="8c84fa94-04c1-424b-9868-57a2d4851a1d" relativeResultsDirectory="b1216682-98ab-4431-90e5-d17de530788b" />
    <UnitTestResult executionId="5d86880a-ea28-4056-8ac0-d9e2d80f51bf" testId="53728362-84cd-7548-bf24-25b503edc85b" testName="test_combat_actor_state_contains_required_runtime_and_stable_fields" computerName="BRIAN" duration="00:00:00.0003400" startTime="2026-04-30T08:53:49.6138620-04:00" endTime="2026-04-30T08:53:49.6142016-04:00" testType="13cdc9d9-ddb5-4fa4-a97d-d965ccfc6d4b" outcome="Passed" testListId="8c84fa94-04c1-424b-9868-57a2d4851a1d" relativeResultsDirectory="5d86880a-ea28-4056-8ac0-d9e2d80f51bf" />
    <UnitTestResult executionId="c49bfea2-b97a-4d8b-b4b6-5514d05ae305" testId="8cb1d39d-b99a-87af-34ee-20bd0cf34e93" testName="test_combat_fixture_loader_keeps_fixture_tuning_values_out_of_production_logic" computerName="BRIAN" duration="00:00:00.0437070" startTime="2026-04-30T08:53:49.5556759-04:00" endTime="2026-04-30T08:53:49.5993806-04:00" testType="13cdc9d9-ddb5-4fa4-a97d-d965ccfc6d4b" outcome="Passed" testListId="8c84fa94-04c1-424b-9868-57a2d4851a1d" relativeResultsDirectory="c49bfea2-b97a-4d8b-b4b6-5514d05ae305" />
    <UnitTestResult executionId="5fe41e80-4d8f-4986-97de-c06cf06e7941" testId="a3feacce-9d27-6f92-1f81-e196edaf7e5f" testName="test_combat_clock_advance_ticks_uses_fixed_duration" computerName="BRIAN" duration="00:00:00.0005030" startTime="2026-04-30T08:53:49.6146670-04:00" endTime="2026-04-30T08:53:49.6151698-04:00" testType="13cdc9d9-ddb5-4fa4-a97d-d965ccfc6d4b" outcome="Passed" testListId="8c84fa94-04c1-424b-9868-57a2d4851a1d" relativeResultsDirectory="5fe41e80-4d8f-4986-97de-c06cf06e7941" />
    <UnitTestResult executionId="cb0b0073-1f03-4a4e-aeea-a203d5ef4132" testId="f0d5177a-e97c-d50d-f458-8f7bac4f52bc" testName="test_target_selection_filters_dead_out_of_radius_blocked_los_and_orders_deterministically" computerName="BRIAN" duration="00:00:00.0002050" startTime="2026-04-30T08:53:49.6131684-04:00" endTime="2026-04-30T08:53:49.6133737-04:00" testType="13cdc9d9-ddb5-4fa4-a97d-d965ccfc6d4b" outcome="Passed" testListId="8c84fa94-04c1-424b-9868-57a2d4851a1d" relativeResultsDirectory="cb0b0073-1f03-4a4e-aeea-a203d5ef4132" />
    <UnitTestResult executionId="028d5b55-20d7-4ff9-98c0-4b70f9555b44" testId="0c860a0f-52ea-c4f2-d829-13733bfc3183" testName="test_zone_transition_clears_transient_combat_state_and_blocks_incoming_zone_results" computerName="BRIAN" duration="00:00:00.0004210" startTime="2026-04-30T08:53:49.6133777-04:00" endTime="2026-04-30T08:53:49.6137983-04:00" testType="13cdc9d9-ddb5-4fa4-a97d-d965ccfc6d4b" outcome="Passed" testListId="8c84fa94-04c1-424b-9868-57a2d4851a1d" relativeResultsDirectory="028d5b55-20d7-4ff9-98c0-4b70f9555b44" />
    <UnitTestResult executionId="05a930c0-5222-457a-95b7-18255e646720" testId="de8ee3a3-9174-40d5-2212-68f9a477a22a" testName="test_city_hub_zone_disables_targeting_claim_threat_damage_and_kill_credit" computerName="BRIAN" duration="00:00:00.0013770" startTime="2026-04-30T08:53:49.6064963-04:00" endTime="2026-04-30T08:53:49.6078735-04:00" testType="13cdc9d9-ddb5-4fa4-a97d-d965ccfc6d4b" outcome="Passed" testListId="8c84fa94-04c1-424b-9868-57a2d4851a1d" relativeResultsDirectory="05a930c0-5222-457a-95b7-18255e646720" />
    <UnitTestResult executionId="a278cf06-8636-4291-974c-ac60f51d4135" testId="10713985-d7d6-30bf-3ee2-5dfc0ecc66c3" testName="test_combat_actor_hydration_rejects_missing_baseline_snapshot" computerName="BRIAN" duration="00:00:00.0003820" startTime="2026-04-30T08:53:49.5533893-04:00" endTime="2026-04-30T08:53:49.5537713-04:00" testType="13cdc9d9-ddb5-4fa4-a97d-d965ccfc6d4b" outcome="Passed" testListId="8c84fa94-04c1-424b-9868-57a2d4851a1d" relativeResultsDirectory="a278cf06-8636-4291-974c-ac60f51d4135" />
    <UnitTestResult executionId="08d4cf2a-1836-470c-bcbb-226bea3a364b" testId="48510470-e43e-af14-e67a-0936ddabfdcc" testName="test_combat_fixture_validator_rejects_missing_required_rows" computerName="BRIAN" duration="00:00:00.0007069" startTime="2026-04-30T08:53:49.6223347-04:00" endTime="2026-04-30T08:53:49.6230420-04:00" testType="13cdc9d9-ddb5-4fa4-a97d-d965ccfc6d4b" outcome="Passed" testListId="8c84fa94-04c1-424b-9868-57a2d4851a1d" relativeResultsDirectory="08d4cf2a-1836-470c-bcbb-226bea3a364b" />
    <UnitTestResult executionId="fbe1c306-5b27-48ff-a22e-76db36167d87" testId="6b443170-429b-457b-6f92-d34edf1c5007" testName="test_social_assist_joins_eligible_actors_in_deterministic_order_with_default_threat" computerName="BRIAN" duration="00:00:00.0009110" startTime="2026-04-30T08:53:49.6115958-04:00" endTime="2026-04-30T08:53:49.6125062-04:00" testType="13cdc9d9-ddb5-4fa4-a97d-d965ccfc6d4b" outcome="Passed" testListId="8c84fa94-04c1-424b-9868-57a2d4851a1d" relativeResultsDirectory="fbe1c306-5b27-48ff-a22e-76db36167d87" />
    <UnitTestResult executionId="52813178-b869-4277-b944-90c26a1c31fe" testId="bb8dc6f4-1ae0-aced-345b-a1c6887f9fd7" testName="test_combat_actor_hydration_accepts_valid_cleric_mid_baseline" computerName="BRIAN" duration="00:00:00.0411870" startTime="2026-04-30T08:53:49.5105914-04:00" endTime="2026-04-30T08:53:49.5517510-04:00" testType="13cdc9d9-ddb5-4fa4-a97d-d965ccfc6d4b" outcome="Passed" testListId="8c84fa94-04c1-424b-9868-57a2d4851a1d" relativeResultsDirectory="52813178-b869-4277-b944-90c26a1c31fe" />
    <UnitTestResult executionId="b7fa529e-5747-4b35-b47d-1b115d68e4d2" testId="bd7e0408-3a77-bf6f-de7e-e05f6c4b76a7" testName="test_los_query_contract_blocks_only_t1_occluder_layers_and_reports_buffer_overflow" computerName="BRIAN" duration="00:00:00.0021050" startTime="2026-04-30T08:53:49.6082480-04:00" endTime="2026-04-30T08:53:49.6103523-04:00" testType="13cdc9d9-ddb5-4fa4-a97d-d965ccfc6d4b" outcome="Passed" testListId="8c84fa94-04c1-424b-9868-57a2d4851a1d" relativeResultsDirectory="b7fa529e-5747-4b35-b47d-1b115d68e4d2" />
    <UnitTestResult executionId="94841cb6-a308-4b99-917b-a14e27ed2843" testId="266bd731-d588-a80c-eacd-29ab739a2cd1" testName="test_combat_fixture_loader_resolves_spells_tactical_instants_and_encounters" computerName="BRIAN" duration="00:00:00.0011329" startTime="2026-04-30T08:53:49.5994134-04:00" endTime="2026-04-30T08:53:49.6005464-04:00" testType="13cdc9d9-ddb5-4fa4-a97d-d965ccfc6d4b" outcome="Passed" testListId="8c84fa94-04c1-424b-9868-57a2d4851a1d" relativeResultsDirectory="94841cb6-a308-4b99-917b-a14e27ed2843" />
    <UnitTestResult executionId="59667152-9920-4300-8faf-3fdee617c665" testId="8f874cde-082c-7895-5ff6-5c9a8b22eaec" testName="test_combat_actor_hydration_rejects_dead_current_health_without_death_handoff" computerName="BRIAN" duration="00:00:00.0010790" startTime="2026-04-30T08:53:49.5522983-04:00" endTime="2026-04-30T08:53:49.5533776-04:00" testType="13cdc9d9-ddb5-4fa4-a97d-d965ccfc6d4b" outcome="Passed" testListId="8c84fa94-04c1-424b-9868-57a2d4851a1d" relativeResultsDirectory="59667152-9920-4300-8faf-3fdee617c665" />
    <UnitTestResult executionId="18d9e7bd-04ad-4d89-b074-4b5fa7d8a74b" testId="741b39a7-a224-087a-4da7-d30dea041ad0" testName="test_haunt_zone_gate_enables_claim_targeting_and_pull" computerName="BRIAN" duration="00:00:00.0003510" startTime="2026-04-30T08:53:49.6078867-04:00" endTime="2026-04-30T08:53:49.6082373-04:00" testType="13cdc9d9-ddb5-4fa4-a97d-d965ccfc6d4b" outcome="Passed" testListId="8c84fa94-04c1-424b-9868-57a2d4851a1d" relativeResultsDirectory="18d9e7bd-04ad-4d89-b074-4b5fa7d8a74b" />
    <UnitTestResult executionId="45d16417-00d5-4aca-9326-5a567d43e36b" testId="90583ee3-46fc-7f9b-dfe6-31a5296a3684" testName="test_combat_clock_rejects_invalid_tick_rate" computerName="BRIAN" duration="00:00:00.0014310" startTime="2026-04-30T08:53:49.6151756-04:00" endTime="2026-04-30T08:53:49.6166065-04:00" testType="13cdc9d9-ddb5-4fa4-a97d-d965ccfc6d4b" outcome="Passed" testListId="8c84fa94-04c1-424b-9868-57a2d4851a1d" relativeResultsDirectory="45d16417-00d5-4aca-9326-5a567d43e36b" />
    <UnitTestResult executionId="1bfe524f-b0bb-4bf9-85c8-d03574cba49e" testId="cf622bc6-ba9f-8306-05b4-a05cbcfe5e6f" testName="test_combat_fixture_package_resolves_cleric_mid_t1_design_values" computerName="BRIAN" duration="00:00:00.0004070" startTime="2026-04-30T08:53:49.6175765-04:00" endTime="2026-04-30T08:53:49.6179832-04:00" testType="13cdc9d9-ddb5-4fa4-a97d-d965ccfc6d4b" outcome="Passed" testListId="8c84fa94-04c1-424b-9868-57a2d4851a1d" relativeResultsDirectory="1bfe524f-b0bb-4bf9-85c8-d03574cba49e" />
    <UnitTestResult executionId="850d1324-8f90-468d-bfee-9ded1c6acb84" testId="06c39495-a345-6c2f-adc5-af2e65ea0594" testName="test_social_assist_pulses_are_bounded_and_join_once_per_pull_episode" computerName="BRIAN" duration="00:00:00.0006480" startTime="2026-04-30T08:53:49.6125133-04:00" endTime="2026-04-30T08:53:49.6131611-04:00" testType="13cdc9d9-ddb5-4fa4-a97d-d965ccfc6d4b" outcome="Passed" testListId="8c84fa94-04c1-424b-9868-57a2d4851a1d" relativeResultsDirectory="850d1324-8f90-468d-bfee-9ded1c6acb84" />
    <UnitTestResult executionId="33c48cf9-c67f-4670-bd8b-df4144a11818" testId="2110dbca-f3ef-dc2c-8c82-2d0dd5997da9" testName="test_combat_clock_reset_returns_known_tick" computerName="BRIAN" duration="00:00:00.0001270" startTime="2026-04-30T08:53:49.6166155-04:00" endTime="2026-04-30T08:53:49.6167420-04:00" testType="13cdc9d9-ddb5-4fa4-a97d-d965ccfc6d4b" outcome="Passed" testListId="8c84fa94-04c1-424b-9868-57a2d4851a1d" relativeResultsDirectory="33c48cf9-c67f-4670-bd8b-df4144a11818" />
    <UnitTestResult executionId="ee437bea-d195-48d0-8249-25f6a5f2f318" testId="0609f7c7-6951-db49-ce69-ea2ba5bad7c0" testName="test_reaggro_requires_active_memory_distance_los_and_expiry_clears_threat" computerName="BRIAN" duration="00:00:00.0004680" startTime="2026-04-30T08:53:49.6111223-04:00" endTime="2026-04-30T08:53:49.6115903-04:00" testType="13cdc9d9-ddb5-4fa4-a97d-d965ccfc6d4b" outcome="Passed" testListId="8c84fa94-04c1-424b-9868-57a2d4851a1d" relativeResultsDirectory="ee437bea-d195-48d0-8249-25f6a5f2f318" />
    <UnitTestResult executionId="1a2f9886-6835-4c0e-89ba-fb519b030676" testId="a98270b6-3be0-ac77-57fe-95b162720f3c" testName="test_combat_fixture_loader_exposes_source_ref_aliases_for_downstream_validation" computerName="BRIAN" duration="00:00:00.0010399" startTime="2026-04-30T08:53:49.5546280-04:00" endTime="2026-04-30T08:53:49.5556678-04:00" testType="13cdc9d9-ddb5-4fa4-a97d-d965ccfc6d4b" outcome="Passed" testListId="8c84fa94-04c1-424b-9868-57a2d4851a1d" relativeResultsDirectory="1a2f9886-6835-4c0e-89ba-fb519b030676" />
  </Results>
  <TestDefinitions>
    <UnitTest name="test_los_query_contract_blocks_only_t1_occluder_layers_and_reports_buffer_overflow" storage="n:\gravenspire\tests\bin\debug\net8.0\gravenspire.combat.tests.dll" id="bd7e0408-3a77-bf6f-de7e-e05f6c4b76a7">
      <Execution id="b7fa529e-5747-4b35-b47d-1b115d68e4d2" />
      <TestMethod codeBase="N:\GravenSpire\tests\bin\Debug\net8.0\Gravenspire.Combat.Tests.dll" adapterTypeName="executor://nunit3testexecutor/" className="Gravenspire.Tests.Integration.Gameplay.Combat.CombatTargetingPullLeashTest" name="test_los_query_contract_blocks_only_t1_occluder_layers_and_reports_buffer_overflow" />
    </UnitTest>
    <UnitTest name="test_target_selection_filters_dead_out_of_radius_blocked_los_and_orders_deterministically" storage="n:\gravenspire\tests\bin\debug\net8.0\gravenspire.combat.tests.dll" id="f0d5177a-e97c-d50d-f458-8f7bac4f52bc">
      <Execution id="cb0b0073-1f03-4a4e-aeea-a203d5ef4132" />
      <TestMethod codeBase="N:\GravenSpire\tests\bin\Debug\net8.0\Gravenspire.Combat.Tests.dll" adapterTypeName="executor://nunit3testexecutor/" className="Gravenspire.Tests.Integration.Gameplay.Combat.CombatTargetingPullLeashTest" name="test_target_selection_filters_dead_out_of_radius_blocked_los_and_orders_deterministically" />
    </UnitTest>
    <UnitTest name="test_social_assist_pulses_are_bounded_and_join_once_per_pull_episode" storage="n:\gravenspire\tests\bin\debug\net8.0\gravenspire.combat.tests.dll" id="06c39495-a345-6c2f-adc5-af2e65ea0594">
      <Execution id="850d1324-8f90-468d-bfee-9ded1c6acb84" />
      <TestMethod codeBase="N:\GravenSpire\tests\bin\Debug\net8.0\Gravenspire.Combat.Tests.dll" adapterTypeName="executor://nunit3testexecutor/" className="Gravenspire.Tests.Integration.Gameplay.Combat.CombatTargetingPullLeashTest" name="test_social_assist_pulses_are_bounded_and_join_once_per_pull_episode" />
    </UnitTest>
    <UnitTest name="test_combat_fixture_package_resolves_targeting_pull_and_leash_tuning" storage="n:\gravenspire\tests\bin\debug\net8.0\gravenspire.combat.tests.dll" id="f370e923-3d1c-0b1f-475c-90253f167f9c">
      <Execution id="8bfa4002-b8c7-42db-a660-6b5a149a7bee" />
      <TestMethod codeBase="N:\GravenSpire\tests\bin\Debug\net8.0\Gravenspire.Combat.Tests.dll" adapterTypeName="executor://nunit3testexecutor/" className="Gravenspire.Tests.Unit.Gameplay.Combat.CombatFixtureValidationTest" name="test_combat_fixture_package_resolves_targeting_pull_and_leash_tuning" />
    </UnitTest>
    <UnitTest name="test_social_assist_joins_eligible_actors_in_deterministic_order_with_default_threat" storage="n:\gravenspire\tests\bin\debug\net8.0\gravenspire.combat.tests.dll" id="6b443170-429b-457b-6f92-d34edf1c5007">
      <Execution id="fbe1c306-5b27-48ff-a22e-76db36167d87" />
      <TestMethod codeBase="N:\GravenSpire\tests\bin\Debug\net8.0\Gravenspire.Combat.Tests.dll" adapterTypeName="executor://nunit3testexecutor/" className="Gravenspire.Tests.Integration.Gameplay.Combat.CombatTargetingPullLeashTest" name="test_social_assist_joins_eligible_actors_in_deterministic_order_with_default_threat" />
    </UnitTest>
    <UnitTest name="test_combat_actor_hydration_accepts_valid_cleric_mid_baseline" storage="n:\gravenspire\tests\bin\debug\net8.0\gravenspire.combat.tests.dll" id="bb8dc6f4-1ae0-aced-345b-a1c6887f9fd7">
      <Execution id="52813178-b869-4277-b944-90c26a1c31fe" />
      <TestMethod codeBase="N:\GravenSpire\tests\bin\Debug\net8.0\Gravenspire.Combat.Tests.dll" adapterTypeName="executor://nunit3testexecutor/" className="Gravenspire.Tests.Integration.Gameplay.Combat.CombatActorHydrationTest" name="test_combat_actor_hydration_accepts_valid_cleric_mid_baseline" />
    </UnitTest>
    <UnitTest name="test_combat_fixture_validator_rejects_missing_required_rows" storage="n:\gravenspire\tests\bin\debug\net8.0\gravenspire.combat.tests.dll" id="48510470-e43e-af14-e67a-0936ddabfdcc">
      <Execution id="08d4cf2a-1836-470c-bcbb-226bea3a364b" />
      <TestMethod codeBase="N:\GravenSpire\tests\bin\Debug\net8.0\Gravenspire.Combat.Tests.dll" adapterTypeName="executor://nunit3testexecutor/" className="Gravenspire.Tests.Unit.Gameplay.Combat.CombatFixtureValidationTest" name="test_combat_fixture_validator_rejects_missing_required_rows" />
    </UnitTest>
    <UnitTest name="test_haunt_zone_gate_enables_claim_targeting_and_pull" storage="n:\gravenspire\tests\bin\debug\net8.0\gravenspire.combat.tests.dll" id="741b39a7-a224-087a-4da7-d30dea041ad0">
      <Execution id="18d9e7bd-04ad-4d89-b074-4b5fa7d8a74b" />
      <TestMethod codeBase="N:\GravenSpire\tests\bin\Debug\net8.0\Gravenspire.Combat.Tests.dll" adapterTypeName="executor://nunit3testexecutor/" className="Gravenspire.Tests.Integration.Gameplay.Combat.CombatTargetingPullLeashTest" name="test_haunt_zone_gate_enables_claim_targeting_and_pull" />
    </UnitTest>
    <UnitTest name="test_combat_fixture_loader_resolves_spells_tactical_instants_and_encounters" storage="n:\gravenspire\tests\bin\debug\net8.0\gravenspire.combat.tests.dll" id="266bd731-d588-a80c-eacd-29ab739a2cd1">
      <Execution id="94841cb6-a308-4b99-917b-a14e27ed2843" />
      <TestMethod codeBase="N:\GravenSpire\tests\bin\Debug\net8.0\Gravenspire.Combat.Tests.dll" adapterTypeName="executor://nunit3testexecutor/" className="Gravenspire.Tests.Integration.Gameplay.Combat.CombatFixtureLoadingTest" name="test_combat_fixture_loader_resolves_spells_tactical_instants_and_encounters" />
    </UnitTest>
    <UnitTest name="test_combat_clock_rejects_invalid_tick_rate" storage="n:\gravenspire\tests\bin\debug\net8.0\gravenspire.combat.tests.dll" id="90583ee3-46fc-7f9b-dfe6-31a5296a3684">
      <Execution id="45d16417-00d5-4aca-9326-5a567d43e36b" />
      <TestMethod codeBase="N:\GravenSpire\tests\bin\Debug\net8.0\Gravenspire.Combat.Tests.dll" adapterTypeName="executor://nunit3testexecutor/" className="Gravenspire.Tests.Unit.Gameplay.Combat.CombatClockTest" name="test_combat_clock_rejects_invalid_tick_rate" />
    </UnitTest>
    <UnitTest name="test_combat_actor_state_contains_required_runtime_and_stable_fields" storage="n:\gravenspire\tests\bin\debug\net8.0\gravenspire.combat.tests.dll" id="53728362-84cd-7548-bf24-25b503edc85b">
      <Execution id="5d86880a-ea28-4056-8ac0-d9e2d80f51bf" />
      <TestMethod codeBase="N:\GravenSpire\tests\bin\Debug\net8.0\Gravenspire.Combat.Tests.dll" adapterTypeName="executor://nunit3testexecutor/" className="Gravenspire.Tests.Unit.Gameplay.Combat.CombatActorStateTest" name="test_combat_actor_state_contains_required_runtime_and_stable_fields" />
    </UnitTest>
    <UnitTest name="test_city_hub_zone_disables_targeting_claim_threat_damage_and_kill_credit" storage="n:\gravenspire\tests\bin\debug\net8.0\gravenspire.combat.tests.dll" id="de8ee3a3-9174-40d5-2212-68f9a477a22a">
      <Execution id="05a930c0-5222-457a-95b7-18255e646720" />
      <TestMethod codeBase="N:\GravenSpire\tests\bin\Debug\net8.0\Gravenspire.Combat.Tests.dll" adapterTypeName="executor://nunit3testexecutor/" className="Gravenspire.Tests.Integration.Gameplay.Combat.CombatTargetingPullLeashTest" name="test_city_hub_zone_disables_targeting_claim_threat_damage_and_kill_credit" />
    </UnitTest>
    <UnitTest name="test_combat_fixture_package_resolves_cleric_mid_t1_design_values" storage="n:\gravenspire\tests\bin\debug\net8.0\gravenspire.combat.tests.dll" id="cf622bc6-ba9f-8306-05b4-a05cbcfe5e6f">
      <Execution id="1bfe524f-b0bb-4bf9-85c8-d03574cba49e" />
      <TestMethod codeBase="N:\GravenSpire\tests\bin\Debug\net8.0\Gravenspire.Combat.Tests.dll" adapterTypeName="executor://nunit3testexecutor/" className="Gravenspire.Tests.Unit.Gameplay.Combat.CombatFixtureValidationTest" name="test_combat_fixture_package_resolves_cleric_mid_t1_design_values" />
    </UnitTest>
    <UnitTest name="test_body_pull_initializes_threat_and_pivot_signal_without_warning_affordances" storage="n:\gravenspire\tests\bin\debug\net8.0\gravenspire.combat.tests.dll" id="154d7153-cb1b-f71d-e606-63633464063a">
      <Execution id="829e755d-c0f0-4b9b-b6e8-960774ea02fb" />
      <TestMethod codeBase="N:\GravenSpire\tests\bin\Debug\net8.0\Gravenspire.Combat.Tests.dll" adapterTypeName="executor://nunit3testexecutor/" className="Gravenspire.Tests.Integration.Gameplay.Combat.CombatTargetingPullLeashTest" name="test_body_pull_initializes_threat_and_pivot_signal_without_warning_affordances" />
    </UnitTest>
    <UnitTest name="test_combat_actor_hydration_rejects_missing_baseline_snapshot" storage="n:\gravenspire\tests\bin\debug\net8.0\gravenspire.combat.tests.dll" id="10713985-d7d6-30bf-3ee2-5dfc0ecc66c3">
      <Execution id="a278cf06-8636-4291-974c-ac60f51d4135" />
      <TestMethod codeBase="N:\GravenSpire\tests\bin\Debug\net8.0\Gravenspire.Combat.Tests.dll" adapterTypeName="executor://nunit3testexecutor/" className="Gravenspire.Tests.Integration.Gameplay.Combat.CombatActorHydrationTest" name="test_combat_actor_hydration_rejects_missing_baseline_snapshot" />
    </UnitTest>
    <UnitTest name="test_combat_clock_reset_returns_known_tick" storage="n:\gravenspire\tests\bin\debug\net8.0\gravenspire.combat.tests.dll" id="2110dbca-f3ef-dc2c-8c82-2d0dd5997da9">
      <Execution id="33c48cf9-c67f-4670-bd8b-df4144a11818" />
      <TestMethod codeBase="N:\GravenSpire\tests\bin\Debug\net8.0\Gravenspire.Combat.Tests.dll" adapterTypeName="executor://nunit3testexecutor/" className="Gravenspire.Tests.Unit.Gameplay.Combat.CombatClockTest" name="test_combat_clock_reset_returns_known_tick" />
    </UnitTest>
    <UnitTest name="test_combat_fixture_loader_keeps_fixture_tuning_values_out_of_production_logic" storage="n:\gravenspire\tests\bin\debug\net8.0\gravenspire.combat.tests.dll" id="8cb1d39d-b99a-87af-34ee-20bd0cf34e93">
      <Execution id="c49bfea2-b97a-4d8b-b4b6-5514d05ae305" />
      <TestMethod codeBase="N:\GravenSpire\tests\bin\Debug\net8.0\Gravenspire.Combat.Tests.dll" adapterTypeName="executor://nunit3testexecutor/" className="Gravenspire.Tests.Integration.Gameplay.Combat.CombatFixtureLoadingTest" name="test_combat_fixture_loader_keeps_fixture_tuning_values_out_of_production_logic" />
    </UnitTest>
    <UnitTest name="test_zone_transition_clears_transient_combat_state_and_blocks_incoming_zone_results" storage="n:\gravenspire\tests\bin\debug\net8.0\gravenspire.combat.tests.dll" id="0c860a0f-52ea-c4f2-d829-13733bfc3183">
      <Execution id="028d5b55-20d7-4ff9-98c0-4b70f9555b44" />
      <TestMethod codeBase="N:\GravenSpire\tests\bin\Debug\net8.0\Gravenspire.Combat.Tests.dll" adapterTypeName="executor://nunit3testexecutor/" className="Gravenspire.Tests.Integration.Gameplay.Combat.CombatTargetingPullLeashTest" name="test_zone_transition_clears_transient_combat_state_and_blocks_incoming_zone_results" />
    </UnitTest>
    <UnitTest name="test_combat_actor_state_has_no_unity_scene_object_fields" storage="n:\gravenspire\tests\bin\debug\net8.0\gravenspire.combat.tests.dll" id="1791f5b3-5e24-0819-55f9-1dbf5d2c44b5">
      <Execution id="b1216682-98ab-4431-90e5-d17de530788b" />
      <TestMethod codeBase="N:\GravenSpire\tests\bin\Debug\net8.0\Gravenspire.Combat.Tests.dll" adapterTypeName="executor://nunit3testexecutor/" className="Gravenspire.Tests.Unit.Gameplay.Combat.CombatActorStateTest" name="test_combat_actor_state_has_no_unity_scene_object_fields" />
    </UnitTest>
    <UnitTest name="test_reaggro_requires_active_memory_distance_los_and_expiry_clears_threat" storage="n:\gravenspire\tests\bin\debug\net8.0\gravenspire.combat.tests.dll" id="0609f7c7-6951-db49-ce69-ea2ba5bad7c0">
      <Execution id="ee437bea-d195-48d0-8249-25f6a5f2f318" />
      <TestMethod codeBase="N:\GravenSpire\tests\bin\Debug\net8.0\Gravenspire.Combat.Tests.dll" adapterTypeName="executor://nunit3testexecutor/" className="Gravenspire.Tests.Integration.Gameplay.Combat.CombatTargetingPullLeashTest" name="test_reaggro_requires_active_memory_distance_los_and_expiry_clears_threat" />
    </UnitTest>
    <UnitTest name="test_combat_fixture_package_validates_required_t1_rows" storage="n:\gravenspire\tests\bin\debug\net8.0\gravenspire.combat.tests.dll" id="38742b76-5145-41c4-946f-5a2aa209a875">
      <Execution id="6a7cea36-0f30-4b63-8cd9-2a8d08972f6c" />
      <TestMethod codeBase="N:\GravenSpire\tests\bin\Debug\net8.0\Gravenspire.Combat.Tests.dll" adapterTypeName="executor://nunit3testexecutor/" className="Gravenspire.Tests.Unit.Gameplay.Combat.CombatFixtureValidationTest" name="test_combat_fixture_package_validates_required_t1_rows" />
    </UnitTest>
    <UnitTest name="test_combat_actor_state_rejects_transient_threat_table_negative_values" storage="n:\gravenspire\tests\bin\debug\net8.0\gravenspire.combat.tests.dll" id="7e83c692-4866-4e8e-1f06-6afdc03fe9f9">
      <Execution id="08649cd0-aac6-43a7-8d97-72ab86c96d37" />
      <TestMethod codeBase="N:\GravenSpire\tests\bin\Debug\net8.0\Gravenspire.Combat.Tests.dll" adapterTypeName="executor://nunit3testexecutor/" className="Gravenspire.Tests.Unit.Gameplay.Combat.CombatActorStateTest" name="test_combat_actor_state_rejects_transient_threat_table_negative_values" />
    </UnitTest>
    <UnitTest name="test_combat_clock_advance_ticks_uses_fixed_duration" storage="n:\gravenspire\tests\bin\debug\net8.0\gravenspire.combat.tests.dll" id="a3feacce-9d27-6f92-1f81-e196edaf7e5f">
      <Execution id="5fe41e80-4d8f-4986-97de-c06cf06e7941" />
      <TestMethod codeBase="N:\GravenSpire\tests\bin\Debug\net8.0\Gravenspire.Combat.Tests.dll" adapterTypeName="executor://nunit3testexecutor/" className="Gravenspire.Tests.Unit.Gameplay.Combat.CombatClockTest" name="test_combat_clock_advance_ticks_uses_fixed_duration" />
    </UnitTest>
    <UnitTest name="test_combat_fixture_package_declares_default_social_assist_profile" storage="n:\gravenspire\tests\bin\debug\net8.0\gravenspire.combat.tests.dll" id="6b7c1f71-5e0b-e619-c3a2-80a9a674d6f5">
      <Execution id="8c305d98-a3da-4fd1-bb82-42ccff5b5ebe" />
      <TestMethod codeBase="N:\GravenSpire\tests\bin\Debug\net8.0\Gravenspire.Combat.Tests.dll" adapterTypeName="executor://nunit3testexecutor/" className="Gravenspire.Tests.Unit.Gameplay.Combat.CombatFixtureValidationTest" name="test_combat_fixture_package_declares_default_social_assist_profile" />
    </UnitTest>
    <UnitTest name="test_path_failure_enters_leashing_after_grace_and_requests_return_to_anchor" storage="n:\gravenspire\tests\bin\debug\net8.0\gravenspire.combat.tests.dll" id="07b3e8a3-fa79-9867-6c2d-09f8c62b4af9">
      <Execution id="bb27af61-db39-486d-95f5-8ee448ef1861" />
      <TestMethod codeBase="N:\GravenSpire\tests\bin\Debug\net8.0\Gravenspire.Combat.Tests.dll" adapterTypeName="executor://nunit3testexecutor/" className="Gravenspire.Tests.Integration.Gameplay.Combat.CombatTargetingPullLeashTest" name="test_path_failure_enters_leashing_after_grace_and_requests_return_to_anchor" />
    </UnitTest>
    <UnitTest name="test_combat_fixture_loader_exposes_source_ref_aliases_for_downstream_validation" storage="n:\gravenspire\tests\bin\debug\net8.0\gravenspire.combat.tests.dll" id="a98270b6-3be0-ac77-57fe-95b162720f3c">
      <Execution id="1a2f9886-6835-4c0e-89ba-fb519b030676" />
      <TestMethod codeBase="N:\GravenSpire\tests\bin\Debug\net8.0\Gravenspire.Combat.Tests.dll" adapterTypeName="executor://nunit3testexecutor/" className="Gravenspire.Tests.Integration.Gameplay.Combat.CombatFixtureLoadingTest" name="test_combat_fixture_loader_exposes_source_ref_aliases_for_downstream_validation" />
    </UnitTest>
    <UnitTest name="test_combat_actor_hydration_rejects_dead_current_health_without_death_handoff" storage="n:\gravenspire\tests\bin\debug\net8.0\gravenspire.combat.tests.dll" id="8f874cde-082c-7895-5ff6-5c9a8b22eaec">
      <Execution id="59667152-9920-4300-8faf-3fdee617c665" />
      <TestMethod codeBase="N:\GravenSpire\tests\bin\Debug\net8.0\Gravenspire.Combat.Tests.dll" adapterTypeName="executor://nunit3testexecutor/" className="Gravenspire.Tests.Integration.Gameplay.Combat.CombatActorHydrationTest" name="test_combat_actor_hydration_rejects_dead_current_health_without_death_handoff" />
    </UnitTest>
  </TestDefinitions>
  <TestEntries>
    <TestEntry testId="154d7153-cb1b-f71d-e606-63633464063a" executionId="829e755d-c0f0-4b9b-b6e8-960774ea02fb" testListId="8c84fa94-04c1-424b-9868-57a2d4851a1d" />
    <TestEntry testId="6b7c1f71-5e0b-e619-c3a2-80a9a674d6f5" executionId="8c305d98-a3da-4fd1-bb82-42ccff5b5ebe" testListId="8c84fa94-04c1-424b-9868-57a2d4851a1d" />
    <TestEntry testId="7e83c692-4866-4e8e-1f06-6afdc03fe9f9" executionId="08649cd0-aac6-43a7-8d97-72ab86c96d37" testListId="8c84fa94-04c1-424b-9868-57a2d4851a1d" />
    <TestEntry testId="38742b76-5145-41c4-946f-5a2aa209a875" executionId="6a7cea36-0f30-4b63-8cd9-2a8d08972f6c" testListId="8c84fa94-04c1-424b-9868-57a2d4851a1d" />
    <TestEntry testId="07b3e8a3-fa79-9867-6c2d-09f8c62b4af9" executionId="bb27af61-db39-486d-95f5-8ee448ef1861" testListId="8c84fa94-04c1-424b-9868-57a2d4851a1d" />
    <TestEntry testId="f370e923-3d1c-0b1f-475c-90253f167f9c" executionId="8bfa4002-b8c7-42db-a660-6b5a149a7bee" testListId="8c84fa94-04c1-424b-9868-57a2d4851a1d" />
    <TestEntry testId="1791f5b3-5e24-0819-55f9-1dbf5d2c44b5" executionId="b1216682-98ab-4431-90e5-d17de530788b" testListId="8c84fa94-04c1-424b-9868-57a2d4851a1d" />
    <TestEntry testId="53728362-84cd-7548-bf24-25b503edc85b" executionId="5d86880a-ea28-4056-8ac0-d9e2d80f51bf" testListId="8c84fa94-04c1-424b-9868-57a2d4851a1d" />
    <TestEntry testId="8cb1d39d-b99a-87af-34ee-20bd0cf34e93" executionId="c49bfea2-b97a-4d8b-b4b6-5514d05ae305" testListId="8c84fa94-04c1-424b-9868-57a2d4851a1d" />
    <TestEntry testId="a3feacce-9d27-6f92-1f81-e196edaf7e5f" executionId="5fe41e80-4d8f-4986-97de-c06cf06e7941" testListId="8c84fa94-04c1-424b-9868-57a2d4851a1d" />
    <TestEntry testId="f0d5177a-e97c-d50d-f458-8f7bac4f52bc" executionId="cb0b0073-1f03-4a4e-aeea-a203d5ef4132" testListId="8c84fa94-04c1-424b-9868-57a2d4851a1d" />
    <TestEntry testId="0c860a0f-52ea-c4f2-d829-13733bfc3183" executionId="028d5b55-20d7-4ff9-98c0-4b70f9555b44" testListId="8c84fa94-04c1-424b-9868-57a2d4851a1d" />
    <TestEntry testId="de8ee3a3-9174-40d5-2212-68f9a477a22a" executionId="05a930c0-5222-457a-95b7-18255e646720" testListId="8c84fa94-04c1-424b-9868-57a2d4851a1d" />
    <TestEntry testId="10713985-d7d6-30bf-3ee2-5dfc0ecc66c3" executionId="a278cf06-8636-4291-974c-ac60f51d4135" testListId="8c84fa94-04c1-424b-9868-57a2d4851a1d" />
    <TestEntry testId="48510470-e43e-af14-e67a-0936ddabfdcc" executionId="08d4cf2a-1836-470c-bcbb-226bea3a364b" testListId="8c84fa94-04c1-424b-9868-57a2d4851a1d" />
    <TestEntry testId="6b443170-429b-457b-6f92-d34edf1c5007" executionId="fbe1c306-5b27-48ff-a22e-76db36167d87" testListId="8c84fa94-04c1-424b-9868-57a2d4851a1d" />
    <TestEntry testId="bb8dc6f4-1ae0-aced-345b-a1c6887f9fd7" executionId="52813178-b869-4277-b944-90c26a1c31fe" testListId="8c84fa94-04c1-424b-9868-57a2d4851a1d" />
    <TestEntry testId="bd7e0408-3a77-bf6f-de7e-e05f6c4b76a7" executionId="b7fa529e-5747-4b35-b47d-1b115d68e4d2" testListId="8c84fa94-04c1-424b-9868-57a2d4851a1d" />
    <TestEntry testId="266bd731-d588-a80c-eacd-29ab739a2cd1" executionId="94841cb6-a308-4b99-917b-a14e27ed2843" testListId="8c84fa94-04c1-424b-9868-57a2d4851a1d" />
    <TestEntry testId="8f874cde-082c-7895-5ff6-5c9a8b22eaec" executionId="59667152-9920-4300-8faf-3fdee617c665" testListId="8c84fa94-04c1-424b-9868-57a2d4851a1d" />
    <TestEntry testId="741b39a7-a224-087a-4da7-d30dea041ad0" executionId="18d9e7bd-04ad-4d89-b074-4b5fa7d8a74b" testListId="8c84fa94-04c1-424b-9868-57a2d4851a1d" />
    <TestEntry testId="90583ee3-46fc-7f9b-dfe6-31a5296a3684" executionId="45d16417-00d5-4aca-9326-5a567d43e36b" testListId="8c84fa94-04c1-424b-9868-57a2d4851a1d" />
    <TestEntry testId="cf622bc6-ba9f-8306-05b4-a05cbcfe5e6f" executionId="1bfe524f-b0bb-4bf9-85c8-d03574cba49e" testListId="8c84fa94-04c1-424b-9868-57a2d4851a1d" />
    <TestEntry testId="06c39495-a345-6c2f-adc5-af2e65ea0594" executionId="850d1324-8f90-468d-bfee-9ded1c6acb84" testListId="8c84fa94-04c1-424b-9868-57a2d4851a1d" />
    <TestEntry testId="2110dbca-f3ef-dc2c-8c82-2d0dd5997da9" executionId="33c48cf9-c67f-4670-bd8b-df4144a11818" testListId="8c84fa94-04c1-424b-9868-57a2d4851a1d" />
    <TestEntry testId="0609f7c7-6951-db49-ce69-ea2ba5bad7c0" executionId="ee437bea-d195-48d0-8249-25f6a5f2f318" testListId="8c84fa94-04c1-424b-9868-57a2d4851a1d" />
    <TestEntry testId="a98270b6-3be0-ac77-57fe-95b162720f3c" executionId="1a2f9886-6835-4c0e-89ba-fb519b030676" testListId="8c84fa94-04c1-424b-9868-57a2d4851a1d" />
  </TestEntries>
  <TestLists>
    <TestList name="Results Not in a List" id="8c84fa94-04c1-424b-9868-57a2d4851a1d" />
    <TestList name="All Loaded Results" id="19431567-8539-422a-85d7-44ee4e166bda" />
  </TestLists>
  <ResultSummary outcome="Completed">
    <Counters total="27" executed="27" passed="27" failed="0" error="0" timeout="0" aborted="0" inconclusive="0" passedButRunAborted="0" notRunnable="0" notExecuted="0" disconnected="0" warning="0" completed="0" inProgress="0" pending="0" />
    <Output>
      <StdOut>NUnit Adapter 4.6.0.0: Test execution started&#xD;
Running all tests in N:\GravenSpire\tests\bin\Debug\net8.0\Gravenspire.Combat.Tests.dll&#xD;
   NUnit3TestExecutor discovered 27 of 27 NUnit test cases using Current Discovery mode, Non-Explicit run&#xD;
NUnit Adapter 4.6.0.0: Test execution complete&#xD;
</StdOut>
    </Output>
  </ResultSummary>
</TestRun>