<?xml version="1.0" encoding="utf-8"?>
<TestRun id="99b7f0e5-680e-460c-9e5a-54ed348d6e1e" name="brian@BRIAN 2026-04-30 10:28:33" runUser="BRIAN\brian" xmlns="http://microsoft.com/schemas/VisualStudio/TeamTest/2010">
  <Times creation="2026-04-30T10:28:33.7479237-04:00" queuing="2026-04-30T10:28:33.7479238-04:00" start="2026-04-30T10:28:33.3543415-04:00" finish="2026-04-30T10:28:33.7900333-04:00" />
  <TestSettings name="default" id="8d479b23-c568-4bf2-8176-4009f04f2d80">
    <Deployment runDeploymentRoot="brian_BRIAN_2026-04-30_10_28_33" />
  </TestSettings>
  <Results>
    <UnitTestResult executionId="d6dc0a72-9c7b-444c-8d54-54474e4bfa9f" testId="e4d26672-bbc8-fbed-42f5-2935da89aaad" testName="test_forced_off_conditions_turn_attack_off_and_emit_hud_safe_signal(CombatExit)" computerName="BRIAN" duration="00:00:00.0000100" startTime="2026-04-30T10:28:33.7045205-04:00" endTime="2026-04-30T10:28:33.7045305-04:00" testType="13cdc9d9-ddb5-4fa4-a97d-d965ccfc6d4b" outcome="Passed" testListId="8c84fa94-04c1-424b-9868-57a2d4851a1d" relativeResultsDirectory="d6dc0a72-9c7b-444c-8d54-54474e4bfa9f" />
    <UnitTestResult executionId="07aa3c5d-0655-43e0-a733-6c491457083c" testId="ca3de4af-a428-ab10-8245-726ed4f5d8d7" testName="test_forced_off_conditions_turn_attack_off_and_emit_hud_safe_signal(PlayerDeath)" computerName="BRIAN" duration="00:00:00.0000080" startTime="2026-04-30T10:28:33.7045325-04:00" endTime="2026-04-30T10:28:33.7045401-04:00" testType="13cdc9d9-ddb5-4fa4-a97d-d965ccfc6d4b" outcome="Passed" testListId="8c84fa94-04c1-424b-9868-57a2d4851a1d" relativeResultsDirectory="07aa3c5d-0655-43e0-a733-6c491457083c" />
    <UnitTestResult executionId="78c34b3c-e4fa-494a-b294-dbdba0a05921" testId="bd7e0408-3a77-bf6f-de7e-e05f6c4b76a7" testName="test_los_query_contract_blocks_only_t1_occluder_layers_and_reports_buffer_overflow" computerName="BRIAN" duration="00:00:00.0010039" startTime="2026-04-30T10:28:33.7382557-04:00" endTime="2026-04-30T10:28:33.7392597-04:00" testType="13cdc9d9-ddb5-4fa4-a97d-d965ccfc6d4b" outcome="Passed" testListId="8c84fa94-04c1-424b-9868-57a2d4851a1d" relativeResultsDirectory="78c34b3c-e4fa-494a-b294-dbdba0a05921" />
    <UnitTestResult executionId="cbdbddbf-6ea2-4a24-ba56-8ac3a67afa03" testId="ea5b3a0a-b5a5-7379-64fa-6706fbddd192" testName="test_player_toggle_on_with_valid_hostile_target_turns_attack_on_and_schedules_weapon_tick" computerName="BRIAN" duration="00:00:00.0004910" startTime="2026-04-30T10:28:33.7053483-04:00" endTime="2026-04-30T10:28:33.7058392-04:00" testType="13cdc9d9-ddb5-4fa4-a97d-d965ccfc6d4b" outcome="Passed" testListId="8c84fa94-04c1-424b-9868-57a2d4851a1d" relativeResultsDirectory="cbdbddbf-6ea2-4a24-ba56-8ac3a67afa03" />
    <UnitTestResult executionId="a6938d92-4777-4c24-b97d-477a9ba8cc58" testId="1791f5b3-5e24-0819-55f9-1dbf5d2c44b5" testName="test_combat_actor_state_has_no_unity_scene_object_fields" computerName="BRIAN" duration="00:00:00.0003940" startTime="2026-04-30T10:28:33.7433983-04:00" endTime="2026-04-30T10:28:33.7437916-04:00" testType="13cdc9d9-ddb5-4fa4-a97d-d965ccfc6d4b" outcome="Passed" testListId="8c84fa94-04c1-424b-9868-57a2d4851a1d" relativeResultsDirectory="a6938d92-4777-4c24-b97d-477a9ba8cc58" />
    <UnitTestResult executionId="0adabad3-cb15-4236-b7e9-d9d0c8cef16e" testId="3047f30d-2248-6654-3e64-02b635dc3ac6" testName="test_eligible_weapon_tick_revalidates_range_facing_los_and_alive_state(&quot;bad facing&quot;,1.5d,120.0d,False,False,FacingBlocked)" computerName="BRIAN" duration="00:00:00.0002040" startTime="2026-04-30T10:28:33.7276396-04:00" endTime="2026-04-30T10:28:33.7278433-04:00" testType="13cdc9d9-ddb5-4fa4-a97d-d965ccfc6d4b" outcome="Passed" testListId="8c84fa94-04c1-424b-9868-57a2d4851a1d" relativeResultsDirectory="0adabad3-cb15-4236-b7e9-d9d0c8cef16e" />
    <UnitTestResult executionId="5835421f-469f-4483-8ae4-41b31d4c9ec0" testId="505a48d1-2ea7-aac4-560e-84e937c343d2" testName="test_seeded_fixture_melee_damage_executes_low_and_top_extremes_inside_trash_band" computerName="BRIAN" duration="00:00:00.0012190" startTime="2026-04-30T10:28:33.7518088-04:00" endTime="2026-04-30T10:28:33.7530277-04:00" testType="13cdc9d9-ddb5-4fa4-a97d-d965ccfc6d4b" outcome="Passed" testListId="8c84fa94-04c1-424b-9868-57a2d4851a1d" relativeResultsDirectory="5835421f-469f-4483-8ae4-41b31d4c9ec0" />
    <UnitTestResult executionId="8436b780-46b9-4885-9133-b42e2bd7326c" testId="07b3e8a3-fa79-9867-6c2d-09f8c62b4af9" testName="test_path_failure_enters_leashing_after_grace_and_requests_return_to_anchor" computerName="BRIAN" duration="00:00:00.0008320" startTime="2026-04-30T10:28:33.7392729-04:00" endTime="2026-04-30T10:28:33.7401043-04:00" testType="13cdc9d9-ddb5-4fa4-a97d-d965ccfc6d4b" outcome="Passed" testListId="8c84fa94-04c1-424b-9868-57a2d4851a1d" relativeResultsDirectory="8436b780-46b9-4885-9133-b42e2bd7326c" />
    <UnitTestResult executionId="0d160890-09b0-48a5-a8b0-27d551876c69" testId="7e83c692-4866-4e8e-1f06-6afdc03fe9f9" testName="test_combat_actor_state_rejects_transient_threat_table_negative_values" computerName="BRIAN" duration="00:00:00.0001020" startTime="2026-04-30T10:28:33.7438017-04:00" endTime="2026-04-30T10:28:33.7439038-04:00" testType="13cdc9d9-ddb5-4fa4-a97d-d965ccfc6d4b" outcome="Passed" testListId="8c84fa94-04c1-424b-9868-57a2d4851a1d" relativeResultsDirectory="0d160890-09b0-48a5-a8b0-27d551876c69" />
    <UnitTestResult executionId="814fe662-f562-4434-b520-e5949ed0fcbc" testId="154d7153-cb1b-f71d-e606-63633464063a" testName="test_body_pull_initializes_threat_and_pivot_signal_without_warning_affordances" computerName="BRIAN" duration="00:00:00.0037160" startTime="2026-04-30T10:28:33.7327042-04:00" endTime="2026-04-30T10:28:33.7364197-04:00" testType="13cdc9d9-ddb5-4fa4-a97d-d965ccfc6d4b" outcome="Passed" testListId="8c84fa94-04c1-424b-9868-57a2d4851a1d" relativeResultsDirectory="814fe662-f562-4434-b520-e5949ed0fcbc" />
    <UnitTestResult executionId="d4b0721f-cf2e-48c2-8491-5363a41c7c5b" testId="a4864b1c-7b9b-d74d-db76-5dc6cabb4195" testName="test_toggle_on_with_no_valid_hostile_target_noops_and_leaves_attack_off" computerName="BRIAN" duration="00:00:00.0000950" startTime="2026-04-30T10:28:33.7059652-04:00" endTime="2026-04-30T10:28:33.7060605-04:00" testType="13cdc9d9-ddb5-4fa4-a97d-d965ccfc6d4b" outcome="Passed" testListId="8c84fa94-04c1-424b-9868-57a2d4851a1d" relativeResultsDirectory="d4b0721f-cf2e-48c2-8491-5363a41c7c5b" />
    <UnitTestResult executionId="5cbd928b-d547-4094-b769-d48fe29fa315" testId="0ade053e-d8d5-65c4-7361-eb338196a9dc" testName="test_eligible_weapon_tick_revalidates_range_facing_los_and_alive_state(&quot;out of range&quot;,3.0d,0.0d,False,False,OutOfRange)" computerName="BRIAN" duration="00:00:00.0003379" startTime="2026-04-30T10:28:33.7272952-04:00" endTime="2026-04-30T10:28:33.7276332-04:00" testType="13cdc9d9-ddb5-4fa4-a97d-d965ccfc6d4b" outcome="Passed" testListId="8c84fa94-04c1-424b-9868-57a2d4851a1d" relativeResultsDirectory="5cbd928b-d547-4094-b769-d48fe29fa315" />
    <UnitTestResult executionId="d2c26826-e18a-4f0c-93f5-2598bca2cbcd" testId="2f23a5a2-5506-12da-46f3-d78e76fe496a" testName="test_passive_combat_paths_do_not_enable_attack(SocialAssist)" computerName="BRIAN" duration="00:00:00.0000020" startTime="2026-04-30T10:28:33.7052012-04:00" endTime="2026-04-30T10:28:33.7052030-04:00" testType="13cdc9d9-ddb5-4fa4-a97d-d965ccfc6d4b" outcome="Passed" testListId="8c84fa94-04c1-424b-9868-57a2d4851a1d" relativeResultsDirectory="d2c26826-e18a-4f0c-93f5-2598bca2cbcd" />
    <UnitTestResult executionId="750b9810-a38f-40a5-b6f6-3ae6d294c684" testId="31dd81de-6124-96ae-941c-8106255da461" testName="test_passive_combat_paths_do_not_enable_attack(SpellPull)" computerName="BRIAN" duration="00:00:00.0000020" startTime="2026-04-30T10:28:33.7052044-04:00" endTime="2026-04-30T10:28:33.7052060-04:00" testType="13cdc9d9-ddb5-4fa4-a97d-d965ccfc6d4b" outcome="Passed" testListId="8c84fa94-04c1-424b-9868-57a2d4851a1d" relativeResultsDirectory="750b9810-a38f-40a5-b6f6-3ae6d294c684" />
    <UnitTestResult executionId="a6795a40-0d1f-4ffb-856b-aae62c7c45bf" testId="de8ee3a3-9174-40d5-2212-68f9a477a22a" testName="test_city_hub_zone_disables_targeting_claim_threat_damage_and_kill_credit" computerName="BRIAN" duration="00:00:00.0013970" startTime="2026-04-30T10:28:33.7364362-04:00" endTime="2026-04-30T10:28:33.7378330-04:00" testType="13cdc9d9-ddb5-4fa4-a97d-d965ccfc6d4b" outcome="Passed" testListId="8c84fa94-04c1-424b-9868-57a2d4851a1d" relativeResultsDirectory="a6795a40-0d1f-4ffb-856b-aae62c7c45bf" />
    <UnitTestResult executionId="59a73d65-0795-40ce-b5ef-9f0a95c07e34" testId="8f874cde-082c-7895-5ff6-5c9a8b22eaec" testName="test_combat_actor_hydration_rejects_dead_current_health_without_death_handoff" computerName="BRIAN" duration="00:00:00.0012530" startTime="2026-04-30T10:28:33.6997566-04:00" endTime="2026-04-30T10:28:33.7010093-04:00" testType="13cdc9d9-ddb5-4fa4-a97d-d965ccfc6d4b" outcome="Passed" testListId="8c84fa94-04c1-424b-9868-57a2d4851a1d" relativeResultsDirectory="59a73d65-0795-40ce-b5ef-9f0a95c07e34" />
    <UnitTestResult executionId="71ef6e12-cebc-4e0f-94d0-f5f9cb5965d0" testId="6b7c1f71-5e0b-e619-c3a2-80a9a674d6f5" testName="test_combat_fixture_package_declares_default_social_assist_profile" computerName="BRIAN" duration="00:00:00.0008360" startTime="2026-04-30T10:28:33.7444551-04:00" endTime="2026-04-30T10:28:33.7452906-04:00" testType="13cdc9d9-ddb5-4fa4-a97d-d965ccfc6d4b" outcome="Passed" testListId="8c84fa94-04c1-424b-9868-57a2d4851a1d" relativeResultsDirectory="71ef6e12-cebc-4e0f-94d0-f5f9cb5965d0" />
    <UnitTestResult executionId="aedce7b4-42c0-41e5-b662-c0cce35e4d8f" testId="2110dbca-f3ef-dc2c-8c82-2d0dd5997da9" testName="test_combat_clock_reset_returns_known_tick" computerName="BRIAN" duration="00:00:00.0001180" startTime="2026-04-30T10:28:33.7442885-04:00" endTime="2026-04-30T10:28:33.7444067-04:00" testType="13cdc9d9-ddb5-4fa4-a97d-d965ccfc6d4b" outcome="Passed" testListId="8c84fa94-04c1-424b-9868-57a2d4851a1d" relativeResultsDirectory="aedce7b4-42c0-41e5-b662-c0cce35e4d8f" />
    <UnitTestResult executionId="de97a71d-4c26-4ff1-99ff-7f7114bbba61" testId="f0d5177a-e97c-d50d-f458-8f7bac4f52bc" testName="test_target_selection_filters_dead_out_of_radius_blocked_los_and_orders_deterministically" computerName="BRIAN" duration="00:00:00.0002530" startTime="2026-04-30T10:28:33.7421442-04:00" endTime="2026-04-30T10:28:33.7423973-04:00" testType="13cdc9d9-ddb5-4fa4-a97d-d965ccfc6d4b" outcome="Passed" testListId="8c84fa94-04c1-424b-9868-57a2d4851a1d" relativeResultsDirectory="de97a71d-4c26-4ff1-99ff-7f7114bbba61" />
    <UnitTestResult executionId="1350f865-a948-4edf-8c7b-c38203995857" testId="b41a1ac5-a9b0-0f1c-ceb9-29a7783030c4" testName="test_passive_combat_paths_do_not_enable_attack(SpellCast)" computerName="BRIAN" duration="00:00:00.0000040" startTime="2026-04-30T10:28:33.7052076-04:00" endTime="2026-04-30T10:28:33.7052117-04:00" testType="13cdc9d9-ddb5-4fa4-a97d-d965ccfc6d4b" outcome="Passed" testListId="8c84fa94-04c1-424b-9868-57a2d4851a1d" relativeResultsDirectory="1350f865-a948-4edf-8c7b-c38203995857" />
    <UnitTestResult executionId="f4d40879-5f67-42bb-afe4-305e6b3e6552" testId="48510470-e43e-af14-e67a-0936ddabfdcc" testName="test_combat_fixture_validator_rejects_missing_required_rows" computerName="BRIAN" duration="00:00:00.0007690" startTime="2026-04-30T10:28:33.7504028-04:00" endTime="2026-04-30T10:28:33.7511717-04:00" testType="13cdc9d9-ddb5-4fa4-a97d-d965ccfc6d4b" outcome="Passed" testListId="8c84fa94-04c1-424b-9868-57a2d4851a1d" relativeResultsDirectory="f4d40879-5f67-42bb-afe4-305e6b3e6552" />
    <UnitTestResult executionId="f864eb30-2756-4b7a-a6c7-8363d1104cf2" testId="53728362-84cd-7548-bf24-25b503edc85b" testName="test_combat_actor_state_contains_required_runtime_and_stable_fields" computerName="BRIAN" duration="00:00:00.0004000" startTime="2026-04-30T10:28:33.7429788-04:00" endTime="2026-04-30T10:28:33.7433782-04:00" testType="13cdc9d9-ddb5-4fa4-a97d-d965ccfc6d4b" outcome="Passed" testListId="8c84fa94-04c1-424b-9868-57a2d4851a1d" relativeResultsDirectory="f864eb30-2756-4b7a-a6c7-8363d1104cf2" />
    <UnitTestResult executionId="a67a35ec-5451-4fe4-aaf3-0900f9e22701" testId="6b443170-429b-457b-6f92-d34edf1c5007" testName="test_social_assist_joins_eligible_actors_in_deterministic_order_with_default_threat" computerName="BRIAN" duration="00:00:00.0007930" startTime="2026-04-30T10:28:33.7406559-04:00" endTime="2026-04-30T10:28:33.7414487-04:00" testType="13cdc9d9-ddb5-4fa4-a97d-d965ccfc6d4b" outcome="Passed" testListId="8c84fa94-04c1-424b-9868-57a2d4851a1d" relativeResultsDirectory="a67a35ec-5451-4fe4-aaf3-0900f9e22701" />
    <UnitTestResult executionId="b904fac9-21db-42ba-a3a8-7a2b6a5e027b" testId="43c755cb-28bd-db4d-1012-f36a8b40cc25" testName="test_melee_damage_successful_hit_never_drops_below_minimum_damage" computerName="BRIAN" duration="00:00:00.0000420" startTime="2026-04-30T10:28:33.7513845-04:00" endTime="2026-04-30T10:28:33.7514261-04:00" testType="13cdc9d9-ddb5-4fa4-a97d-d965ccfc6d4b" outcome="Passed" testListId="8c84fa94-04c1-424b-9868-57a2d4851a1d" relativeResultsDirectory="b904fac9-21db-42ba-a3a8-7a2b6a5e027b" />
    <UnitTestResult executionId="a7b88b7b-6963-4fc0-aaba-531e7463d9e4" testId="741b39a7-a224-087a-4da7-d30dea041ad0" testName="test_haunt_zone_gate_enables_claim_targeting_and_pull" computerName="BRIAN" duration="00:00:00.0003970" startTime="2026-04-30T10:28:33.7378478-04:00" endTime="2026-04-30T10:28:33.7382447-04:00" testType="13cdc9d9-ddb5-4fa4-a97d-d965ccfc6d4b" outcome="Passed" testListId="8c84fa94-04c1-424b-9868-57a2d4851a1d" relativeResultsDirectory="a7b88b7b-6963-4fc0-aaba-531e7463d9e4" />
    <UnitTestResult executionId="cd5c6c30-d120-4b32-9f3d-c36fa16c033b" testId="082fc771-2a89-ef50-1099-951b6be4dfd9" testName="test_pause_does_not_advance_clock_or_wall_clock_catch_up_melee_ticks" computerName="BRIAN" duration="00:00:00.0003650" startTime="2026-04-30T10:28:33.7320732-04:00" endTime="2026-04-30T10:28:33.7324386-04:00" testType="13cdc9d9-ddb5-4fa4-a97d-d965ccfc6d4b" outcome="Passed" testListId="8c84fa94-04c1-424b-9868-57a2d4851a1d" relativeResultsDirectory="cd5c6c30-d120-4b32-9f3d-c36fa16c033b" />
    <UnitTestResult executionId="306165d8-859f-47c6-b04d-25bd37a97d6e" testId="0aaeafb3-de1a-f812-f2ac-45c18e263dad" testName="test_unapproved_transition_path_cannot_change_attack_state" computerName="BRIAN" duration="00:00:00.0021570" startTime="2026-04-30T10:28:33.7060631-04:00" endTime="2026-04-30T10:28:33.7082195-04:00" testType="13cdc9d9-ddb5-4fa4-a97d-d965ccfc6d4b" outcome="Passed" testListId="8c84fa94-04c1-424b-9868-57a2d4851a1d" relativeResultsDirectory="306165d8-859f-47c6-b04d-25bd37a97d6e" />
    <UnitTestResult executionId="f3889c07-473e-4787-8fd0-692a33637984" testId="f370e923-3d1c-0b1f-475c-90253f167f9c" testName="test_combat_fixture_package_resolves_targeting_pull_and_leash_tuning" computerName="BRIAN" duration="00:00:00.0009440" startTime="2026-04-30T10:28:33.7457397-04:00" endTime="2026-04-30T10:28:33.7466831-04:00" testType="13cdc9d9-ddb5-4fa4-a97d-d965ccfc6d4b" outcome="Passed" testListId="8c84fa94-04c1-424b-9868-57a2d4851a1d" relativeResultsDirectory="f3889c07-473e-4787-8fd0-692a33637984" />
    <UnitTestResult executionId="5992caba-fb44-4d8b-b1b1-3f4ad83fc8c6" testId="0609f7c7-6951-db49-ce69-ea2ba5bad7c0" testName="test_reaggro_requires_active_memory_distance_los_and_expiry_clears_threat" computerName="BRIAN" duration="00:00:00.0005330" startTime="2026-04-30T10:28:33.7401167-04:00" endTime="2026-04-30T10:28:33.7406495-04:00" testType="13cdc9d9-ddb5-4fa4-a97d-d965ccfc6d4b" outcome="Passed" testListId="8c84fa94-04c1-424b-9868-57a2d4851a1d" relativeResultsDirectory="5992caba-fb44-4d8b-b1b1-3f4ad83fc8c6" />
    <UnitTestResult executionId="9d0d5b61-c3f4-4c15-bd44-51a5be2ac855" testId="8cb1d39d-b99a-87af-34ee-20bd0cf34e93" testName="test_combat_fixture_loader_keeps_fixture_tuning_values_out_of_production_logic" computerName="BRIAN" duration="00:00:00.0144840" startTime="2026-04-30T10:28:33.7097589-04:00" endTime="2026-04-30T10:28:33.7242423-04:00" testType="13cdc9d9-ddb5-4fa4-a97d-d965ccfc6d4b" outcome="Passed" testListId="8c84fa94-04c1-424b-9868-57a2d4851a1d" relativeResultsDirectory="9d0d5b61-c3f4-4c15-bd44-51a5be2ac855" />
    <UnitTestResult executionId="ad11e050-a39e-4ff9-9366-21795fb5698e" testId="0c860a0f-52ea-c4f2-d829-13733bfc3183" testName="test_zone_transition_clears_transient_combat_state_and_blocks_incoming_zone_results" computerName="BRIAN" duration="00:00:00.0004710" startTime="2026-04-30T10:28:33.7424070-04:00" endTime="2026-04-30T10:28:33.7428779-04:00" testType="13cdc9d9-ddb5-4fa4-a97d-d965ccfc6d4b" outcome="Passed" testListId="8c84fa94-04c1-424b-9868-57a2d4851a1d" relativeResultsDirectory="ad11e050-a39e-4ff9-9366-21795fb5698e" />
    <UnitTestResult executionId="90ae5b73-7636-482d-a697-03d0f5e0e61b" testId="20b6918d-1a40-3669-7480-f4692fd34d7a" testName="test_fixed_tick_melee_resolution_at_fifty_hz_is_frame_rate_independent" computerName="BRIAN" duration="00:00:00.0027700" startTime="2026-04-30T10:28:33.7285534-04:00" endTime="2026-04-30T10:28:33.7313234-04:00" testType="13cdc9d9-ddb5-4fa4-a97d-d965ccfc6d4b" outcome="Passed" testListId="8c84fa94-04c1-424b-9868-57a2d4851a1d" relativeResultsDirectory="90ae5b73-7636-482d-a697-03d0f5e0e61b" />
    <UnitTestResult executionId="0a31535e-1365-4d32-afda-1ba50bde1c92" testId="90583ee3-46fc-7f9b-dfe6-31a5296a3684" testName="test_combat_clock_rejects_invalid_tick_rate" computerName="BRIAN" duration="00:00:00.0002330" startTime="2026-04-30T10:28:33.7440446-04:00" endTime="2026-04-30T10:28:33.7442775-04:00" testType="13cdc9d9-ddb5-4fa4-a97d-d965ccfc6d4b" outcome="Passed" testListId="8c84fa94-04c1-424b-9868-57a2d4851a1d" relativeResultsDirectory="0a31535e-1365-4d32-afda-1ba50bde1c92" />
    <UnitTestResult executionId="8bf990f5-1310-4bd1-9cdb-86d43cf31816" testId="a98270b6-3be0-ac77-57fe-95b162720f3c" testName="test_combat_fixture_loader_exposes_source_ref_aliases_for_downstream_validation" computerName="BRIAN" duration="00:00:00.0014360" startTime="2026-04-30T10:28:33.7083127-04:00" endTime="2026-04-30T10:28:33.7097480-04:00" testType="13cdc9d9-ddb5-4fa4-a97d-d965ccfc6d4b" outcome="Passed" testListId="8c84fa94-04c1-424b-9868-57a2d4851a1d" relativeResultsDirectory="8bf990f5-1310-4bd1-9cdb-86d43cf31816" />
    <UnitTestResult executionId="051eb63e-8951-463a-b2c1-9bf49fb44ca0" testId="dbb1fc28-d235-c7de-149d-f3820c8f4616" testName="test_same_tick_death_priority_discards_scheduled_swing_before_random_roll" computerName="BRIAN" duration="00:00:00.0001770" startTime="2026-04-30T10:28:33.7324490-04:00" endTime="2026-04-30T10:28:33.7326257-04:00" testType="13cdc9d9-ddb5-4fa4-a97d-d965ccfc6d4b" outcome="Passed" testListId="8c84fa94-04c1-424b-9868-57a2d4851a1d" relativeResultsDirectory="051eb63e-8951-463a-b2c1-9bf49fb44ca0" />
    <UnitTestResult executionId="5775d812-9e9a-4710-a6a5-626e867d456b" testId="3db8fcda-c6b4-81b1-6f22-2b5a6cbf12d4" testName="test_passive_combat_paths_do_not_enable_attack(TargetSelection)" computerName="BRIAN" duration="00:00:00.0005080" startTime="2026-04-30T10:28:33.7045750-04:00" endTime="2026-04-30T10:28:33.7050832-04:00" testType="13cdc9d9-ddb5-4fa4-a97d-d965ccfc6d4b" outcome="Passed" testListId="8c84fa94-04c1-424b-9868-57a2d4851a1d" relativeResultsDirectory="5775d812-9e9a-4710-a6a5-626e867d456b" />
    <UnitTestResult executionId="1f1f8f52-3a2f-41c0-a919-2a89bc48ab54" testId="10713985-d7d6-30bf-3ee2-5dfc0ecc66c3" testName="test_combat_actor_hydration_rejects_missing_baseline_snapshot" computerName="BRIAN" duration="00:00:00.0004180" startTime="2026-04-30T10:28:33.7010254-04:00" endTime="2026-04-30T10:28:33.7014434-04:00" testType="13cdc9d9-ddb5-4fa4-a97d-d965ccfc6d4b" outcome="Passed" testListId="8c84fa94-04c1-424b-9868-57a2d4851a1d" relativeResultsDirectory="1f1f8f52-3a2f-41c0-a919-2a89bc48ab54" />
    <UnitTestResult executionId="34694d0c-9039-477a-8e9f-30644b7cd5d2" testId="fd812598-b183-a49b-9046-c8aa53abc929" testName="test_forced_off_conditions_turn_attack_off_and_emit_hud_safe_signal(TargetDeath)" computerName="BRIAN" duration="00:00:00.0019160" startTime="2026-04-30T10:28:33.7024178-04:00" endTime="2026-04-30T10:28:33.7043342-04:00" testType="13cdc9d9-ddb5-4fa4-a97d-d965ccfc6d4b" outcome="Passed" testListId="8c84fa94-04c1-424b-9868-57a2d4851a1d" relativeResultsDirectory="34694d0c-9039-477a-8e9f-30644b7cd5d2" />
    <UnitTestResult executionId="f965590b-c995-4188-b0fc-a311854a6782" testId="06c39495-a345-6c2f-adc5-af2e65ea0594" testName="test_social_assist_pulses_are_bounded_and_join_once_per_pull_episode" computerName="BRIAN" duration="00:00:00.0006700" startTime="2026-04-30T10:28:33.7414613-04:00" endTime="2026-04-30T10:28:33.7421315-04:00" testType="13cdc9d9-ddb5-4fa4-a97d-d965ccfc6d4b" outcome="Passed" testListId="8c84fa94-04c1-424b-9868-57a2d4851a1d" relativeResultsDirectory="f965590b-c995-4188-b0fc-a311854a6782" />
    <UnitTestResult executionId="b4eea11e-4bf7-4401-a214-511e1556d900" testId="a3feacce-9d27-6f92-1f81-e196edaf7e5f" testName="test_combat_clock_advance_ticks_uses_fixed_duration" computerName="BRIAN" duration="00:00:00.0000900" startTime="2026-04-30T10:28:33.7439518-04:00" endTime="2026-04-30T10:28:33.7440413-04:00" testType="13cdc9d9-ddb5-4fa4-a97d-d965ccfc6d4b" outcome="Passed" testListId="8c84fa94-04c1-424b-9868-57a2d4851a1d" relativeResultsDirectory="b4eea11e-4bf7-4401-a214-511e1556d900" />
    <UnitTestResult executionId="121c8a21-8823-45ea-9589-6d8bb7e29ee8" testId="b64c07bb-9ea0-1dcd-fadf-25c58268b306" testName="test_melee_hit_chance_clamps_and_honors_boundary_inputs(1,60,0,300,0.1d)" computerName="BRIAN" duration="00:00:00.0000790" startTime="2026-04-30T10:28:33.7514363-04:00" endTime="2026-04-30T10:28:33.7515152-04:00" testType="13cdc9d9-ddb5-4fa4-a97d-d965ccfc6d4b" outcome="Passed" testListId="8c84fa94-04c1-424b-9868-57a2d4851a1d" relativeResultsDirectory="121c8a21-8823-45ea-9589-6d8bb7e29ee8" />
    <UnitTestResult executionId="b1cb4bbf-cef6-4f62-a713-a5f2b6ee4cbf" testId="aaa2f95e-c9c2-de15-c24c-cee51fd7d071" testName="test_passive_combat_paths_do_not_enable_attack(TabCycle)" computerName="BRIAN" duration="00:00:00.0000989" startTime="2026-04-30T10:28:33.7050902-04:00" endTime="2026-04-30T10:28:33.7051893-04:00" testType="13cdc9d9-ddb5-4fa4-a97d-d965ccfc6d4b" outcome="Passed" testListId="8c84fa94-04c1-424b-9868-57a2d4851a1d" relativeResultsDirectory="b1cb4bbf-cef6-4f62-a713-a5f2b6ee4cbf" />
    <UnitTestResult executionId="c60699fb-df4f-4b5a-bb0a-356d9afda940" testId="4481cff0-06ae-923c-2804-497c4a1ca7a7" testName="test_melee_hit_chance_equal_level_equal_skills_returns_design_example" computerName="BRIAN" duration="00:00:00.0000670" startTime="2026-04-30T10:28:33.7517395-04:00" endTime="2026-04-30T10:28:33.7518064-04:00" testType="13cdc9d9-ddb5-4fa4-a97d-d965ccfc6d4b" outcome="Passed" testListId="8c84fa94-04c1-424b-9868-57a2d4851a1d" relativeResultsDirectory="c60699fb-df4f-4b5a-bb0a-356d9afda940" />
    <UnitTestResult executionId="3381a181-1762-4119-9eb9-a18e2f9ffe5d" testId="38742b76-5145-41c4-946f-5a2aa209a875" testName="test_combat_fixture_package_validates_required_t1_rows" computerName="BRIAN" duration="00:00:00.0036920" startTime="2026-04-30T10:28:33.7466960-04:00" endTime="2026-04-30T10:28:33.7503879-04:00" testType="13cdc9d9-ddb5-4fa4-a97d-d965ccfc6d4b" outcome="Passed" testListId="8c84fa94-04c1-424b-9868-57a2d4851a1d" relativeResultsDirectory="3381a181-1762-4119-9eb9-a18e2f9ffe5d" />
    <UnitTestResult executionId="55859f94-038a-4238-8723-755965272a8a" testId="0fd97fbd-f6f7-6b36-7e79-decbebde8209" testName="test_forced_off_conditions_turn_attack_off_and_emit_hud_safe_signal(ZoneTransition)" computerName="BRIAN" duration="00:00:00.0000070" startTime="2026-04-30T10:28:33.7045415-04:00" endTime="2026-04-30T10:28:33.7045489-04:00" testType="13cdc9d9-ddb5-4fa4-a97d-d965ccfc6d4b" outcome="Passed" testListId="8c84fa94-04c1-424b-9868-57a2d4851a1d" relativeResultsDirectory="55859f94-038a-4238-8723-755965272a8a" />
    <UnitTestResult executionId="3eec60aa-79b1-4a86-a9db-896b81b23458" testId="cf622bc6-ba9f-8306-05b4-a05cbcfe5e6f" testName="test_combat_fixture_package_resolves_cleric_mid_t1_design_values" computerName="BRIAN" duration="00:00:00.0004260" startTime="2026-04-30T10:28:33.7453031-04:00" endTime="2026-04-30T10:28:33.7457288-04:00" testType="13cdc9d9-ddb5-4fa4-a97d-d965ccfc6d4b" outcome="Passed" testListId="8c84fa94-04c1-424b-9868-57a2d4851a1d" relativeResultsDirectory="3eec60aa-79b1-4a86-a9db-896b81b23458" />
    <UnitTestResult executionId="60c3ec52-ab59-42c8-98d8-ce89ba58d296" testId="09b07e53-993b-b255-9c37-85cc605e7693" testName="test_city_zone_gate_blocks_damage_on_each_eligible_tick" computerName="BRIAN" duration="00:00:00.0019770" startTime="2026-04-30T10:28:33.7252838-04:00" endTime="2026-04-30T10:28:33.7272601-04:00" testType="13cdc9d9-ddb5-4fa4-a97d-d965ccfc6d4b" outcome="Passed" testListId="8c84fa94-04c1-424b-9868-57a2d4851a1d" relativeResultsDirectory="60c3ec52-ab59-42c8-98d8-ce89ba58d296" />
    <UnitTestResult executionId="160f2db2-3d32-49d5-a879-f8662696a426" testId="200e58b1-bdbe-12db-780e-939900502b83" testName="test_successful_sit_forces_attack_off_before_later_regen_or_threat_updates" computerName="BRIAN" duration="00:00:00.0001160" startTime="2026-04-30T10:28:33.7058456-04:00" endTime="2026-04-30T10:28:33.7059611-04:00" testType="13cdc9d9-ddb5-4fa4-a97d-d965ccfc6d4b" outcome="Passed" testListId="8c84fa94-04c1-424b-9868-57a2d4851a1d" relativeResultsDirectory="160f2db2-3d32-49d5-a879-f8662696a426" />
    <UnitTestResult executionId="fec6cb9d-cc24-478d-97b7-4fcb494ffd19" testId="5bd22301-7b0d-ecad-8ea1-05a08f0c361a" testName="test_melee_hit_chance_clamps_and_honors_boundary_inputs(5,5,30,30,0.72d)" computerName="BRIAN" duration="00:00:00.0000080" startTime="2026-04-30T10:28:33.7517238-04:00" endTime="2026-04-30T10:28:33.7517320-04:00" testType="13cdc9d9-ddb5-4fa4-a97d-d965ccfc6d4b" outcome="Passed" testListId="8c84fa94-04c1-424b-9868-57a2d4851a1d" relativeResultsDirectory="fec6cb9d-cc24-478d-97b7-4fcb494ffd19" />
    <UnitTestResult executionId="a737f0f7-6c3a-4625-9596-eab5ae621a0e" testId="0ec27a4d-7366-16e3-5f56-78d5b8174932" testName="test_passive_combat_paths_do_not_enable_attack(BodyPull)" computerName="BRIAN" duration="00:00:00.0000070" startTime="2026-04-30T10:28:33.7051927-04:00" endTime="2026-04-30T10:28:33.7051996-04:00" testType="13cdc9d9-ddb5-4fa4-a97d-d965ccfc6d4b" outcome="Passed" testListId="8c84fa94-04c1-424b-9868-57a2d4851a1d" relativeResultsDirectory="a737f0f7-6c3a-4625-9596-eab5ae621a0e" />
    <UnitTestResult executionId="24976f01-30d4-4dc7-bd00-10bf2de2f6ca" testId="806434a1-b6bb-8628-2e8e-893c6a0ead81" testName="test_melee_damage_design_example_returns_nine_damage" computerName="BRIAN" duration="00:00:00.0001299" startTime="2026-04-30T10:28:33.7512469-04:00" endTime="2026-04-30T10:28:33.7513772-04:00" testType="13cdc9d9-ddb5-4fa4-a97d-d965ccfc6d4b" outcome="Passed" testListId="8c84fa94-04c1-424b-9868-57a2d4851a1d" relativeResultsDirectory="24976f01-30d4-4dc7-bd00-10bf2de2f6ca" />
    <UnitTestResult executionId="6c8322f8-fbc2-459e-883a-b8cbe8c2356b" testId="2ecd3eba-6723-1021-f114-0e0dd818e4a3" testName="test_eligible_weapon_tick_revalidates_range_facing_los_and_alive_state(&quot;blocked sight&quot;,1.5d,0.0d,True,False,LineOfSightBlocked)" computerName="BRIAN" duration="00:00:00.0006700" startTime="2026-04-30T10:28:33.7278491-04:00" endTime="2026-04-30T10:28:33.7285191-04:00" testType="13cdc9d9-ddb5-4fa4-a97d-d965ccfc6d4b" outcome="Passed" testListId="8c84fa94-04c1-424b-9868-57a2d4851a1d" relativeResultsDirectory="6c8322f8-fbc2-459e-883a-b8cbe8c2356b" />
    <UnitTestResult executionId="a34b2eb8-189a-4ec4-991b-d1d3f24d9262" testId="987ab916-60fd-22f3-5057-0ccd73c9d3b6" testName="test_eligible_weapon_tick_revalidates_range_facing_los_and_alive_state(&quot;same tick death&quot;,1.5d,0.0d,False,True,TargetAlreadyDead)" computerName="BRIAN" duration="00:00:00.0000170" startTime="2026-04-30T10:28:33.7285264-04:00" endTime="2026-04-30T10:28:33.7285433-04:00" testType="13cdc9d9-ddb5-4fa4-a97d-d965ccfc6d4b" outcome="Passed" testListId="8c84fa94-04c1-424b-9868-57a2d4851a1d" relativeResultsDirectory="a34b2eb8-189a-4ec4-991b-d1d3f24d9262" />
    <UnitTestResult executionId="843fe641-28aa-4854-b9c4-2c4d4e86e5c5" testId="2238a2b9-f43e-5a9e-eaa2-2ae1b817016c" testName="test_melee_hit_chance_clamps_and_honors_boundary_inputs(60,1,300,0,0.92d)" computerName="BRIAN" duration="00:00:00.0002020" startTime="2026-04-30T10:28:33.7515177-04:00" endTime="2026-04-30T10:28:33.7517191-04:00" testType="13cdc9d9-ddb5-4fa4-a97d-d965ccfc6d4b" outcome="Passed" testListId="8c84fa94-04c1-424b-9868-57a2d4851a1d" relativeResultsDirectory="843fe641-28aa-4854-b9c4-2c4d4e86e5c5" />
    <UnitTestResult executionId="ab0347bd-fcf1-4ac2-8e13-dea9050f939e" testId="2b048ff7-b91b-9cc4-1df8-e1250284fefb" testName="test_out_of_range_swing_skips_damage_and_schedules_only_next_weapon_delay" computerName="BRIAN" duration="00:00:00.0007220" startTime="2026-04-30T10:28:33.7313376-04:00" endTime="2026-04-30T10:28:33.7320597-04:00" testType="13cdc9d9-ddb5-4fa4-a97d-d965ccfc6d4b" outcome="Passed" testListId="8c84fa94-04c1-424b-9868-57a2d4851a1d" relativeResultsDirectory="ab0347bd-fcf1-4ac2-8e13-dea9050f939e" />
    <UnitTestResult executionId="91aa6174-5251-4c8a-8d52-097a86c6872c" testId="e1016321-1c99-22e2-cd49-121aeafc90a6" testName="test_player_toggle_off_is_an_approved_command_path_and_emits_hud_safe_off_signal" computerName="BRIAN" duration="00:00:00.0001250" startTime="2026-04-30T10:28:33.7052201-04:00" endTime="2026-04-30T10:28:33.7053451-04:00" testType="13cdc9d9-ddb5-4fa4-a97d-d965ccfc6d4b" outcome="Passed" testListId="8c84fa94-04c1-424b-9868-57a2d4851a1d" relativeResultsDirectory="91aa6174-5251-4c8a-8d52-097a86c6872c" />
    <UnitTestResult executionId="ceeb39aa-011f-4b4c-9eb7-52974f87bb71" testId="bb8dc6f4-1ae0-aced-345b-a1c6887f9fd7" testName="test_combat_actor_hydration_accepts_valid_cleric_mid_baseline" computerName="BRIAN" duration="00:00:00.0383810" startTime="2026-04-30T10:28:33.6608209-04:00" endTime="2026-04-30T10:28:33.6991731-04:00" testType="13cdc9d9-ddb5-4fa4-a97d-d965ccfc6d4b" outcome="Passed" testListId="8c84fa94-04c1-424b-9868-57a2d4851a1d" relativeResultsDirectory="ceeb39aa-011f-4b4c-9eb7-52974f87bb71" />
    <UnitTestResult executionId="ebea274c-a770-40b1-a82a-a1c9c10464b7" testId="266bd731-d588-a80c-eacd-29ab739a2cd1" testName="test_combat_fixture_loader_resolves_spells_tactical_instants_and_encounters" computerName="BRIAN" duration="00:00:00.0009350" startTime="2026-04-30T10:28:33.7242660-04:00" endTime="2026-04-30T10:28:33.7252009-04:00" testType="13cdc9d9-ddb5-4fa4-a97d-d965ccfc6d4b" outcome="Passed" testListId="8c84fa94-04c1-424b-9868-57a2d4851a1d" relativeResultsDirectory="ebea274c-a770-40b1-a82a-a1c9c10464b7" />
    <UnitTestResult executionId="a70d6de6-6196-4e98-b98b-52de9acc5c73" testId="02be22a0-308b-09b3-7484-6037402feef7" testName="test_forced_off_conditions_turn_attack_off_and_emit_hud_safe_signal(SuccessfulSitOrMed)" computerName="BRIAN" duration="00:00:00.0001730" startTime="2026-04-30T10:28:33.7043425-04:00" endTime="2026-04-30T10:28:33.7045153-04:00" testType="13cdc9d9-ddb5-4fa4-a97d-d965ccfc6d4b" outcome="Passed" testListId="8c84fa94-04c1-424b-9868-57a2d4851a1d" relativeResultsDirectory="a70d6de6-6196-4e98-b98b-52de9acc5c73" />
  </Results>
  <TestDefinitions>
    <UnitTest name="test_combat_fixture_package_validates_required_t1_rows" storage="n:\gravenspire\tests\bin\debug\net8.0\gravenspire.combat.tests.dll" id="38742b76-5145-41c4-946f-5a2aa209a875">
      <Execution id="3381a181-1762-4119-9eb9-a18e2f9ffe5d" />
      <TestMethod codeBase="N:\GravenSpire\tests\bin\Debug\net8.0\Gravenspire.Combat.Tests.dll" adapterTypeName="executor://nunit3testexecutor/" className="Gravenspire.Tests.Unit.Gameplay.Combat.CombatFixtureValidationTest" name="test_combat_fixture_package_validates_required_t1_rows" />
    </UnitTest>
    <UnitTest name="test_forced_off_conditions_turn_attack_off_and_emit_hud_safe_signal(SuccessfulSitOrMed)" storage="n:\gravenspire\tests\bin\debug\net8.0\gravenspire.combat.tests.dll" id="02be22a0-308b-09b3-7484-6037402feef7">
      <Execution id="a70d6de6-6196-4e98-b98b-52de9acc5c73" />
      <TestMethod codeBase="N:\GravenSpire\tests\bin\Debug\net8.0\Gravenspire.Combat.Tests.dll" adapterTypeName="executor://nunit3testexecutor/" className="Gravenspire.Tests.Integration.Gameplay.Combat.CombatAttackToggleStateMachineTest" name="test_forced_off_conditions_turn_attack_off_and_emit_hud_safe_signal(SuccessfulSitOrMed)" />
    </UnitTest>
    <UnitTest name="test_reaggro_requires_active_memory_distance_los_and_expiry_clears_threat" storage="n:\gravenspire\tests\bin\debug\net8.0\gravenspire.combat.tests.dll" id="0609f7c7-6951-db49-ce69-ea2ba5bad7c0">
      <Execution id="5992caba-fb44-4d8b-b1b1-3f4ad83fc8c6" />
      <TestMethod codeBase="N:\GravenSpire\tests\bin\Debug\net8.0\Gravenspire.Combat.Tests.dll" adapterTypeName="executor://nunit3testexecutor/" className="Gravenspire.Tests.Integration.Gameplay.Combat.CombatTargetingPullLeashTest" name="test_reaggro_requires_active_memory_distance_los_and_expiry_clears_threat" />
    </UnitTest>
    <UnitTest name="test_melee_hit_chance_clamps_and_honors_boundary_inputs(5,5,30,30,0.72d)" storage="n:\gravenspire\tests\bin\debug\net8.0\gravenspire.combat.tests.dll" id="5bd22301-7b0d-ecad-8ea1-05a08f0c361a">
      <Execution id="fec6cb9d-cc24-478d-97b7-4fcb494ffd19" />
      <TestMethod codeBase="N:\GravenSpire\tests\bin\Debug\net8.0\Gravenspire.Combat.Tests.dll" adapterTypeName="executor://nunit3testexecutor/" className="Gravenspire.Tests.Unit.Gameplay.Combat.CombatMeleeFormulasTest" name="test_melee_hit_chance_clamps_and_honors_boundary_inputs(5,5,30,30,0.72d)" />
    </UnitTest>
    <UnitTest name="test_city_zone_gate_blocks_damage_on_each_eligible_tick" storage="n:\gravenspire\tests\bin\debug\net8.0\gravenspire.combat.tests.dll" id="09b07e53-993b-b255-9c37-85cc605e7693">
      <Execution id="60c3ec52-ab59-42c8-98d8-ce89ba58d296" />
      <TestMethod codeBase="N:\GravenSpire\tests\bin\Debug\net8.0\Gravenspire.Combat.Tests.dll" adapterTypeName="executor://nunit3testexecutor/" className="Gravenspire.Tests.Integration.Gameplay.Combat.CombatMeleeTickResolutionTest" name="test_city_zone_gate_blocks_damage_on_each_eligible_tick" />
    </UnitTest>
    <UnitTest name="test_player_toggle_off_is_an_approved_command_path_and_emits_hud_safe_off_signal" storage="n:\gravenspire\tests\bin\debug\net8.0\gravenspire.combat.tests.dll" id="e1016321-1c99-22e2-cd49-121aeafc90a6">
      <Execution id="91aa6174-5251-4c8a-8d52-097a86c6872c" />
      <TestMethod codeBase="N:\GravenSpire\tests\bin\Debug\net8.0\Gravenspire.Combat.Tests.dll" adapterTypeName="executor://nunit3testexecutor/" className="Gravenspire.Tests.Integration.Gameplay.Combat.CombatAttackToggleStateMachineTest" name="test_player_toggle_off_is_an_approved_command_path_and_emits_hud_safe_off_signal" />
    </UnitTest>
    <UnitTest name="test_forced_off_conditions_turn_attack_off_and_emit_hud_safe_signal(ZoneTransition)" storage="n:\gravenspire\tests\bin\debug\net8.0\gravenspire.combat.tests.dll" id="0fd97fbd-f6f7-6b36-7e79-decbebde8209">
      <Execution id="55859f94-038a-4238-8723-755965272a8a" />
      <TestMethod codeBase="N:\GravenSpire\tests\bin\Debug\net8.0\Gravenspire.Combat.Tests.dll" adapterTypeName="executor://nunit3testexecutor/" className="Gravenspire.Tests.Integration.Gameplay.Combat.CombatAttackToggleStateMachineTest" name="test_forced_off_conditions_turn_attack_off_and_emit_hud_safe_signal(ZoneTransition)" />
    </UnitTest>
    <UnitTest name="test_combat_actor_state_has_no_unity_scene_object_fields" storage="n:\gravenspire\tests\bin\debug\net8.0\gravenspire.combat.tests.dll" id="1791f5b3-5e24-0819-55f9-1dbf5d2c44b5">
      <Execution id="a6938d92-4777-4c24-b97d-477a9ba8cc58" />
      <TestMethod codeBase="N:\GravenSpire\tests\bin\Debug\net8.0\Gravenspire.Combat.Tests.dll" adapterTypeName="executor://nunit3testexecutor/" className="Gravenspire.Tests.Unit.Gameplay.Combat.CombatActorStateTest" name="test_combat_actor_state_has_no_unity_scene_object_fields" />
    </UnitTest>
    <UnitTest name="test_passive_combat_paths_do_not_enable_attack(BodyPull)" storage="n:\gravenspire\tests\bin\debug\net8.0\gravenspire.combat.tests.dll" id="0ec27a4d-7366-16e3-5f56-78d5b8174932">
      <Execution id="a737f0f7-6c3a-4625-9596-eab5ae621a0e" />
      <TestMethod codeBase="N:\GravenSpire\tests\bin\Debug\net8.0\Gravenspire.Combat.Tests.dll" adapterTypeName="executor://nunit3testexecutor/" className="Gravenspire.Tests.Integration.Gameplay.Combat.CombatAttackToggleStateMachineTest" name="test_passive_combat_paths_do_not_enable_attack(BodyPull)" />
    </UnitTest>
    <UnitTest name="test_melee_hit_chance_equal_level_equal_skills_returns_design_example" storage="n:\gravenspire\tests\bin\debug\net8.0\gravenspire.combat.tests.dll" id="4481cff0-06ae-923c-2804-497c4a1ca7a7">
      <Execution id="c60699fb-df4f-4b5a-bb0a-356d9afda940" />
      <TestMethod codeBase="N:\GravenSpire\tests\bin\Debug\net8.0\Gravenspire.Combat.Tests.dll" adapterTypeName="executor://nunit3testexecutor/" className="Gravenspire.Tests.Unit.Gameplay.Combat.CombatMeleeFormulasTest" name="test_melee_hit_chance_equal_level_equal_skills_returns_design_example" />
    </UnitTest>
    <UnitTest name="test_pause_does_not_advance_clock_or_wall_clock_catch_up_melee_ticks" storage="n:\gravenspire\tests\bin\debug\net8.0\gravenspire.combat.tests.dll" id="082fc771-2a89-ef50-1099-951b6be4dfd9">
      <Execution id="cd5c6c30-d120-4b32-9f3d-c36fa16c033b" />
      <TestMethod codeBase="N:\GravenSpire\tests\bin\Debug\net8.0\Gravenspire.Combat.Tests.dll" adapterTypeName="executor://nunit3testexecutor/" className="Gravenspire.Tests.Integration.Gameplay.Combat.CombatMeleeTickResolutionTest" name="test_pause_does_not_advance_clock_or_wall_clock_catch_up_melee_ticks" />
    </UnitTest>
    <UnitTest name="test_social_assist_joins_eligible_actors_in_deterministic_order_with_default_threat" storage="n:\gravenspire\tests\bin\debug\net8.0\gravenspire.combat.tests.dll" id="6b443170-429b-457b-6f92-d34edf1c5007">
      <Execution id="a67a35ec-5451-4fe4-aaf3-0900f9e22701" />
      <TestMethod codeBase="N:\GravenSpire\tests\bin\Debug\net8.0\Gravenspire.Combat.Tests.dll" adapterTypeName="executor://nunit3testexecutor/" className="Gravenspire.Tests.Integration.Gameplay.Combat.CombatTargetingPullLeashTest" name="test_social_assist_joins_eligible_actors_in_deterministic_order_with_default_threat" />
    </UnitTest>
    <UnitTest name="test_combat_clock_advance_ticks_uses_fixed_duration" storage="n:\gravenspire\tests\bin\debug\net8.0\gravenspire.combat.tests.dll" id="a3feacce-9d27-6f92-1f81-e196edaf7e5f">
      <Execution id="b4eea11e-4bf7-4401-a214-511e1556d900" />
      <TestMethod codeBase="N:\GravenSpire\tests\bin\Debug\net8.0\Gravenspire.Combat.Tests.dll" adapterTypeName="executor://nunit3testexecutor/" className="Gravenspire.Tests.Unit.Gameplay.Combat.CombatClockTest" name="test_combat_clock_advance_ticks_uses_fixed_duration" />
    </UnitTest>
    <UnitTest name="test_combat_fixture_loader_resolves_spells_tactical_instants_and_encounters" storage="n:\gravenspire\tests\bin\debug\net8.0\gravenspire.combat.tests.dll" id="266bd731-d588-a80c-eacd-29ab739a2cd1">
      <Execution id="ebea274c-a770-40b1-a82a-a1c9c10464b7" />
      <TestMethod codeBase="N:\GravenSpire\tests\bin\Debug\net8.0\Gravenspire.Combat.Tests.dll" adapterTypeName="executor://nunit3testexecutor/" className="Gravenspire.Tests.Integration.Gameplay.Combat.CombatFixtureLoadingTest" name="test_combat_fixture_loader_resolves_spells_tactical_instants_and_encounters" />
    </UnitTest>
    <UnitTest name="test_social_assist_pulses_are_bounded_and_join_once_per_pull_episode" storage="n:\gravenspire\tests\bin\debug\net8.0\gravenspire.combat.tests.dll" id="06c39495-a345-6c2f-adc5-af2e65ea0594">
      <Execution id="f965590b-c995-4188-b0fc-a311854a6782" />
      <TestMethod codeBase="N:\GravenSpire\tests\bin\Debug\net8.0\Gravenspire.Combat.Tests.dll" adapterTypeName="executor://nunit3testexecutor/" className="Gravenspire.Tests.Integration.Gameplay.Combat.CombatTargetingPullLeashTest" name="test_social_assist_pulses_are_bounded_and_join_once_per_pull_episode" />
    </UnitTest>
    <UnitTest name="test_passive_combat_paths_do_not_enable_attack(TabCycle)" storage="n:\gravenspire\tests\bin\debug\net8.0\gravenspire.combat.tests.dll" id="aaa2f95e-c9c2-de15-c24c-cee51fd7d071">
      <Execution id="b1cb4bbf-cef6-4f62-a713-a5f2b6ee4cbf" />
      <TestMethod codeBase="N:\GravenSpire\tests\bin\Debug\net8.0\Gravenspire.Combat.Tests.dll" adapterTypeName="executor://nunit3testexecutor/" className="Gravenspire.Tests.Integration.Gameplay.Combat.CombatAttackToggleStateMachineTest" name="test_passive_combat_paths_do_not_enable_attack(TabCycle)" />
    </UnitTest>
    <UnitTest name="test_combat_clock_reset_returns_known_tick" storage="n:\gravenspire\tests\bin\debug\net8.0\gravenspire.combat.tests.dll" id="2110dbca-f3ef-dc2c-8c82-2d0dd5997da9">
      <Execution id="aedce7b4-42c0-41e5-b662-c0cce35e4d8f" />
      <TestMethod codeBase="N:\GravenSpire\tests\bin\Debug\net8.0\Gravenspire.Combat.Tests.dll" adapterTypeName="executor://nunit3testexecutor/" className="Gravenspire.Tests.Unit.Gameplay.Combat.CombatClockTest" name="test_combat_clock_reset_returns_known_tick" />
    </UnitTest>
    <UnitTest name="test_combat_fixture_loader_exposes_source_ref_aliases_for_downstream_validation" storage="n:\gravenspire\tests\bin\debug\net8.0\gravenspire.combat.tests.dll" id="a98270b6-3be0-ac77-57fe-95b162720f3c">
      <Execution id="8bf990f5-1310-4bd1-9cdb-86d43cf31816" />
      <TestMethod codeBase="N:\GravenSpire\tests\bin\Debug\net8.0\Gravenspire.Combat.Tests.dll" adapterTypeName="executor://nunit3testexecutor/" className="Gravenspire.Tests.Integration.Gameplay.Combat.CombatFixtureLoadingTest" name="test_combat_fixture_loader_exposes_source_ref_aliases_for_downstream_validation" />
    </UnitTest>
    <UnitTest name="test_body_pull_initializes_threat_and_pivot_signal_without_warning_affordances" storage="n:\gravenspire\tests\bin\debug\net8.0\gravenspire.combat.tests.dll" id="154d7153-cb1b-f71d-e606-63633464063a">
      <Execution id="814fe662-f562-4434-b520-e5949ed0fcbc" />
      <TestMethod codeBase="N:\GravenSpire\tests\bin\Debug\net8.0\Gravenspire.Combat.Tests.dll" adapterTypeName="executor://nunit3testexecutor/" className="Gravenspire.Tests.Integration.Gameplay.Combat.CombatTargetingPullLeashTest" name="test_body_pull_initializes_threat_and_pivot_signal_without_warning_affordances" />
    </UnitTest>
    <UnitTest name="test_los_query_contract_blocks_only_t1_occluder_layers_and_reports_buffer_overflow" storage="n:\gravenspire\tests\bin\debug\net8.0\gravenspire.combat.tests.dll" id="bd7e0408-3a77-bf6f-de7e-e05f6c4b76a7">
      <Execution id="78c34b3c-e4fa-494a-b294-dbdba0a05921" />
      <TestMethod codeBase="N:\GravenSpire\tests\bin\Debug\net8.0\Gravenspire.Combat.Tests.dll" adapterTypeName="executor://nunit3testexecutor/" className="Gravenspire.Tests.Integration.Gameplay.Combat.CombatTargetingPullLeashTest" name="test_los_query_contract_blocks_only_t1_occluder_layers_and_reports_buffer_overflow" />
    </UnitTest>
    <UnitTest name="test_melee_hit_chance_clamps_and_honors_boundary_inputs(1,60,0,300,0.1d)" storage="n:\gravenspire\tests\bin\debug\net8.0\gravenspire.combat.tests.dll" id="b64c07bb-9ea0-1dcd-fadf-25c58268b306">
      <Execution id="121c8a21-8823-45ea-9589-6d8bb7e29ee8" />
      <TestMethod codeBase="N:\GravenSpire\tests\bin\Debug\net8.0\Gravenspire.Combat.Tests.dll" adapterTypeName="executor://nunit3testexecutor/" className="Gravenspire.Tests.Unit.Gameplay.Combat.CombatMeleeFormulasTest" name="test_melee_hit_chance_clamps_and_honors_boundary_inputs(1,60,0,300,0.1d)" />
    </UnitTest>
    <UnitTest name="test_combat_actor_state_contains_required_runtime_and_stable_fields" storage="n:\gravenspire\tests\bin\debug\net8.0\gravenspire.combat.tests.dll" id="53728362-84cd-7548-bf24-25b503edc85b">
      <Execution id="f864eb30-2756-4b7a-a6c7-8363d1104cf2" />
      <TestMethod codeBase="N:\GravenSpire\tests\bin\Debug\net8.0\Gravenspire.Combat.Tests.dll" adapterTypeName="executor://nunit3testexecutor/" className="Gravenspire.Tests.Unit.Gameplay.Combat.CombatActorStateTest" name="test_combat_actor_state_contains_required_runtime_and_stable_fields" />
    </UnitTest>
    <UnitTest name="test_melee_damage_successful_hit_never_drops_below_minimum_damage" storage="n:\gravenspire\tests\bin\debug\net8.0\gravenspire.combat.tests.dll" id="43c755cb-28bd-db4d-1012-f36a8b40cc25">
      <Execution id="b904fac9-21db-42ba-a3a8-7a2b6a5e027b" />
      <TestMethod codeBase="N:\GravenSpire\tests\bin\Debug\net8.0\Gravenspire.Combat.Tests.dll" adapterTypeName="executor://nunit3testexecutor/" className="Gravenspire.Tests.Unit.Gameplay.Combat.CombatMeleeFormulasTest" name="test_melee_damage_successful_hit_never_drops_below_minimum_damage" />
    </UnitTest>
    <UnitTest name="test_player_toggle_on_with_valid_hostile_target_turns_attack_on_and_schedules_weapon_tick" storage="n:\gravenspire\tests\bin\debug\net8.0\gravenspire.combat.tests.dll" id="ea5b3a0a-b5a5-7379-64fa-6706fbddd192">
      <Execution id="cbdbddbf-6ea2-4a24-ba56-8ac3a67afa03" />
      <TestMethod codeBase="N:\GravenSpire\tests\bin\Debug\net8.0\Gravenspire.Combat.Tests.dll" adapterTypeName="executor://nunit3testexecutor/" className="Gravenspire.Tests.Integration.Gameplay.Combat.CombatAttackToggleStateMachineTest" name="test_player_toggle_on_with_valid_hostile_target_turns_attack_on_and_schedules_weapon_tick" />
    </UnitTest>
    <UnitTest name="test_combat_actor_hydration_accepts_valid_cleric_mid_baseline" storage="n:\gravenspire\tests\bin\debug\net8.0\gravenspire.combat.tests.dll" id="bb8dc6f4-1ae0-aced-345b-a1c6887f9fd7">
      <Execution id="ceeb39aa-011f-4b4c-9eb7-52974f87bb71" />
      <TestMethod codeBase="N:\GravenSpire\tests\bin\Debug\net8.0\Gravenspire.Combat.Tests.dll" adapterTypeName="executor://nunit3testexecutor/" className="Gravenspire.Tests.Integration.Gameplay.Combat.CombatActorHydrationTest" name="test_combat_actor_hydration_accepts_valid_cleric_mid_baseline" />
    </UnitTest>
    <UnitTest name="test_same_tick_death_priority_discards_scheduled_swing_before_random_roll" storage="n:\gravenspire\tests\bin\debug\net8.0\gravenspire.combat.tests.dll" id="dbb1fc28-d235-c7de-149d-f3820c8f4616">
      <Execution id="051eb63e-8951-463a-b2c1-9bf49fb44ca0" />
      <TestMethod codeBase="N:\GravenSpire\tests\bin\Debug\net8.0\Gravenspire.Combat.Tests.dll" adapterTypeName="executor://nunit3testexecutor/" className="Gravenspire.Tests.Integration.Gameplay.Combat.CombatMeleeTickResolutionTest" name="test_same_tick_death_priority_discards_scheduled_swing_before_random_roll" />
    </UnitTest>
    <UnitTest name="test_combat_fixture_loader_keeps_fixture_tuning_values_out_of_production_logic" storage="n:\gravenspire\tests\bin\debug\net8.0\gravenspire.combat.tests.dll" id="8cb1d39d-b99a-87af-34ee-20bd0cf34e93">
      <Execution id="9d0d5b61-c3f4-4c15-bd44-51a5be2ac855" />
      <TestMethod codeBase="N:\GravenSpire\tests\bin\Debug\net8.0\Gravenspire.Combat.Tests.dll" adapterTypeName="executor://nunit3testexecutor/" className="Gravenspire.Tests.Integration.Gameplay.Combat.CombatFixtureLoadingTest" name="test_combat_fixture_loader_keeps_fixture_tuning_values_out_of_production_logic" />
    </UnitTest>
    <UnitTest name="test_forced_off_conditions_turn_attack_off_and_emit_hud_safe_signal(TargetDeath)" storage="n:\gravenspire\tests\bin\debug\net8.0\gravenspire.combat.tests.dll" id="fd812598-b183-a49b-9046-c8aa53abc929">
      <Execution id="34694d0c-9039-477a-8e9f-30644b7cd5d2" />
      <TestMethod codeBase="N:\GravenSpire\tests\bin\Debug\net8.0\Gravenspire.Combat.Tests.dll" adapterTypeName="executor://nunit3testexecutor/" className="Gravenspire.Tests.Integration.Gameplay.Combat.CombatAttackToggleStateMachineTest" name="test_forced_off_conditions_turn_attack_off_and_emit_hud_safe_signal(TargetDeath)" />
    </UnitTest>
    <UnitTest name="test_target_selection_filters_dead_out_of_radius_blocked_los_and_orders_deterministically" storage="n:\gravenspire\tests\bin\debug\net8.0\gravenspire.combat.tests.dll" id="f0d5177a-e97c-d50d-f458-8f7bac4f52bc">
      <Execution id="de97a71d-4c26-4ff1-99ff-7f7114bbba61" />
      <TestMethod codeBase="N:\GravenSpire\tests\bin\Debug\net8.0\Gravenspire.Combat.Tests.dll" adapterTypeName="executor://nunit3testexecutor/" className="Gravenspire.Tests.Integration.Gameplay.Combat.CombatTargetingPullLeashTest" name="test_target_selection_filters_dead_out_of_radius_blocked_los_and_orders_deterministically" />
    </UnitTest>
    <UnitTest name="test_eligible_weapon_tick_revalidates_range_facing_los_and_alive_state(&quot;out of range&quot;,3.0d,0.0d,False,False,OutOfRange)" storage="n:\gravenspire\tests\bin\debug\net8.0\gravenspire.combat.tests.dll" id="0ade053e-d8d5-65c4-7361-eb338196a9dc">
      <Execution id="5cbd928b-d547-4094-b769-d48fe29fa315" />
      <TestMethod codeBase="N:\GravenSpire\tests\bin\Debug\net8.0\Gravenspire.Combat.Tests.dll" adapterTypeName="executor://nunit3testexecutor/" className="Gravenspire.Tests.Integration.Gameplay.Combat.CombatMeleeTickResolutionTest" name="test_eligible_weapon_tick_revalidates_range_facing_los_and_alive_state(&quot;out of range&quot;,3.0d,0.0d,False,False,OutOfRange)" />
    </UnitTest>
    <UnitTest name="test_city_hub_zone_disables_targeting_claim_threat_damage_and_kill_credit" storage="n:\gravenspire\tests\bin\debug\net8.0\gravenspire.combat.tests.dll" id="de8ee3a3-9174-40d5-2212-68f9a477a22a">
      <Execution id="a6795a40-0d1f-4ffb-856b-aae62c7c45bf" />
      <TestMethod codeBase="N:\GravenSpire\tests\bin\Debug\net8.0\Gravenspire.Combat.Tests.dll" adapterTypeName="executor://nunit3testexecutor/" className="Gravenspire.Tests.Integration.Gameplay.Combat.CombatTargetingPullLeashTest" name="test_city_hub_zone_disables_targeting_claim_threat_damage_and_kill_credit" />
    </UnitTest>
    <UnitTest name="test_combat_fixture_package_resolves_cleric_mid_t1_design_values" storage="n:\gravenspire\tests\bin\debug\net8.0\gravenspire.combat.tests.dll" id="cf622bc6-ba9f-8306-05b4-a05cbcfe5e6f">
      <Execution id="3eec60aa-79b1-4a86-a9db-896b81b23458" />
      <TestMethod codeBase="N:\GravenSpire\tests\bin\Debug\net8.0\Gravenspire.Combat.Tests.dll" adapterTypeName="executor://nunit3testexecutor/" className="Gravenspire.Tests.Unit.Gameplay.Combat.CombatFixtureValidationTest" name="test_combat_fixture_package_resolves_cleric_mid_t1_design_values" />
    </UnitTest>
    <UnitTest name="test_passive_combat_paths_do_not_enable_attack(SpellPull)" storage="n:\gravenspire\tests\bin\debug\net8.0\gravenspire.combat.tests.dll" id="31dd81de-6124-96ae-941c-8106255da461">
      <Execution id="750b9810-a38f-40a5-b6f6-3ae6d294c684" />
      <TestMethod codeBase="N:\GravenSpire\tests\bin\Debug\net8.0\Gravenspire.Combat.Tests.dll" adapterTypeName="executor://nunit3testexecutor/" className="Gravenspire.Tests.Integration.Gameplay.Combat.CombatAttackToggleStateMachineTest" name="test_passive_combat_paths_do_not_enable_attack(SpellPull)" />
    </UnitTest>
    <UnitTest name="test_fixed_tick_melee_resolution_at_fifty_hz_is_frame_rate_independent" storage="n:\gravenspire\tests\bin\debug\net8.0\gravenspire.combat.tests.dll" id="20b6918d-1a40-3669-7480-f4692fd34d7a">
      <Execution id="90ae5b73-7636-482d-a697-03d0f5e0e61b" />
      <TestMethod codeBase="N:\GravenSpire\tests\bin\Debug\net8.0\Gravenspire.Combat.Tests.dll" adapterTypeName="executor://nunit3testexecutor/" className="Gravenspire.Tests.Integration.Gameplay.Combat.CombatMeleeTickResolutionTest" name="test_fixed_tick_melee_resolution_at_fifty_hz_is_frame_rate_independent" />
    </UnitTest>
    <UnitTest name="test_successful_sit_forces_attack_off_before_later_regen_or_threat_updates" storage="n:\gravenspire\tests\bin\debug\net8.0\gravenspire.combat.tests.dll" id="200e58b1-bdbe-12db-780e-939900502b83">
      <Execution id="160f2db2-3d32-49d5-a879-f8662696a426" />
      <TestMethod codeBase="N:\GravenSpire\tests\bin\Debug\net8.0\Gravenspire.Combat.Tests.dll" adapterTypeName="executor://nunit3testexecutor/" className="Gravenspire.Tests.Integration.Gameplay.Combat.CombatAttackToggleStateMachineTest" name="test_successful_sit_forces_attack_off_before_later_regen_or_threat_updates" />
    </UnitTest>
    <UnitTest name="test_forced_off_conditions_turn_attack_off_and_emit_hud_safe_signal(CombatExit)" storage="n:\gravenspire\tests\bin\debug\net8.0\gravenspire.combat.tests.dll" id="e4d26672-bbc8-fbed-42f5-2935da89aaad">
      <Execution id="d6dc0a72-9c7b-444c-8d54-54474e4bfa9f" />
      <TestMethod codeBase="N:\GravenSpire\tests\bin\Debug\net8.0\Gravenspire.Combat.Tests.dll" adapterTypeName="executor://nunit3testexecutor/" className="Gravenspire.Tests.Integration.Gameplay.Combat.CombatAttackToggleStateMachineTest" name="test_forced_off_conditions_turn_attack_off_and_emit_hud_safe_signal(CombatExit)" />
    </UnitTest>
    <UnitTest name="test_combat_fixture_validator_rejects_missing_required_rows" storage="n:\gravenspire\tests\bin\debug\net8.0\gravenspire.combat.tests.dll" id="48510470-e43e-af14-e67a-0936ddabfdcc">
      <Execution id="f4d40879-5f67-42bb-afe4-305e6b3e6552" />
      <TestMethod codeBase="N:\GravenSpire\tests\bin\Debug\net8.0\Gravenspire.Combat.Tests.dll" adapterTypeName="executor://nunit3testexecutor/" className="Gravenspire.Tests.Unit.Gameplay.Combat.CombatFixtureValidationTest" name="test_combat_fixture_validator_rejects_missing_required_rows" />
    </UnitTest>
    <UnitTest name="test_eligible_weapon_tick_revalidates_range_facing_los_and_alive_state(&quot;bad facing&quot;,1.5d,120.0d,False,False,FacingBlocked)" storage="n:\gravenspire\tests\bin\debug\net8.0\gravenspire.combat.tests.dll" id="3047f30d-2248-6654-3e64-02b635dc3ac6">
      <Execution id="0adabad3-cb15-4236-b7e9-d9d0c8cef16e" />
      <TestMethod codeBase="N:\GravenSpire\tests\bin\Debug\net8.0\Gravenspire.Combat.Tests.dll" adapterTypeName="executor://nunit3testexecutor/" className="Gravenspire.Tests.Integration.Gameplay.Combat.CombatMeleeTickResolutionTest" name="test_eligible_weapon_tick_revalidates_range_facing_los_and_alive_state(&quot;bad facing&quot;,1.5d,120.0d,False,False,FacingBlocked)" />
    </UnitTest>
    <UnitTest name="test_combat_actor_hydration_rejects_dead_current_health_without_death_handoff" storage="n:\gravenspire\tests\bin\debug\net8.0\gravenspire.combat.tests.dll" id="8f874cde-082c-7895-5ff6-5c9a8b22eaec">
      <Execution id="59a73d65-0795-40ce-b5ef-9f0a95c07e34" />
      <TestMethod codeBase="N:\GravenSpire\tests\bin\Debug\net8.0\Gravenspire.Combat.Tests.dll" adapterTypeName="executor://nunit3testexecutor/" className="Gravenspire.Tests.Integration.Gameplay.Combat.CombatActorHydrationTest" name="test_combat_actor_hydration_rejects_dead_current_health_without_death_handoff" />
    </UnitTest>
    <UnitTest name="test_eligible_weapon_tick_revalidates_range_facing_los_and_alive_state(&quot;same tick death&quot;,1.5d,0.0d,False,True,TargetAlreadyDead)" storage="n:\gravenspire\tests\bin\debug\net8.0\gravenspire.combat.tests.dll" id="987ab916-60fd-22f3-5057-0ccd73c9d3b6">
      <Execution id="a34b2eb8-189a-4ec4-991b-d1d3f24d9262" />
      <TestMethod codeBase="N:\GravenSpire\tests\bin\Debug\net8.0\Gravenspire.Combat.Tests.dll" adapterTypeName="executor://nunit3testexecutor/" className="Gravenspire.Tests.Integration.Gameplay.Combat.CombatMeleeTickResolutionTest" name="test_eligible_weapon_tick_revalidates_range_facing_los_and_alive_state(&quot;same tick death&quot;,1.5d,0.0d,False,True,TargetAlreadyDead)" />
    </UnitTest>
    <UnitTest name="test_forced_off_conditions_turn_attack_off_and_emit_hud_safe_signal(PlayerDeath)" storage="n:\gravenspire\tests\bin\debug\net8.0\gravenspire.combat.tests.dll" id="ca3de4af-a428-ab10-8245-726ed4f5d8d7">
      <Execution id="07aa3c5d-0655-43e0-a733-6c491457083c" />
      <TestMethod codeBase="N:\GravenSpire\tests\bin\Debug\net8.0\Gravenspire.Combat.Tests.dll" adapterTypeName="executor://nunit3testexecutor/" className="Gravenspire.Tests.Integration.Gameplay.Combat.CombatAttackToggleStateMachineTest" name="test_forced_off_conditions_turn_attack_off_and_emit_hud_safe_signal(PlayerDeath)" />
    </UnitTest>
    <UnitTest name="test_melee_hit_chance_clamps_and_honors_boundary_inputs(60,1,300,0,0.92d)" storage="n:\gravenspire\tests\bin\debug\net8.0\gravenspire.combat.tests.dll" id="2238a2b9-f43e-5a9e-eaa2-2ae1b817016c">
      <Execution id="843fe641-28aa-4854-b9c4-2c4d4e86e5c5" />
      <TestMethod codeBase="N:\GravenSpire\tests\bin\Debug\net8.0\Gravenspire.Combat.Tests.dll" adapterTypeName="executor://nunit3testexecutor/" className="Gravenspire.Tests.Unit.Gameplay.Combat.CombatMeleeFormulasTest" name="test_melee_hit_chance_clamps_and_honors_boundary_inputs(60,1,300,0,0.92d)" />
    </UnitTest>
    <UnitTest name="test_combat_fixture_package_resolves_targeting_pull_and_leash_tuning" storage="n:\gravenspire\tests\bin\debug\net8.0\gravenspire.combat.tests.dll" id="f370e923-3d1c-0b1f-475c-90253f167f9c">
      <Execution id="f3889c07-473e-4787-8fd0-692a33637984" />
      <TestMethod codeBase="N:\GravenSpire\tests\bin\Debug\net8.0\Gravenspire.Combat.Tests.dll" adapterTypeName="executor://nunit3testexecutor/" className="Gravenspire.Tests.Unit.Gameplay.Combat.CombatFixtureValidationTest" name="test_combat_fixture_package_resolves_targeting_pull_and_leash_tuning" />
    </UnitTest>
    <UnitTest name="test_out_of_range_swing_skips_damage_and_schedules_only_next_weapon_delay" storage="n:\gravenspire\tests\bin\debug\net8.0\gravenspire.combat.tests.dll" id="2b048ff7-b91b-9cc4-1df8-e1250284fefb">
      <Execution id="ab0347bd-fcf1-4ac2-8e13-dea9050f939e" />
      <TestMethod codeBase="N:\GravenSpire\tests\bin\Debug\net8.0\Gravenspire.Combat.Tests.dll" adapterTypeName="executor://nunit3testexecutor/" className="Gravenspire.Tests.Integration.Gameplay.Combat.CombatMeleeTickResolutionTest" name="test_out_of_range_swing_skips_damage_and_schedules_only_next_weapon_delay" />
    </UnitTest>
    <UnitTest name="test_passive_combat_paths_do_not_enable_attack(SocialAssist)" storage="n:\gravenspire\tests\bin\debug\net8.0\gravenspire.combat.tests.dll" id="2f23a5a2-5506-12da-46f3-d78e76fe496a">
      <Execution id="d2c26826-e18a-4f0c-93f5-2598bca2cbcd" />
      <TestMethod codeBase="N:\GravenSpire\tests\bin\Debug\net8.0\Gravenspire.Combat.Tests.dll" adapterTypeName="executor://nunit3testexecutor/" className="Gravenspire.Tests.Integration.Gameplay.Combat.CombatAttackToggleStateMachineTest" name="test_passive_combat_paths_do_not_enable_attack(SocialAssist)" />
    </UnitTest>
    <UnitTest name="test_passive_combat_paths_do_not_enable_attack(SpellCast)" storage="n:\gravenspire\tests\bin\debug\net8.0\gravenspire.combat.tests.dll" id="b41a1ac5-a9b0-0f1c-ceb9-29a7783030c4">
      <Execution id="1350f865-a948-4edf-8c7b-c38203995857" />
      <TestMethod codeBase="N:\GravenSpire\tests\bin\Debug\net8.0\Gravenspire.Combat.Tests.dll" adapterTypeName="executor://nunit3testexecutor/" className="Gravenspire.Tests.Integration.Gameplay.Combat.CombatAttackToggleStateMachineTest" name="test_passive_combat_paths_do_not_enable_attack(SpellCast)" />
    </UnitTest>
    <UnitTest name="test_toggle_on_with_no_valid_hostile_target_noops_and_leaves_attack_off" storage="n:\gravenspire\tests\bin\debug\net8.0\gravenspire.combat.tests.dll" id="a4864b1c-7b9b-d74d-db76-5dc6cabb4195">
      <Execution id="d4b0721f-cf2e-48c2-8491-5363a41c7c5b" />
      <TestMethod codeBase="N:\GravenSpire\tests\bin\Debug\net8.0\Gravenspire.Combat.Tests.dll" adapterTypeName="executor://nunit3testexecutor/" className="Gravenspire.Tests.Integration.Gameplay.Combat.CombatAttackToggleStateMachineTest" name="test_toggle_on_with_no_valid_hostile_target_noops_and_leaves_attack_off" />
    </UnitTest>
    <UnitTest name="test_haunt_zone_gate_enables_claim_targeting_and_pull" storage="n:\gravenspire\tests\bin\debug\net8.0\gravenspire.combat.tests.dll" id="741b39a7-a224-087a-4da7-d30dea041ad0">
      <Execution id="a7b88b7b-6963-4fc0-aaba-531e7463d9e4" />
      <TestMethod codeBase="N:\GravenSpire\tests\bin\Debug\net8.0\Gravenspire.Combat.Tests.dll" adapterTypeName="executor://nunit3testexecutor/" className="Gravenspire.Tests.Integration.Gameplay.Combat.CombatTargetingPullLeashTest" name="test_haunt_zone_gate_enables_claim_targeting_and_pull" />
    </UnitTest>
    <UnitTest name="test_unapproved_transition_path_cannot_change_attack_state" storage="n:\gravenspire\tests\bin\debug\net8.0\gravenspire.combat.tests.dll" id="0aaeafb3-de1a-f812-f2ac-45c18e263dad">
      <Execution id="306165d8-859f-47c6-b04d-25bd37a97d6e" />
      <TestMethod codeBase="N:\GravenSpire\tests\bin\Debug\net8.0\Gravenspire.Combat.Tests.dll" adapterTypeName="executor://nunit3testexecutor/" className="Gravenspire.Tests.Integration.Gameplay.Combat.CombatAttackToggleStateMachineTest" name="test_unapproved_transition_path_cannot_change_attack_state" />
    </UnitTest>
    <UnitTest name="test_combat_actor_hydration_rejects_missing_baseline_snapshot" storage="n:\gravenspire\tests\bin\debug\net8.0\gravenspire.combat.tests.dll" id="10713985-d7d6-30bf-3ee2-5dfc0ecc66c3">
      <Execution id="1f1f8f52-3a2f-41c0-a919-2a89bc48ab54" />
      <TestMethod codeBase="N:\GravenSpire\tests\bin\Debug\net8.0\Gravenspire.Combat.Tests.dll" adapterTypeName="executor://nunit3testexecutor/" className="Gravenspire.Tests.Integration.Gameplay.Combat.CombatActorHydrationTest" name="test_combat_actor_hydration_rejects_missing_baseline_snapshot" />
    </UnitTest>
    <UnitTest name="test_seeded_fixture_melee_damage_executes_low_and_top_extremes_inside_trash_band" storage="n:\gravenspire\tests\bin\debug\net8.0\gravenspire.combat.tests.dll" id="505a48d1-2ea7-aac4-560e-84e937c343d2">
      <Execution id="5835421f-469f-4483-8ae4-41b31d4c9ec0" />
      <TestMethod codeBase="N:\GravenSpire\tests\bin\Debug\net8.0\Gravenspire.Combat.Tests.dll" adapterTypeName="executor://nunit3testexecutor/" className="Gravenspire.Tests.Unit.Gameplay.Combat.CombatMeleeFormulasTest" name="test_seeded_fixture_melee_damage_executes_low_and_top_extremes_inside_trash_band" />
    </UnitTest>
    <UnitTest name="test_zone_transition_clears_transient_combat_state_and_blocks_incoming_zone_results" storage="n:\gravenspire\tests\bin\debug\net8.0\gravenspire.combat.tests.dll" id="0c860a0f-52ea-c4f2-d829-13733bfc3183">
      <Execution id="ad11e050-a39e-4ff9-9366-21795fb5698e" />
      <TestMethod codeBase="N:\GravenSpire\tests\bin\Debug\net8.0\Gravenspire.Combat.Tests.dll" adapterTypeName="executor://nunit3testexecutor/" className="Gravenspire.Tests.Integration.Gameplay.Combat.CombatTargetingPullLeashTest" name="test_zone_transition_clears_transient_combat_state_and_blocks_incoming_zone_results" />
    </UnitTest>
    <UnitTest name="test_path_failure_enters_leashing_after_grace_and_requests_return_to_anchor" storage="n:\gravenspire\tests\bin\debug\net8.0\gravenspire.combat.tests.dll" id="07b3e8a3-fa79-9867-6c2d-09f8c62b4af9">
      <Execution id="8436b780-46b9-4885-9133-b42e2bd7326c" />
      <TestMethod codeBase="N:\GravenSpire\tests\bin\Debug\net8.0\Gravenspire.Combat.Tests.dll" adapterTypeName="executor://nunit3testexecutor/" className="Gravenspire.Tests.Integration.Gameplay.Combat.CombatTargetingPullLeashTest" name="test_path_failure_enters_leashing_after_grace_and_requests_return_to_anchor" />
    </UnitTest>
    <UnitTest name="test_passive_combat_paths_do_not_enable_attack(TargetSelection)" storage="n:\gravenspire\tests\bin\debug\net8.0\gravenspire.combat.tests.dll" id="3db8fcda-c6b4-81b1-6f22-2b5a6cbf12d4">
      <Execution id="5775d812-9e9a-4710-a6a5-626e867d456b" />
      <TestMethod codeBase="N:\GravenSpire\tests\bin\Debug\net8.0\Gravenspire.Combat.Tests.dll" adapterTypeName="executor://nunit3testexecutor/" className="Gravenspire.Tests.Integration.Gameplay.Combat.CombatAttackToggleStateMachineTest" name="test_passive_combat_paths_do_not_enable_attack(TargetSelection)" />
    </UnitTest>
    <UnitTest name="test_melee_damage_design_example_returns_nine_damage" storage="n:\gravenspire\tests\bin\debug\net8.0\gravenspire.combat.tests.dll" id="806434a1-b6bb-8628-2e8e-893c6a0ead81">
      <Execution id="24976f01-30d4-4dc7-bd00-10bf2de2f6ca" />
      <TestMethod codeBase="N:\GravenSpire\tests\bin\Debug\net8.0\Gravenspire.Combat.Tests.dll" adapterTypeName="executor://nunit3testexecutor/" className="Gravenspire.Tests.Unit.Gameplay.Combat.CombatMeleeFormulasTest" name="test_melee_damage_design_example_returns_nine_damage" />
    </UnitTest>
    <UnitTest name="test_combat_fixture_package_declares_default_social_assist_profile" storage="n:\gravenspire\tests\bin\debug\net8.0\gravenspire.combat.tests.dll" id="6b7c1f71-5e0b-e619-c3a2-80a9a674d6f5">
      <Execution id="71ef6e12-cebc-4e0f-94d0-f5f9cb5965d0" />
      <TestMethod codeBase="N:\GravenSpire\tests\bin\Debug\net8.0\Gravenspire.Combat.Tests.dll" adapterTypeName="executor://nunit3testexecutor/" className="Gravenspire.Tests.Unit.Gameplay.Combat.CombatFixtureValidationTest" name="test_combat_fixture_package_declares_default_social_assist_profile" />
    </UnitTest>
    <UnitTest name="test_combat_clock_rejects_invalid_tick_rate" storage="n:\gravenspire\tests\bin\debug\net8.0\gravenspire.combat.tests.dll" id="90583ee3-46fc-7f9b-dfe6-31a5296a3684">
      <Execution id="0a31535e-1365-4d32-afda-1ba50bde1c92" />
      <TestMethod codeBase="N:\GravenSpire\tests\bin\Debug\net8.0\Gravenspire.Combat.Tests.dll" adapterTypeName="executor://nunit3testexecutor/" className="Gravenspire.Tests.Unit.Gameplay.Combat.CombatClockTest" name="test_combat_clock_rejects_invalid_tick_rate" />
    </UnitTest>
    <UnitTest name="test_combat_actor_state_rejects_transient_threat_table_negative_values" storage="n:\gravenspire\tests\bin\debug\net8.0\gravenspire.combat.tests.dll" id="7e83c692-4866-4e8e-1f06-6afdc03fe9f9">
      <Execution id="0d160890-09b0-48a5-a8b0-27d551876c69" />
      <TestMethod codeBase="N:\GravenSpire\tests\bin\Debug\net8.0\Gravenspire.Combat.Tests.dll" adapterTypeName="executor://nunit3testexecutor/" className="Gravenspire.Tests.Unit.Gameplay.Combat.CombatActorStateTest" name="test_combat_actor_state_rejects_transient_threat_table_negative_values" />
    </UnitTest>
    <UnitTest name="test_eligible_weapon_tick_revalidates_range_facing_los_and_alive_state(&quot;blocked sight&quot;,1.5d,0.0d,True,False,LineOfSightBlocked)" storage="n:\gravenspire\tests\bin\debug\net8.0\gravenspire.combat.tests.dll" id="2ecd3eba-6723-1021-f114-0e0dd818e4a3">
      <Execution id="6c8322f8-fbc2-459e-883a-b8cbe8c2356b" />
      <TestMethod codeBase="N:\GravenSpire\tests\bin\Debug\net8.0\Gravenspire.Combat.Tests.dll" adapterTypeName="executor://nunit3testexecutor/" className="Gravenspire.Tests.Integration.Gameplay.Combat.CombatMeleeTickResolutionTest" name="test_eligible_weapon_tick_revalidates_range_facing_los_and_alive_state(&quot;blocked sight&quot;,1.5d,0.0d,True,False,LineOfSightBlocked)" />
    </UnitTest>
  </TestDefinitions>
  <TestEntries>
    <TestEntry testId="e4d26672-bbc8-fbed-42f5-2935da89aaad" executionId="d6dc0a72-9c7b-444c-8d54-54474e4bfa9f" testListId="8c84fa94-04c1-424b-9868-57a2d4851a1d" />
    <TestEntry testId="ca3de4af-a428-ab10-8245-726ed4f5d8d7" executionId="07aa3c5d-0655-43e0-a733-6c491457083c" testListId="8c84fa94-04c1-424b-9868-57a2d4851a1d" />
    <TestEntry testId="bd7e0408-3a77-bf6f-de7e-e05f6c4b76a7" executionId="78c34b3c-e4fa-494a-b294-dbdba0a05921" testListId="8c84fa94-04c1-424b-9868-57a2d4851a1d" />
    <TestEntry testId="ea5b3a0a-b5a5-7379-64fa-6706fbddd192" executionId="cbdbddbf-6ea2-4a24-ba56-8ac3a67afa03" testListId="8c84fa94-04c1-424b-9868-57a2d4851a1d" />
    <TestEntry testId="1791f5b3-5e24-0819-55f9-1dbf5d2c44b5" executionId="a6938d92-4777-4c24-b97d-477a9ba8cc58" testListId="8c84fa94-04c1-424b-9868-57a2d4851a1d" />
    <TestEntry testId="3047f30d-2248-6654-3e64-02b635dc3ac6" executionId="0adabad3-cb15-4236-b7e9-d9d0c8cef16e" testListId="8c84fa94-04c1-424b-9868-57a2d4851a1d" />
    <TestEntry testId="505a48d1-2ea7-aac4-560e-84e937c343d2" executionId="5835421f-469f-4483-8ae4-41b31d4c9ec0" testListId="8c84fa94-04c1-424b-9868-57a2d4851a1d" />
    <TestEntry testId="07b3e8a3-fa79-9867-6c2d-09f8c62b4af9" executionId="8436b780-46b9-4885-9133-b42e2bd7326c" testListId="8c84fa94-04c1-424b-9868-57a2d4851a1d" />
    <TestEntry testId="7e83c692-4866-4e8e-1f06-6afdc03fe9f9" executionId="0d160890-09b0-48a5-a8b0-27d551876c69" testListId="8c84fa94-04c1-424b-9868-57a2d4851a1d" />
    <TestEntry testId="154d7153-cb1b-f71d-e606-63633464063a" executionId="814fe662-f562-4434-b520-e5949ed0fcbc" testListId="8c84fa94-04c1-424b-9868-57a2d4851a1d" />
    <TestEntry testId="a4864b1c-7b9b-d74d-db76-5dc6cabb4195" executionId="d4b0721f-cf2e-48c2-8491-5363a41c7c5b" testListId="8c84fa94-04c1-424b-9868-57a2d4851a1d" />
    <TestEntry testId="0ade053e-d8d5-65c4-7361-eb338196a9dc" executionId="5cbd928b-d547-4094-b769-d48fe29fa315" testListId="8c84fa94-04c1-424b-9868-57a2d4851a1d" />
    <TestEntry testId="2f23a5a2-5506-12da-46f3-d78e76fe496a" executionId="d2c26826-e18a-4f0c-93f5-2598bca2cbcd" testListId="8c84fa94-04c1-424b-9868-57a2d4851a1d" />
    <TestEntry testId="31dd81de-6124-96ae-941c-8106255da461" executionId="750b9810-a38f-40a5-b6f6-3ae6d294c684" testListId="8c84fa94-04c1-424b-9868-57a2d4851a1d" />
    <TestEntry testId="de8ee3a3-9174-40d5-2212-68f9a477a22a" executionId="a6795a40-0d1f-4ffb-856b-aae62c7c45bf" testListId="8c84fa94-04c1-424b-9868-57a2d4851a1d" />
    <TestEntry testId="8f874cde-082c-7895-5ff6-5c9a8b22eaec" executionId="59a73d65-0795-40ce-b5ef-9f0a95c07e34" testListId="8c84fa94-04c1-424b-9868-57a2d4851a1d" />
    <TestEntry testId="6b7c1f71-5e0b-e619-c3a2-80a9a674d6f5" executionId="71ef6e12-cebc-4e0f-94d0-f5f9cb5965d0" testListId="8c84fa94-04c1-424b-9868-57a2d4851a1d" />
    <TestEntry testId="2110dbca-f3ef-dc2c-8c82-2d0dd5997da9" executionId="aedce7b4-42c0-41e5-b662-c0cce35e4d8f" testListId="8c84fa94-04c1-424b-9868-57a2d4851a1d" />
    <TestEntry testId="f0d5177a-e97c-d50d-f458-8f7bac4f52bc" executionId="de97a71d-4c26-4ff1-99ff-7f7114bbba61" testListId="8c84fa94-04c1-424b-9868-57a2d4851a1d" />
    <TestEntry testId="b41a1ac5-a9b0-0f1c-ceb9-29a7783030c4" executionId="1350f865-a948-4edf-8c7b-c38203995857" testListId="8c84fa94-04c1-424b-9868-57a2d4851a1d" />
    <TestEntry testId="48510470-e43e-af14-e67a-0936ddabfdcc" executionId="f4d40879-5f67-42bb-afe4-305e6b3e6552" testListId="8c84fa94-04c1-424b-9868-57a2d4851a1d" />
    <TestEntry testId="53728362-84cd-7548-bf24-25b503edc85b" executionId="f864eb30-2756-4b7a-a6c7-8363d1104cf2" testListId="8c84fa94-04c1-424b-9868-57a2d4851a1d" />
    <TestEntry testId="6b443170-429b-457b-6f92-d34edf1c5007" executionId="a67a35ec-5451-4fe4-aaf3-0900f9e22701" testListId="8c84fa94-04c1-424b-9868-57a2d4851a1d" />
    <TestEntry testId="43c755cb-28bd-db4d-1012-f36a8b40cc25" executionId="b904fac9-21db-42ba-a3a8-7a2b6a5e027b" testListId="8c84fa94-04c1-424b-9868-57a2d4851a1d" />
    <TestEntry testId="741b39a7-a224-087a-4da7-d30dea041ad0" executionId="a7b88b7b-6963-4fc0-aaba-531e7463d9e4" testListId="8c84fa94-04c1-424b-9868-57a2d4851a1d" />
    <TestEntry testId="082fc771-2a89-ef50-1099-951b6be4dfd9" executionId="cd5c6c30-d120-4b32-9f3d-c36fa16c033b" testListId="8c84fa94-04c1-424b-9868-57a2d4851a1d" />
    <TestEntry testId="0aaeafb3-de1a-f812-f2ac-45c18e263dad" executionId="306165d8-859f-47c6-b04d-25bd37a97d6e" testListId="8c84fa94-04c1-424b-9868-57a2d4851a1d" />
    <TestEntry testId="f370e923-3d1c-0b1f-475c-90253f167f9c" executionId="f3889c07-473e-4787-8fd0-692a33637984" testListId="8c84fa94-04c1-424b-9868-57a2d4851a1d" />
    <TestEntry testId="0609f7c7-6951-db49-ce69-ea2ba5bad7c0" executionId="5992caba-fb44-4d8b-b1b1-3f4ad83fc8c6" testListId="8c84fa94-04c1-424b-9868-57a2d4851a1d" />
    <TestEntry testId="8cb1d39d-b99a-87af-34ee-20bd0cf34e93" executionId="9d0d5b61-c3f4-4c15-bd44-51a5be2ac855" testListId="8c84fa94-04c1-424b-9868-57a2d4851a1d" />
    <TestEntry testId="0c860a0f-52ea-c4f2-d829-13733bfc3183" executionId="ad11e050-a39e-4ff9-9366-21795fb5698e" testListId="8c84fa94-04c1-424b-9868-57a2d4851a1d" />
    <TestEntry testId="20b6918d-1a40-3669-7480-f4692fd34d7a" executionId="90ae5b73-7636-482d-a697-03d0f5e0e61b" testListId="8c84fa94-04c1-424b-9868-57a2d4851a1d" />
    <TestEntry testId="90583ee3-46fc-7f9b-dfe6-31a5296a3684" executionId="0a31535e-1365-4d32-afda-1ba50bde1c92" testListId="8c84fa94-04c1-424b-9868-57a2d4851a1d" />
    <TestEntry testId="a98270b6-3be0-ac77-57fe-95b162720f3c" executionId="8bf990f5-1310-4bd1-9cdb-86d43cf31816" testListId="8c84fa94-04c1-424b-9868-57a2d4851a1d" />
    <TestEntry testId="dbb1fc28-d235-c7de-149d-f3820c8f4616" executionId="051eb63e-8951-463a-b2c1-9bf49fb44ca0" testListId="8c84fa94-04c1-424b-9868-57a2d4851a1d" />
    <TestEntry testId="3db8fcda-c6b4-81b1-6f22-2b5a6cbf12d4" executionId="5775d812-9e9a-4710-a6a5-626e867d456b" testListId="8c84fa94-04c1-424b-9868-57a2d4851a1d" />
    <TestEntry testId="10713985-d7d6-30bf-3ee2-5dfc0ecc66c3" executionId="1f1f8f52-3a2f-41c0-a919-2a89bc48ab54" testListId="8c84fa94-04c1-424b-9868-57a2d4851a1d" />
    <TestEntry testId="fd812598-b183-a49b-9046-c8aa53abc929" executionId="34694d0c-9039-477a-8e9f-30644b7cd5d2" testListId="8c84fa94-04c1-424b-9868-57a2d4851a1d" />
    <TestEntry testId="06c39495-a345-6c2f-adc5-af2e65ea0594" executionId="f965590b-c995-4188-b0fc-a311854a6782" testListId="8c84fa94-04c1-424b-9868-57a2d4851a1d" />
    <TestEntry testId="a3feacce-9d27-6f92-1f81-e196edaf7e5f" executionId="b4eea11e-4bf7-4401-a214-511e1556d900" testListId="8c84fa94-04c1-424b-9868-57a2d4851a1d" />
    <TestEntry testId="b64c07bb-9ea0-1dcd-fadf-25c58268b306" executionId="121c8a21-8823-45ea-9589-6d8bb7e29ee8" testListId="8c84fa94-04c1-424b-9868-57a2d4851a1d" />
    <TestEntry testId="aaa2f95e-c9c2-de15-c24c-cee51fd7d071" executionId="b1cb4bbf-cef6-4f62-a713-a5f2b6ee4cbf" testListId="8c84fa94-04c1-424b-9868-57a2d4851a1d" />
    <TestEntry testId="4481cff0-06ae-923c-2804-497c4a1ca7a7" executionId="c60699fb-df4f-4b5a-bb0a-356d9afda940" testListId="8c84fa94-04c1-424b-9868-57a2d4851a1d" />
    <TestEntry testId="38742b76-5145-41c4-946f-5a2aa209a875" executionId="3381a181-1762-4119-9eb9-a18e2f9ffe5d" testListId="8c84fa94-04c1-424b-9868-57a2d4851a1d" />
    <TestEntry testId="0fd97fbd-f6f7-6b36-7e79-decbebde8209" executionId="55859f94-038a-4238-8723-755965272a8a" testListId="8c84fa94-04c1-424b-9868-57a2d4851a1d" />
    <TestEntry testId="cf622bc6-ba9f-8306-05b4-a05cbcfe5e6f" executionId="3eec60aa-79b1-4a86-a9db-896b81b23458" testListId="8c84fa94-04c1-424b-9868-57a2d4851a1d" />
    <TestEntry testId="09b07e53-993b-b255-9c37-85cc605e7693" executionId="60c3ec52-ab59-42c8-98d8-ce89ba58d296" testListId="8c84fa94-04c1-424b-9868-57a2d4851a1d" />
    <TestEntry testId="200e58b1-bdbe-12db-780e-939900502b83" executionId="160f2db2-3d32-49d5-a879-f8662696a426" testListId="8c84fa94-04c1-424b-9868-57a2d4851a1d" />
    <TestEntry testId="5bd22301-7b0d-ecad-8ea1-05a08f0c361a" executionId="fec6cb9d-cc24-478d-97b7-4fcb494ffd19" testListId="8c84fa94-04c1-424b-9868-57a2d4851a1d" />
    <TestEntry testId="0ec27a4d-7366-16e3-5f56-78d5b8174932" executionId="a737f0f7-6c3a-4625-9596-eab5ae621a0e" testListId="8c84fa94-04c1-424b-9868-57a2d4851a1d" />
    <TestEntry testId="806434a1-b6bb-8628-2e8e-893c6a0ead81" executionId="24976f01-30d4-4dc7-bd00-10bf2de2f6ca" testListId="8c84fa94-04c1-424b-9868-57a2d4851a1d" />
    <TestEntry testId="2ecd3eba-6723-1021-f114-0e0dd818e4a3" executionId="6c8322f8-fbc2-459e-883a-b8cbe8c2356b" testListId="8c84fa94-04c1-424b-9868-57a2d4851a1d" />
    <TestEntry testId="987ab916-60fd-22f3-5057-0ccd73c9d3b6" executionId="a34b2eb8-189a-4ec4-991b-d1d3f24d9262" testListId="8c84fa94-04c1-424b-9868-57a2d4851a1d" />
    <TestEntry testId="2238a2b9-f43e-5a9e-eaa2-2ae1b817016c" executionId="843fe641-28aa-4854-b9c4-2c4d4e86e5c5" testListId="8c84fa94-04c1-424b-9868-57a2d4851a1d" />
    <TestEntry testId="2b048ff7-b91b-9cc4-1df8-e1250284fefb" executionId="ab0347bd-fcf1-4ac2-8e13-dea9050f939e" testListId="8c84fa94-04c1-424b-9868-57a2d4851a1d" />
    <TestEntry testId="e1016321-1c99-22e2-cd49-121aeafc90a6" executionId="91aa6174-5251-4c8a-8d52-097a86c6872c" testListId="8c84fa94-04c1-424b-9868-57a2d4851a1d" />
    <TestEntry testId="bb8dc6f4-1ae0-aced-345b-a1c6887f9fd7" executionId="ceeb39aa-011f-4b4c-9eb7-52974f87bb71" testListId="8c84fa94-04c1-424b-9868-57a2d4851a1d" />
    <TestEntry testId="266bd731-d588-a80c-eacd-29ab739a2cd1" executionId="ebea274c-a770-40b1-a82a-a1c9c10464b7" testListId="8c84fa94-04c1-424b-9868-57a2d4851a1d" />
    <TestEntry testId="02be22a0-308b-09b3-7484-6037402feef7" executionId="a70d6de6-6196-4e98-b98b-52de9acc5c73" testListId="8c84fa94-04c1-424b-9868-57a2d4851a1d" />
  </TestEntries>
  <TestLists>
    <TestList name="Results Not in a List" id="8c84fa94-04c1-424b-9868-57a2d4851a1d" />
    <TestList name="All Loaded Results" id="19431567-8539-422a-85d7-44ee4e166bda" />
  </TestLists>
  <ResultSummary outcome="Completed">
    <Counters total="59" executed="59" passed="59" failed="0" error="0" timeout="0" aborted="0" inconclusive="0" passedButRunAborted="0" notRunnable="0" notExecuted="0" disconnected="0" warning="0" completed="0" inProgress="0" pending="0" />
    <Output>
      <StdOut>NUnit Adapter 4.6.0.0: Test execution started&#xD;
Running all tests in N:\GravenSpire\tests\bin\Debug\net8.0\Gravenspire.Combat.Tests.dll&#xD;
   NUnit3TestExecutor discovered 59 of 59 NUnit test cases using Current Discovery mode, Non-Explicit run&#xD;
NUnit Adapter 4.6.0.0: Test execution complete&#xD;
</StdOut>
    </Output>
  </ResultSummary>
</TestRun>